Product: MDK-ARM Lite 5.10
Component: ARM Compiler 5.04 update 1 (build 49)
Tool: armlink [5040049]

==============================================================================

Section Cross References

    main.o(.text) refers to _scanf_str.o(.text) for _scanf_string
    main.o(.text) refers to printfa.o(i.__0printf) for __2printf
    main.o(.text) refers to __0scanf.o(.text) for __0scanf
    main.o(.text) refers to eeprom.o(.text) for eeprom_byte_write
    main.o(.text) refers to dadd.o(.text) for __aeabi_dadd
    main.o(.text) refers to dmul.o(.text) for __aeabi_dmul
    main.o(.text) refers to dfixui.o(.text) for __aeabi_d2uiz
    main.o(.text) refers to cdrcmple.o(.text) for __aeabi_cdrcmple
    main.o(.text) refers to boardutil.o(.text) for ledSendData
    main.o(.text) refers to cdcmple.o(.text) for __aeabi_cdcmple
    main.o(.text) refers to main.o(.data) for ps2_Buf
    main.o(.text) refers to main.o(.bss) for person1
    main.o(.text) refers to draw.o(.text) for drawMenu
    main.o(.text) refers to wireless.o(.text) for wireless_get_32
    main.o(.text) refers to interrupts.o(.data) for ALERT_WIRELESS
    main.o(.text) refers to dfltui.o(.text) for __aeabi_ui2d
    main.o(.text) refers to adc.o(.text) for getADCValue
    main.o(.text) refers to wireless.o(.data) for wirelessPacketsSent
    main.o(.text) refers to main.o(.constdata) for pokeHP
    main.o(.text) refers to lcd.o(.text) for lcd_clear
    main.o(.text) refers to printfa.o(i.__0sprintf) for __2sprintf
    main.o(.text) refers to timers.o(.text) for hw3_timer2_init
    interrupts.o(.text) refers to pc_buffer.o(.text) for pc_buffer_add
    interrupts.o(.text) refers to interrupts.o(.data) for ALERT_DEBOUNCE
    interrupts.o(.text) refers to boardutil.o(.bss) for UART0_Rx_Buffer
    boardutil.o(.text) refers to gpio_port.o(.text) for gpio_enable_port
    boardutil.o(.text) refers to i2c.o(.text) for initializeI2CMaster
    boardutil.o(.text) refers to uart_irqs.o(.text) for initialize_uart
    boardutil.o(.text) refers to eeprom.o(.text) for eeprom_byte_read
    boardutil.o(.text) refers to strlen.o(.text) for strlen
    boardutil.o(.text) refers to printfa.o(i.__0printf) for __2printf
    boardutil.o(.text) refers to adc.o(.text) for hw3_adc_init
    boardutil.o(.text) refers to timers.o(.text) for hw3_timer0_init
    boardutil.o(.text) refers to lcd.o(.text) for lcd_pins_init
    boardutil.o(.text) refers to wireless.o(.text) for wireless_initialize
    boardutil.o(.text) refers to main.o(.data) for team
    boardutil.o(.text) refers to main.o(.bss) for person1
    boardutil.o(.text) refers to boardutil.o(.data) for remoteID
    draw.o(.text) refers to lcd.o(.text) for lcd_clear
    draw.o(.text) refers to printfa.o(i.__0sprintf) for __2sprintf
    draw.o(.text) refers to fonts.o(.constdata) for motionW
    draw.o(.text) refers to img.o(.constdata) for eggWidthPixels
    timers.o(.text) refers to printfa.o(i.__0printf) for __2printf
    eeprom.o(.text) refers to i2c.o(.text) for i2cVerifyBaseAddr
    eeprom.o(.text) refers to printfa.o(i.__0printf) for __2printf
    eeprom.o(.text) refers to rand.o(.text) for rand
    lcd.o(.text) refers to spi.o(.text) for spiTx
    lcd.o(.text) refers to gpio_port.o(.text) for gpio_enable_port
    lcd.o(.text) refers to fonts.o(.constdata) for courierNew_10ptBitmaps
    pc_buffer.o(.text) refers to malloc.o(i.malloc) for malloc
    uart_irqs.o(.text) refers to pc_buffer.o(.text) for pc_buffer_init
    uart_irqs.o(.text) refers to boardutil.o(.text) for DisableInterrupts
    uart_irqs.o(.text) refers to errno.o(i.__aeabi_errno_addr) for __aeabi_errno_addr
    uart_irqs.o(.text) refers to boardutil.o(.bss) for UART0_Tx_Buffer
    uart_irqs.o(.text) refers to stdout.o(.data) for __stdout
    uart_irqs.o(.text) refers to stdin.o(.data) for __stdin
    wireless.o(.text) refers to spi.o(.text) for spiTx
    wireless.o(.text) refers to wireless.o(.data) for wirelessPacketsSent
    wireless.o(.text) refers to gpio_port.o(.text) for gpio_enable_port
    wireless.o(.text) refers to printfa.o(i.__0printf) for __2printf
    startup_tm4c123.o(RESET) refers to startup_tm4c123.o(STACK) for __initial_sp
    startup_tm4c123.o(RESET) refers to startup_tm4c123.o(.text) for Reset_Handler
    startup_tm4c123.o(RESET) refers to interrupts.o(.text) for SysTick_Handler
    startup_tm4c123.o(.text) refers to system_tm4c123.o(.text) for SystemInit
    startup_tm4c123.o(.text) refers to entry.o(.ARM.Collect$$$$00000000) for __main
    system_tm4c123.o(.text) refers to system_tm4c123.o(.data) for SystemCoreClock
    entry.o(.ARM.Collect$$$$00000000) refers (Special) to entry10a.o(.ARM.Collect$$$$0000000D) for __rt_final_cpp
    entry.o(.ARM.Collect$$$$00000000) refers (Special) to entry11a.o(.ARM.Collect$$$$0000000F) for __rt_final_exit
    entry.o(.ARM.Collect$$$$00000000) refers (Special) to entry7b.o(.ARM.Collect$$$$00000008) for _main_clock
[...]
    printf8.o(i.__0printf$8) refers to uart_irqs.o(.text) for fputc
    printf8.o(i.__0printf$8) refers to stdout.o(.data) for __stdout
    printf8.o(i.__0snprintf$8) refers to printf8.o(i._printf_core) for _printf_core
    printf8.o(i.__0snprintf$8) refers to printf8.o(i._snputc) for _snputc
    printf8.o(i.__0sprintf$8) refers to printf8.o(i._printf_core) for _printf_core
    printf8.o(i.__0sprintf$8) refers to printf8.o(i._sputc) for _sputc
    printf8.o(i.__0vfprintf$8) refers to printf8.o(i._printf_core) for _printf_core
    printf8.o(i.__0vfprintf$8) refers to uart_irqs.o(.text) for fputc
    printf8.o(i.__0vprintf$8) refers to printf8.o(i._printf_core) for _printf_core
    printf8.o(i.__0vprintf$8) refers to uart_irqs.o(.text) for fputc
    printf8.o(i.__0vprintf$8) refers to stdout.o(.data) for __stdout
    printf8.o(i.__0vsnprintf$8) refers to printf8.o(i._printf_core) for _printf_core
    printf8.o(i.__0vsnprintf$8) refers to printf8.o(i._snputc) for _snputc
    printf8.o(i.__0vsprintf$8) refers to printf8.o(i._printf_core) for _printf_core
    printf8.o(i.__0vsprintf$8) refers to printf8.o(i._sputc) for _sputc
    printf8.o(i._printf_core) refers to printf8.o(i._printf_pre_padding) for _printf_pre_padding
    printf8.o(i._printf_core) refers to uldiv.o(.text) for __aeabi_uldivmod
    printf8.o(i._printf_core) refers to printf8.o(i._printf_post_padding) for _printf_post_padding
    printfa.o(i.__0fprintf) refers (Special) to iusefp.o(.text) for __I$use$fp
    printfa.o(i.__0fprintf) refers to printfa.o(i._printf_core) for _printf_core
    printfa.o(i.__0fprintf) refers to uart_irqs.o(.text) for fputc
    printfa.o(i.__0printf) refers (Special) to iusefp.o(.text) for __I$use$fp
    printfa.o(i.__0printf) refers to printfa.o(i._printf_core) for _printf_core
    printfa.o(i.__0printf) refers to uart_irqs.o(.text) for fputc
    printfa.o(i.__0printf) refers to stdout.o(.data) for __stdout
    printfa.o(i.__0snprintf) refers (Special) to iusefp.o(.text) for __I$use$fp
    printfa.o(i.__0snprintf) refers to printfa.o(i._printf_core) for _printf_core
    printfa.o(i.__0snprintf) refers to printfa.o(i._snputc) for _snputc
    printfa.o(i.__0sprintf) refers (Special) to iusefp.o(.text) for __I$use$fp
    printfa.o(i.__0sprintf) refers to printfa.o(i._printf_core) for _printf_core
    printfa.o(i.__0sprintf) refers to printfa.o(i._sputc) for _sputc
    printfa.o(i.__0vfprintf) refers (Special) to iusefp.o(.text) for __I$use$fp
    printfa.o(i.__0vfprintf) refers to printfa.o(i._printf_core) for _printf_core
    printfa.o(i.__0vfprintf) refers to uart_irqs.o(.text) for fputc
    printfa.o(i.__0vprintf) refers (Special) to iusefp.o(.text) for __I$use$fp
    printfa.o(i.__0vprintf) refers to printfa.o(i._printf_core) for _printf_core
    printfa.o(i.__0vprintf) refers to uart_irqs.o(.text) for fputc
    printfa.o(i.__0vprintf) refers to stdout.o(.data) for __stdout
    printfa.o(i.__0vsnprintf) refers (Special) to iusefp.o(.text) for __I$use$fp
    printfa.o(i.__0vsnprintf) refers to printfa.o(i._printf_core) for _printf_core
    printfa.o(i.__0vsnprintf) refers to printfa.o(i._snputc) for _snputc
    printfa.o(i.__0vsprintf) refers (Special) to iusefp.o(.text) for __I$use$fp
    printfa.o(i.__0vsprintf) refers to printfa.o(i._printf_core) for _printf_core
    printfa.o(i.__0vsprintf) refers to printfa.o(i._sputc) for _sputc
    printfa.o(i._fp_digits) refers (Special) to iusefp.o(.text) for __I$use$fp
    printfa.o(i._fp_digits) refers to dmul.o(.text) for __aeabi_dmul
    printfa.o(i._fp_digits) refers to ddiv.o(.text) for __aeabi_ddiv
    printfa.o(i._fp_digits) refers to cdrcmple.o(.text) for __aeabi_cdrcmple
    printfa.o(i._fp_digits) refers to dadd.o(.text) for __aeabi_dadd
    printfa.o(i._fp_digits) refers to dfixul.o(.text) for __aeabi_d2ulz
    printfa.o(i._fp_digits) refers to uldiv.o(.text) for __aeabi_uldivmod
    printfa.o(i._printf_core) refers (Special) to iusefp.o(.text) for __I$use$fp
    printfa.o(i._printf_core) refers to printfa.o(i._printf_pre_padding) for _printf_pre_padding
    printfa.o(i._printf_core) refers to uldiv.o(.text) for __aeabi_uldivmod
    printfa.o(i._printf_core) refers to printfa.o(i._printf_post_padding) for _printf_post_padding
    printfa.o(i._printf_core) refers to printfa.o(i._fp_digits) for _fp_digits
    printfa.o(i._printf_core) refers to uidiv.o(.text) for __aeabi_uidivmod
    printfa.o(i._printf_post_padding) refers (Special) to iusefp.o(.text) for __I$use$fp
    printfa.o(i._printf_pre_padding) refers (Special) to iusefp.o(.text) for __I$use$fp
    printfa.o(i._snputc) refers (Special) to iusefp.o(.text) for __I$use$fp
    printfa.o(i._sputc) refers (Special) to iusefp.o(.text) for __I$use$fp
    malloc.o(i.free) refers to mvars.o(.data) for __microlib_freelist
    malloc.o(i.malloc) refers to mvars.o(.data) for __microlib_freelist_initialised
    malloc.o(i.malloc) refers to mvars.o(.data) for __microlib_freelist
    malloc.o(i.malloc) refers to startup_tm4c123.o(HEAP) for __heap_base
    mallocr.o(i.__free$realloc) refers to mvars.o(.data) for __microlib_freelist
    mallocr.o(i.__malloc$realloc) refers to mallocr.o(i.internal_alloc) for internal_alloc
    mallocr.o(i.__malloc$realloc) refers to mvars.o(.data) for __microlib_freelist_initialised
    mallocr.o(i.__malloc$realloc) refers to startup_tm4c123.o(HEAP) for __heap_base
    mallocr.o(i.__malloc$realloc) refers to mvars.o(.data) for __microlib_freelist
    mallocr.o(i.internal_alloc) refers to memcpya.o(.text) for __aeabi_memcpy
    mallocr.o(i.internal_alloc) refers to mvars.o(.data) for __microlib_freelist
    mallocr.o(i.realloc) refers to mallocr.o(i.__free$realloc) for __free$realloc
    mallocr.o(i.realloc) refers to mallocr.o(i.internal_alloc) for internal_alloc
    mallocr.o(i.realloc) refers to mallocr.o(i.__malloc$realloc) for __malloc$realloc
    mallocr.o(i.realloc) refers to mvars.o(.data) for __microlib_freelist
    malloca.o(i.__aligned_malloc) refers to mvars.o(.data) for __microlib_freelist_initialised
    malloca.o(i.__aligned_malloc) refers to mvars.o(.data) for __microlib_freelist
    malloca.o(i.__aligned_malloc) refers to startup_tm4c123.o(HEAP) for __heap_base
    malloca.o(i.__free$memalign) refers to mvars.o(.data) for __microlib_freelist
    malloca.o(i.__malloc$memalign) refers to malloca.o(i.__aligned_malloc) for __aligned_malloc
    mallocra.o(i.__aligned_malloc$realloc) refers to mallocra.o(i.internal_alloc) for internal_alloc
    mallocra.o(i.__aligned_malloc$realloc) refers to mvars.o(.data) for __microlib_freelist_initialised
    mallocra.o(i.__aligned_malloc$realloc) refers to startup_tm4c123.o(HEAP) for __heap_base
    mallocra.o(i.__aligned_malloc$realloc) refers to mvars.o(.data) for __microlib_freelist
    mallocra.o(i.__free$realloc$memalign) refers to mvars.o(.data) for __microlib_freelist
    mallocra.o(i.__malloc$realloc$memalign) refers to mallocra.o(i.__aligned_malloc$realloc) for __aligned_malloc$realloc
    mallocra.o(i.__realloc$memalign) refers to mallocra.o(i.__free$realloc$memalign) for __free$realloc$memalign
    mallocra.o(i.__realloc$memalign) refers to mallocra.o(i.internal_alloc) for internal_alloc
    mallocra.o(i.__realloc$memalign) refers to mallocra.o(i.__malloc$realloc$memalign) for __malloc$realloc$memalign
    mallocra.o(i.__realloc$memalign) refers to mvars.o(.data) for __microlib_freelist
    mallocra.o(i.internal_alloc) refers to memcpya.o(.text) for __aeabi_memcpy
    mallocra.o(i.internal_alloc) refers to mvars.o(.data) for __microlib_freelist
    errno.o(i.__aeabi_errno_addr) refers to errno.o(.data) for .data
    errno.o(i.__read_errno) refers to errno.o(.data) for .data
    errno.o(i.__set_errno) refers to errno.o(.data) for .data
    __0scanf.o(.text) refers to scanf_char_file.o(.text) for __vfscanf_char_file
    __0scanf.o(.text) refers to stdin.o(.data) for __stdin
    dadd.o(.text) refers (Special) to iusefp.o(.text) for __I$use$fp
    dadd.o(.text) refers to llshl.o(.text) for __aeabi_llsl
    dadd.o(.text) refers to llsshr.o(.text) for __aeabi_lasr
    dadd.o(.text) refers to depilogue.o(.text) for _double_epilogue
    dmul.o(.text) refers (Special) to iusefp.o(.text) for __I$use$fp
    dmul.o(.text) refers to depilogue.o(.text) for _double_epilogue
    dfltui.o(.text) refers (Special) to iusefp.o(.text) for __I$use$fp
    dfltui.o(.text) refers to depilogue.o(.text) for _double_epilogue
    dfixui.o(.text) refers (Special) to iusefp.o(.text) for __I$use$fp
    dfixui.o(.text) refers to llushr.o(.text) for __aeabi_llsr
    cdcmple.o(.text) refers (Special) to iusefp.o(.text) for __I$use$fp
    cdrcmple.o(.text) refers (Special) to iusefp.o(.text) for __I$use$fp
    entry2.o(.ARM.Collect$$$$00000001) refers to entry2.o(.ARM.Collect$$$$00002712) for __lit__00000000
    entry2.o(.ARM.Collect$$$$00002712) refers to startup_tm4c123.o(STACK) for __initial_sp
    entry2.o(__vectab_stack_and_reset_area) refers to startup_tm4c123.o(STACK) for __initial_sp
    entry2.o(__vectab_stack_and_reset_area) refers to entry.o(.ARM.Collect$$$$00000000) for __main
    entry5.o(.ARM.Collect$$$$00000004) refers to init.o(.text) for __scatterload
    entry9a.o(.ARM.Collect$$$$0000000B) refers to main.o(.text) for main
    entry9b.o(.ARM.Collect$$$$0000000C) refers to main.o(.text) for main
    uldiv.o(.text) refers to llushr.o(.text) for __aeabi_llsr
    uldiv.o(.text) refers to llshl.o(.text) for __aeabi_llsl
    scanf_char_file.o(.text) refers to scanf_char.o(.text) for __vfscanf_char
    scanf_char_file.o(.text) refers to uart_irqs.o(.text) for fgetc
    scanf_char_file.o(.text) refers to fgetc_b.o(.text) for __backspace
    depilogue.o(.text) refers to llshl.o(.text) for __aeabi_llsl
    depilogue.o(.text) refers to llushr.o(.text) for __aeabi_llsr
    ddiv.o(.text) refers to depilogue.o(.text) for _double_round
    dfixul.o(.text) refers to llushr.o(.text) for __aeabi_llsr
    dfixul.o(.text) refers to llshl.o(.text) for __aeabi_llsl
    init.o(.text) refers to entry5.o(.ARM.Collect$$$$00000004) for __main_after_scatterload
    fgetc_b.o(.text) refers (Special) to iusesemig.o(.text) for __I$use$semihosting$fgetc
    fgetc_b.o(.text) refers (Special) to semi.o(.text) for __semihosting_library_function
    fgetc_b.o(.text) refers to fgetc_b.o(.data) for .data
    fgetc_b.o(.data) refers (Special) to iusesemig.o(.text) for __I$use$semihosting$fgetc
    fgetc_b.o(.data) refers (Special) to semi.o(.text) for __semihosting_library_function
    scanf_char.o(.text) refers to _scanf.o(.text) for __vfscanf
    scanf_char.o(.text) refers to isspace_c.o(.text) for isspace
    isspace_c.o(.text) refers to ctype_c.o(.text) for __ctype_lookup
    _scanf.o(.text) refers (Weak) to _scanf_str.o(.text) for _scanf_string
    ctype_c.o(.text) refers to ctype_c.o(.constdata) for .constdata


==============================================================================

Removing Unused input sections from the image.

    Removing main.o(.rev16_text), (4 bytes).
    Removing main.o(.revsh_text), (4 bytes).
    Removing interrupts.o(.rev16_text), (4 bytes).
    Removing interrupts.o(.revsh_text), (4 bytes).
    Removing boardutil.o(.rev16_text), (4 bytes).
    Removing boardutil.o(.revsh_text), (4 bytes).
    Removing draw.o(.rev16_text), (4 bytes).
    Removing draw.o(.revsh_text), (4 bytes).
    Removing adc.o(.rev16_text), (4 bytes).
    Removing adc.o(.revsh_text), (4 bytes).
    Removing gpio_port.o(.rev16_text), (4 bytes).
    Removing gpio_port.o(.revsh_text), (4 bytes).
    Removing timers.o(.rev16_text), (4 bytes).
    Removing timers.o(.revsh_text), (4 bytes).
    Removing eeprom.o(.rev16_text), (4 bytes).
    Removing eeprom.o(.revsh_text), (4 bytes).
    Removing i2c.o(.rev16_text), (4 bytes).
    Removing i2c.o(.revsh_text), (4 bytes).
    Removing lcd.o(.rev16_text), (4 bytes).
    Removing lcd.o(.revsh_text), (4 bytes).
    Removing lcd.o(.constdata), (392 bytes).
    Removing spi.o(.rev16_text), (4 bytes).
    Removing spi.o(.revsh_text), (4 bytes).
    Removing uart.o(.rev16_text), (4 bytes).
    Removing uart.o(.revsh_text), (4 bytes).
    Removing uart.o(.text), (360 bytes).
    Removing uart_irqs.o(.rev16_text), (4 bytes).
    Removing uart_irqs.o(.revsh_text), (4 bytes).
    Removing wireless.o(.rev16_text), (4 bytes).
    Removing wireless.o(.revsh_text), (4 bytes).
    Removing system_tm4c123.o(.rev16_text), (4 bytes).
    Removing system_tm4c123.o(.revsh_text), (4 bytes).

32 unused section(s) (total 872 bytes) removed from the image.

==============================================================================

Image Symbol Table

    Local Symbols

    Symbol Name                              Value     Ov Type        Size  Object(Section)

    RESET                                    0x00000000   Section      620  startup_tm4c123.o(RESET)
    ../clib/microlib/ctype/ctype.c           0x00000000   Number         0  ctype_c.o ABSOLUTE
    ../clib/microlib/ctype/ctype.c           0x00000000   Number         0  isspace_c.o ABSOLUTE
    ../clib/microlib/division.c              0x00000000   Number         0  uldiv.o ABSOLUTE
    ../clib/microlib/division.c              0x00000000   Number         0  uidiv.o ABSOLUTE
    ../clib/microlib/errno.c                 0x00000000   Number         0  errno.o ABSOLUTE
    ../clib/microlib/init/entry.s            0x00000000   Number         0  entry2.o ABSOLUTE
    ../clib/microlib/init/entry.s            0x00000000   Number         0  entry9a.o ABSOLUTE
    ../clib/microlib/init/entry.s            0x00000000   Number         0  entry9b.o ABSOLUTE
    ../clib/microlib/init/entry.s            0x00000000   Number         0  entry11a.o ABSOLUTE
    ../clib/microlib/init/entry.s            0x00000000   Number         0  entry5.o ABSOLUTE
    ../clib/microlib/init/entry.s            0x00000000   Number         0  entry7a.o ABSOLUTE
    ../clib/microlib/init/entry.s            0x00000000   Number         0  entry10a.o ABSOLUTE
    ../clib/microlib/init/entry.s            0x00000000   Number         0  entry10b.o ABSOLUTE
    ../clib/microlib/init/entry.s            0x00000000   Number         0  entry7b.o ABSOLUTE
    ../clib/microlib/init/entry.s            0x00000000   Number         0  entry8a.o ABSOLUTE
    ../clib/microlib/init/entry.s            0x00000000   Number         0  entry8b.o ABSOLUTE
    ../clib/microlib/init/entry.s            0x00000000   Number         0  entry11b.o ABSOLUTE
    ../clib/microlib/init/entry.s            0x00000000   Number         0  entry.o ABSOLUTE
    ../clib/microlib/longlong.c              0x00000000   Number         0  llsshr.o ABSOLUTE
    ../clib/microlib/longlong.c              0x00000000   Number         0  llushr.o ABSOLUTE
    ../clib/microlib/longlong.c              0x00000000   Number         0  llshl.o ABSOLUTE
    ../clib/microlib/malloc/malloc.c         0x00000000   Number         0  malloc.o ABSOLUTE
    ../clib/microlib/malloc/malloc.c         0x00000000   Number         0  mallocr.o ABSOLUTE
    ../clib/microlib/malloc/malloc.c         0x00000000   Number         0  mallocra.o ABSOLUTE
    ../clib/microlib/malloc/malloc.c         0x00000000   Number         0  malloca.o ABSOLUTE
    ../clib/microlib/malloc/mvars.c          0x00000000   Number         0  mvars.o ABSOLUTE
    ../clib/microlib/printf/printf.c         0x00000000   Number         0  printf3.o ABSOLUTE
    ../clib/microlib/printf/printf.c         0x00000000   Number         0  printf4.o ABSOLUTE
    ../clib/microlib/printf/printf.c         0x00000000   Number         0  printf5.o ABSOLUTE
    ../clib/microlib/printf/printf.c         0x00000000   Number         0  printf6.o ABSOLUTE
    ../clib/microlib/printf/printf.c         0x00000000   Number         0  printf0.o ABSOLUTE
    ../clib/microlib/printf/printf.c         0x00000000   Number         0  printfa.o ABSOLUTE
    ../clib/microlib/printf/printf.c         0x00000000   Number         0  printf7.o ABSOLUTE
    ../clib/microlib/printf/printf.c         0x00000000   Number         0  printf8.o ABSOLUTE
    ../clib/microlib/printf/printf.c         0x00000000   Number         0  printfb.o ABSOLUTE
    ../clib/microlib/printf/printf.c         0x00000000   Number         0  printf1.o ABSOLUTE
    ../clib/microlib/printf/printf.c         0x00000000   Number         0  printf2.o ABSOLUTE
    ../clib/microlib/printf/stubs.s          0x00000000   Number         0  stubs.o ABSOLUTE
    ../clib/microlib/stdio/fgetc.c           0x00000000   Number         0  fgetc_b.o ABSOLUTE
    ../clib/microlib/stdio/semi.s            0x00000000   Number         0  semi.o ABSOLUTE
    ../clib/microlib/stdio/streams.c         0x00000000   Number         0  stdin.o ABSOLUTE
    ../clib/microlib/stdio/streams.c         0x00000000   Number         0  stdout.o ABSOLUTE
    ../clib/microlib/stdlib/rand.c           0x00000000   Number         0  rand.o ABSOLUTE
    ../clib/microlib/string/memcpy.c         0x00000000   Number         0  memcpya.o ABSOLUTE
    ../clib/microlib/string/memcpy.c         0x00000000   Number         0  memcpyb.o ABSOLUTE
    ../clib/microlib/string/strlen.c         0x00000000   Number         0  strlen.o ABSOLUTE
    ../clib/microlib/stubs.s                 0x00000000   Number         0  iusefp.o ABSOLUTE
    ../clib/microlib/stubs.s                 0x00000000   Number         0  iusesemig.o ABSOLUTE
    ../clib/scanf.c                          0x00000000   Number         0  scanf_char_file.o ABSOLUTE
    ../clib/scanf.c                          0x00000000   Number         0  _scanf.o ABSOLUTE
    ../clib/scanf.c                          0x00000000   Number         0  _scanf_str.o ABSOLUTE
    ../clib/scanf.c                          0x00000000   Number         0  __0scanf.o ABSOLUTE
    ../clib/scanf.c                          0x00000000   Number         0  scanf_char.o ABSOLUTE
    ../fplib/microlib/fpadd.c                0x00000000   Number         0  dadd.o ABSOLUTE
    ../fplib/microlib/fpdiv.c                0x00000000   Number         0  ddiv.o ABSOLUTE
    ../fplib/microlib/fpepilogue.c           0x00000000   Number         0  depilogue.o ABSOLUTE
    ../fplib/microlib/fpfix.c                0x00000000   Number         0  dfixui.o ABSOLUTE
    ../fplib/microlib/fpfix.c                0x00000000   Number         0  dfixul.o ABSOLUTE
    ../fplib/microlib/fpflt.c                0x00000000   Number         0  dfltui.o ABSOLUTE
    ../fplib/microlib/fpmul.c                0x00000000   Number         0  dmul.o ABSOLUTE
    ..\\drivers\\adc.c                       0x00000000   Number         0  adc.o ABSOLUTE
    ..\\drivers\\eeprom.c                    0x00000000   Number         0  eeprom.o ABSOLUTE
    ..\\drivers\\gpio_port.c                 0x00000000   Number         0  gpio_port.o ABSOLUTE
    ..\\drivers\\i2c.c                       0x00000000   Number         0  i2c.o ABSOLUTE
    ..\\drivers\\lcd.c                       0x00000000   Number         0  lcd.o ABSOLUTE
    ..\\drivers\\spi.c                       0x00000000   Number         0  spi.o ABSOLUTE
    ..\\drivers\\timers.c                    0x00000000   Number         0  timers.o ABSOLUTE
    ..\\drivers\\uart.c                      0x00000000   Number         0  uart.o ABSOLUTE
    ..\\drivers\\uart_irqs.c                 0x00000000   Number         0  uart_irqs.o ABSOLUTE
    ..\\drivers\\wireless.c                  0x00000000   Number         0  wireless.o ABSOLUTE
    ..\drivers\adc.c                         0x00000000   Number         0  adc.o ABSOLUTE
    ..\drivers\eeprom.c                      0x00000000   Number         0  eeprom.o ABSOLUTE
    ..\drivers\fonts.c                       0x00000000   Number         0  fonts.o ABSOLUTE
    ..\drivers\gpio_port.c                   0x00000000   Number         0  gpio_port.o ABSOLUTE
    ..\drivers\i2c.c                         0x00000000   Number         0  i2c.o ABSOLUTE
    ..\drivers\lcd.c                         0x00000000   Number         0  lcd.o ABSOLUTE
    ..\drivers\pc_buffer.c                   0x00000000   Number         0  pc_buffer.o ABSOLUTE
    ..\drivers\spi.c                         0x00000000   Number         0  spi.o ABSOLUTE
    ..\drivers\timers.c                      0x00000000   Number         0  timers.o ABSOLUTE
    ..\drivers\uart.c                        0x00000000   Number         0  uart.o ABSOLUTE
    ..\drivers\uart_irqs.c                   0x00000000   Number         0  uart_irqs.o ABSOLUTE
    ..\drivers\wireless.c                    0x00000000   Number         0  wireless.o ABSOLUTE
    RTE\Device\TM4C123GH6PM\startup_TM4C123.s 0x00000000   Number         0  startup_tm4c123.o ABSOLUTE
    RTE\Device\TM4C123GH6PM\system_TM4C123.c 0x00000000   Number         0  system_tm4c123.o ABSOLUTE
    RTE\\Device\\TM4C123GH6PM\\system_TM4C123.c 0x00000000   Number         0  system_tm4c123.o ABSOLUTE
    boardUtil.c                              0x00000000   Number         0  boardutil.o ABSOLUTE
    boardUtil.c                              0x00000000   Number         0  boardutil.o ABSOLUTE
    cdcmple.s                                0x00000000   Number         0  cdcmple.o ABSOLUTE
    cdrcmple.s                               0x00000000   Number         0  cdrcmple.o ABSOLUTE
    dc.s                                     0x00000000   Number         0  dc.o ABSOLUTE
    draw.c                                   0x00000000   Number         0  draw.o ABSOLUTE
    draw.c                                   0x00000000   Number         0  draw.o ABSOLUTE
    handlers.s                               0x00000000   Number         0  handlers.o ABSOLUTE
    img.c                                    0x00000000   Number         0  img.o ABSOLUTE
    init.s                                   0x00000000   Number         0  init.o ABSOLUTE
    interrupts.c                             0x00000000   Number         0  interrupts.o ABSOLUTE
    interrupts.c                             0x00000000   Number         0  interrupts.o ABSOLUTE
    main.c                                   0x00000000   Number         0  main.o ABSOLUTE
    main.c                                   0x00000000   Number         0  main.o ABSOLUTE
    .ARM.Collect$$$$00000000                 0x0000026c   Section        0  entry.o(.ARM.Collect$$$$00000000)
    .ARM.Collect$$$$00000001                 0x0000026c   Section        4  entry2.o(.ARM.Collect$$$$00000001)
    .ARM.Collect$$$$00000004                 0x00000270   Section        4  entry5.o(.ARM.Collect$$$$00000004)
    .ARM.Collect$$$$00000008                 0x00000274   Section        0  entry7b.o(.ARM.Collect$$$$00000008)
    .ARM.Collect$$$$0000000A                 0x00000274   Section        0  entry8b.o(.ARM.Collect$$$$0000000A)
    .ARM.Collect$$$$0000000B                 0x00000274   Section        8  entry9a.o(.ARM.Collect$$$$0000000B)
    .ARM.Collect$$$$0000000D                 0x0000027c   Section        0  entry10a.o(.ARM.Collect$$$$0000000D)
    .ARM.Collect$$$$0000000F                 0x0000027c   Section        0  entry11a.o(.ARM.Collect$$$$0000000F)
    .ARM.Collect$$$$00002712                 0x0000027c   Section        4  entry2.o(.ARM.Collect$$$$00002712)
    __lit__00000000                          0x0000027c   Data           4  entry2.o(.ARM.Collect$$$$00002712)
    .text                                    0x00000280   Section        0  main.o(.text)
    .text                                    0x00001dc4   Section        0  interrupts.o(.text)
    .text                                    0x00001f84   Section        0  boardutil.o(.text)
    NVIC_SetPriority                         0x00001f85   Thumb Code    32  boardutil.o(.text)
    .text                                    0x000022ec   Section        0  draw.o(.text)
    .text                                    0x00002774   Section        0  adc.o(.text)
    NVIC_SetPriority                         0x00002775   Thumb Code    32  adc.o(.text)
    NVIC_EnableIRQ                           0x00002907   Thumb Code    22  adc.o(.text)
    .text                                    0x00002944   Section        0  gpio_port.o(.text)
    verifyBaseAddr                           0x00002945   Thumb Code    64  gpio_port.o(.text)
    .text                                    0x00002c64   Section        0  timers.o(.text)
    NVIC_SetPriority                         0x00002c65   Thumb Code    32  timers.o(.text)
    verify_base_addr                         0x00002c85   Thumb Code    64  timers.o(.text)
    get_clock_masks                          0x00002cc5   Thumb Code   106  timers.o(.text)
    NVIC_EnableIRQ                           0x00002f09   Thumb Code    22  timers.o(.text)
    .text                                    0x00002f54   Section        0  eeprom.o(.text)
    eeprom_wait_for_write                    0x00002f55   Thumb Code    68  eeprom.o(.text)
    .text                                    0x00003184   Section        0  i2c.o(.text)
    .text                                    0x0000338c   Section        0  lcd.o(.text)
    lcd_assert_cmd_mode                      0x000036b1   Thumb Code    18  lcd.o(.text)
    lcd_deassert_cmd_mode                    0x000036c3   Thumb Code    18  lcd.o(.text)
    .text                                    0x000036e8   Section        0  pc_buffer.o(.text)
    .text                                    0x0000375c   Section        0  spi.o(.text)
    .text                                    0x000038e4   Section        0  uart_irqs.o(.text)
    .text                                    0x00003a64   Section        0  wireless.o(.text)
    wireless_reg_read                        0x00003a73   Thumb Code    58  wireless.o(.text)
    wireless_reg_write                       0x00003aad   Thumb Code    58  wireless.o(.text)
    wireless_rx_data_payload                 0x00003ae7   Thumb Code   118  wireless.o(.text)
    wireless_set_rx_addr                     0x00003b5d   Thumb Code   118  wireless.o(.text)
    wireless_get_status                      0x00003bd3   Thumb Code    32  wireless.o(.text)
    wireless_CSN_low                         0x00003fd1   Thumb Code    16  wireless.o(.text)
    wireless_CSN_high                        0x00003fe1   Thumb Code    16  wireless.o(.text)
    wireless_CE_low                          0x00003ff1   Thumb Code    16  wireless.o(.text)
    wireless_CE_high                         0x00004001   Thumb Code    16  wireless.o(.text)
    wireless_tx_data_payload                 0x00004011   Thumb Code   104  wireless.o(.text)
    wireless_flush_tx_fifo                   0x00004079   Thumb Code    28  wireless.o(.text)
    wireless_rx_fifo_empty                   0x00004095   Thumb Code    24  wireless.o(.text)
    wireless_status_tx_ds_asserted           0x000040ad   Thumb Code    16  wireless.o(.text)
    wireless_status_tx_full_asserted         0x000040bd   Thumb Code    16  wireless.o(.text)
    wireless_clear_max_rt                    0x000040cd   Thumb Code    12  wireless.o(.text)
    .text                                    0x0000418c   Section      252  startup_tm4c123.o(.text)
    $v0                                      0x0000418c   Number         0  startup_tm4c123.o(.text)
    .text                                    0x00004288   Section        0  system_tm4c123.o(.text)
    getOscClk                                0x00004289   Thumb Code   182  system_tm4c123.o(.text)
    .text                                    0x000044d8   Section        0  rand.o(.text)
    .text                                    0x000044fc   Section        0  strlen.o(.text)
    .text                                    0x0000450c   Section        0  __0scanf.o(.text)
    .text                                    0x0000452c   Section        0  _scanf_str.o(.text)
    .text                                    0x00004606   Section        0  dadd.o(.text)
    .text                                    0x00004754   Section        0  dmul.o(.text)
    .text                                    0x00004838   Section        0  dfltui.o(.text)
    .text                                    0x00004852   Section        0  dfixui.o(.text)
    .text                                    0x00004884   Section       40  cdcmple.o(.text)
    .text                                    0x000048ac   Section       40  cdrcmple.o(.text)
    .text                                    0x000048d4   Section        0  uidiv.o(.text)
    .text                                    0x00004900   Section        0  uldiv.o(.text)
    .text                                    0x00004962   Section        0  llshl.o(.text)
    .text                                    0x00004980   Section        0  llushr.o(.text)
    .text                                    0x000049a0   Section        0  llsshr.o(.text)
    .text                                    0x000049c4   Section        0  scanf_char_file.o(.text)
    .text                                    0x000049d8   Section        0  iusefp.o(.text)
    .text                                    0x000049d8   Section        0  depilogue.o(.text)
    .text                                    0x00004a8e   Section        0  ddiv.o(.text)
    .text                                    0x00004b6c   Section        0  dfixul.o(.text)
    .text                                    0x00004b9c   Section       36  init.o(.text)
    .text                                    0x00004bc0   Section        0  fgetc_b.o(.text)
    .text                                    0x00004bec   Section        0  scanf_char.o(.text)
    _scanf_char_input                        0x00004bed   Thumb Code    12  scanf_char.o(.text)
    .text                                    0x00004c14   Section        0  semi.o(.text)
    .text                                    0x00004c14   Section        0  isspace_c.o(.text)
    .text                                    0x00004c20   Section        0  _scanf.o(.text)
    .text                                    0x00004f48   Section        0  iusesemig.o(.text)
    .text                                    0x00004f48   Section        0  ctype_c.o(.text)
    i.__0printf                              0x00004f70   Section        0  printfa.o(i.__0printf)
    i.__0sprintf                             0x00004f90   Section        0  printfa.o(i.__0sprintf)
    i.__aeabi_errno_addr                     0x00004fb8   Section        0  errno.o(i.__aeabi_errno_addr)
    i.__scatterload_copy                     0x00004fc0   Section       14  handlers.o(i.__scatterload_copy)
    i.__scatterload_null                     0x00004fce   Section        2  handlers.o(i.__scatterload_null)
    i.__scatterload_zeroinit                 0x00004fd0   Section       14  handlers.o(i.__scatterload_zeroinit)
    i._fp_digits                             0x00004fe0   Section        0  printfa.o(i._fp_digits)
    _fp_digits                               0x00004fe1   Thumb Code   334  printfa.o(i._fp_digits)
    i._printf_core                           0x00005144   Section        0  printfa.o(i._printf_core)
    _printf_core                             0x00005145   Thumb Code  1744  printfa.o(i._printf_core)
    i._printf_post_padding                   0x00005820   Section        0  printfa.o(i._printf_post_padding)
    _printf_post_padding                     0x00005821   Thumb Code    36  printfa.o(i._printf_post_padding)
    i._printf_pre_padding                    0x00005844   Section        0  printfa.o(i._printf_pre_padding)
    _printf_pre_padding                      0x00005845   Thumb Code    46  printfa.o(i._printf_pre_padding)
    i._sputc                                 0x00005872   Section        0  printfa.o(i._sputc)
    _sputc                                   0x00005873   Thumb Code    10  printfa.o(i._sputc)
    i.malloc                                 0x0000587c   Section        0  malloc.o(i.malloc)
    .constdata                               0x000058e8   Section       52  main.o(.constdata)
    .constdata                               0x0000591c   Section     3170  img.o(.constdata)
    .constdata                               0x0000657e   Section     3101  fonts.o(.constdata)
    .constdata                               0x0000719b   Section       64  ctype_c.o(.constdata)
    .data                                    0x20000000   Section      105  main.o(.data)
    .data                                    0x2000006a   Section       17  interrupts.o(.data)
    .data                                    0x2000007b   Section       10  boardutil.o(.data)
    .data                                    0x20000088   Section        8  wireless.o(.data)
    .data                                    0x20000090   Section        4  system_tm4c123.o(.data)
    .data                                    0x20000094   Section        4  stdin.o(.data)
    .data                                    0x20000098   Section        4  stdout.o(.data)
    .data                                    0x2000009c   Section        4  rand.o(.data)
    _rand_state                              0x2000009c   Data           4  rand.o(.data)
    .data                                    0x200000a0   Section        4  errno.o(.data)
    _errno                                   0x200000a0   Data           4  errno.o(.data)
    .data                                    0x200000a4   Section        4  mvars.o(.data)
    .data                                    0x200000a8   Section        4  mvars.o(.data)
    .data                                    0x200000ac   Section        3  fgetc_b.o(.data)
    ungetc_sp                                0x200000ac   Data           1  fgetc_b.o(.data)
    ungetc_stack                             0x200000ad   Data           2  fgetc_b.o(.data)
    .bss                                     0x200000b0   Section      162  main.o(.bss)
    .bss                                     0x20000154   Section       32  boardutil.o(.bss)
    HEAP                                     0x20000178   Section        0  startup_tm4c123.o(HEAP)
    STACK                                    0x20000178   Section     4096  startup_tm4c123.o(STACK)

    Global Symbols

    Symbol Name                              Value     Ov Type        Size  Object(Section)

    BuildAttributes$$THM_ISAv4$E$P$D$K$B$S$7EM$VFPi3$EXTD16$VFPS$VFMA$PE$A:L22UL41UL21$X:L11$S22US41US21$IEEE1$IW$USESV6$~STKCKD$USESV7$~SHL$OSPACE$ROPI$EBA8$MICROLIB$REQ8$PRES8$EABIv2 0x00000000   Number         0  anon$$obj.o ABSOLUTE
    __ARM_use_no_argv                        0x00000000   Number         0  main.o ABSOLUTE
    __Vectors                                0x00000000   Data           4  startup_tm4c123.o(RESET)
    _printf_a                                0x00000000   Number         0  stubs.o ABSOLUTE
    _printf_c                                0x00000000   Number         0  stubs.o ABSOLUTE
    _printf_charcount                        0x00000000   Number         0  stubs.o ABSOLUTE
    _printf_d                                0x00000000   Number         0  stubs.o ABSOLUTE
    _printf_e                                0x00000000   Number         0  stubs.o ABSOLUTE
    _printf_f                                0x00000000   Number         0  stubs.o ABSOLUTE
    _printf_flags                            0x00000000   Number         0  stubs.o ABSOLUTE
    _printf_fp_dec                           0x00000000   Number         0  stubs.o ABSOLUTE
    _printf_fp_hex                           0x00000000   Number         0  stubs.o ABSOLUTE
    _printf_g                                0x00000000   Number         0  stubs.o ABSOLUTE
    _printf_i                                0x00000000   Number         0  stubs.o ABSOLUTE
    _printf_int_dec                          0x00000000   Number         0  stubs.o ABSOLUTE
    _printf_l                                0x00000000   Number         0  stubs.o ABSOLUTE
    _printf_lc                               0x00000000   Number         0  stubs.o ABSOLUTE
    _printf_ll                               0x00000000   Number         0  stubs.o ABSOLUTE
    _printf_lld                              0x00000000   Number         0  stubs.o ABSOLUTE
    _printf_lli                              0x00000000   Number         0  stubs.o ABSOLUTE
    _printf_llo                              0x00000000   Number         0  stubs.o ABSOLUTE
    _printf_llu                              0x00000000   Number         0  stubs.o ABSOLUTE
    _printf_llx                              0x00000000   Number         0  stubs.o ABSOLUTE
    _printf_longlong_dec                     0x00000000   Number         0  stubs.o ABSOLUTE
    _printf_longlong_hex                     0x00000000   Number         0  stubs.o ABSOLUTE
    _printf_longlong_oct                     0x00000000   Number         0  stubs.o ABSOLUTE
    _printf_ls                               0x00000000   Number         0  stubs.o ABSOLUTE
    _printf_mbtowc                           0x00000000   Number         0  stubs.o ABSOLUTE
    _printf_n                                0x00000000   Number         0  stubs.o ABSOLUTE
    _printf_o                                0x00000000   Number         0  stubs.o ABSOLUTE
    _printf_p                                0x00000000   Number         0  stubs.o ABSOLUTE
    _printf_percent                          0x00000000   Number         0  stubs.o ABSOLUTE
    _printf_pre_padding                      0x00000000   Number         0  stubs.o ABSOLUTE
    _printf_return_value                     0x00000000   Number         0  stubs.o ABSOLUTE
    _printf_s                                0x00000000   Number         0  stubs.o ABSOLUTE
    _printf_sizespec                         0x00000000   Number         0  stubs.o ABSOLUTE
    _printf_str                              0x00000000   Number         0  stubs.o ABSOLUTE
    _printf_truncate_signed                  0x00000000   Number         0  stubs.o ABSOLUTE
    _printf_truncate_unsigned                0x00000000   Number         0  stubs.o ABSOLUTE
    _printf_u                                0x00000000   Number         0  stubs.o ABSOLUTE
    _printf_wc                               0x00000000   Number         0  stubs.o ABSOLUTE
    _printf_wctomb                           0x00000000   Number         0  stubs.o ABSOLUTE
    _printf_widthprec                        0x00000000   Number         0  stubs.o ABSOLUTE
    _printf_x                                0x00000000   Number         0  stubs.o ABSOLUTE
    __cpp_initialize__aeabi_                  - Undefined Weak Reference
    __cxa_finalize                            - Undefined Weak Reference
    __decompress                              - Undefined Weak Reference
    _clock_init                               - Undefined Weak Reference
    _microlib_exit                            - Undefined Weak Reference
    _scanf_int                                - Undefined Weak Reference
    _scanf_longlong                           - Undefined Weak Reference
    _scanf_real                               - Undefined Weak Reference
    __Vectors_End                            0x0000026c   Data           0  startup_tm4c123.o(RESET)
    __Vectors_Size                           0x0000026c   Number         0  startup_tm4c123.o ABSOLUTE
    __main                                   0x0000026d   Thumb Code     0  entry.o(.ARM.Collect$$$$00000000)
    _main_stk                                0x0000026d   Thumb Code     0  entry2.o(.ARM.Collect$$$$00000001)
    _main_scatterload                        0x00000271   Thumb Code     0  entry5.o(.ARM.Collect$$$$00000004)
    __main_after_scatterload                 0x00000275   Thumb Code     0  entry5.o(.ARM.Collect$$$$00000004)
    _main_clock                              0x00000275   Thumb Code     0  entry7b.o(.ARM.Collect$$$$00000008)
    _main_cpp_init                           0x00000275   Thumb Code     0  entry8b.o(.ARM.Collect$$$$0000000A)
    _main_init                               0x00000275   Thumb Code     0  entry9a.o(.ARM.Collect$$$$0000000B)
    __rt_final_cpp                           0x0000027d   Thumb Code     0  entry10a.o(.ARM.Collect$$$$0000000D)
    __rt_final_exit                          0x0000027d   Thumb Code     0  entry11a.o(.ARM.Collect$$$$0000000F)
    ps2_button_pressed                       0x00000281   Thumb Code    72  main.o(.text)
    start_button_pressed                     0x000002c9   Thumb Code    72  main.o(.text)
    a_button_pressed                         0x00000311   Thumb Code    72  main.o(.text)
    b_button_pressed                         0x00000359   Thumb Code    72  main.o(.text)
    eeprom_reset_values                      0x000003a1   Thumb Code   298  main.o(.text)
    saveHighScore                            0x000004cb   Thumb Code   108  main.o(.text)
    ledHappiness                             0x00000537   Thumb Code   248  main.o(.text)
    ledHunger                                0x0000062f   Thumb Code   494  main.o(.text)
    ledHP                                    0x0000081d   Thumb Code   248  main.o(.text)
    ledPower                                 0x00000915   Thumb Code   248  main.o(.text)
    ledSpeed                                 0x00000a0d   Thumb Code   248  main.o(.text)
    main                                     0x00000b05   Thumb Code  4676  main.o(.text)
    SysTick_Handler                          0x00001dc5   Thumb Code    14  interrupts.o(.text)
    TIMER0A_Handler                          0x00001dd3   Thumb Code    94  interrupts.o(.text)
    TIMER1A_Handler                          0x00001e31   Thumb Code    18  interrupts.o(.text)
    TIMER2A_Handler                          0x00001e43   Thumb Code    18  interrupts.o(.text)
    ADC0SS0_Handler                          0x00001e55   Thumb Code    60  interrupts.o(.text)
    GPIOD_Handler                            0x00001e91   Thumb Code    22  interrupts.o(.text)
    WDT0_Handler                             0x00001ea7   Thumb Code     4  interrupts.o(.text)
    UART0_Handler                            0x00001eab   Thumb Code   130  interrupts.o(.text)
    DisableInterrupts                        0x00001fa5   Thumb Code     4  boardutil.o(.text)
    EnableInterrupts                         0x00001fa9   Thumb Code     4  boardutil.o(.text)
    i2c_init                                 0x00001fad   Thumb Code   100  boardutil.o(.text)
    serial_debug_init                        0x00002011   Thumb Code    60  boardutil.o(.text)
    watchdog_init                            0x0000204d   Thumb Code    74  boardutil.o(.text)
    ledSendData                              0x00002097   Thumb Code    60  boardutil.o(.text)
    led_init                                 0x000020d3   Thumb Code    20  boardutil.o(.text)
    eeprom_init                              0x000020e7   Thumb Code   270  boardutil.o(.text)
    initialize_board                         0x000021f5   Thumb Code   112  boardutil.o(.text)
    drawMenu                                 0x000022ed   Thumb Code   138  draw.o(.text)
    drawBulba                                0x00002377   Thumb Code   126  draw.o(.text)
    drawChar                                 0x000023f5   Thumb Code   126  draw.o(.text)
    drawSquirt                               0x00002473   Thumb Code   126  draw.o(.text)
    drawPika                                 0x000024f1   Thumb Code   126  draw.o(.text)
    drawEgg                                  0x0000256f   Thumb Code   238  draw.o(.text)
    initializeADC4PS2                        0x00002795   Thumb Code   162  adc.o(.text)
    initializeADC4POT                        0x00002837   Thumb Code   100  adc.o(.text)
    getADCValue                              0x0000289b   Thumb Code    62  adc.o(.text)
    hw3_adc_init                             0x000028d9   Thumb Code    46  adc.o(.text)
    gpio_enable_port                         0x00002985   Thumb Code   144  gpio_port.o(.text)
    gpio_config_digital_enable               0x00002a15   Thumb Code    34  gpio_port.o(.text)
    gpio_config_analog_enable                0x00002a37   Thumb Code    34  gpio_port.o(.text)
    gpio_config_alternate_function           0x00002a59   Thumb Code    34  gpio_port.o(.text)
    gpio_config_port_control                 0x00002a7b   Thumb Code    50  gpio_port.o(.text)
    gpio_config_enable_output                0x00002aad   Thumb Code    34  gpio_port.o(.text)
    gpio_config_enable_input                 0x00002acf   Thumb Code    34  gpio_port.o(.text)
    gpio_config_enable_pullup                0x00002af1   Thumb Code    34  gpio_port.o(.text)
    gpio_config_enable_pulldown              0x00002b13   Thumb Code    34  gpio_port.o(.text)
    gpio_config_open_drain                   0x00002b35   Thumb Code    34  gpio_port.o(.text)
    hw3_gpio_init                            0x00002b57   Thumb Code   226  gpio_port.o(.text)
    gp_timer_wait                            0x00002d2f   Thumb Code    64  timers.o(.text)
    gp_timer_config_32                       0x00002d6f   Thumb Code   118  timers.o(.text)
    gp_timer_config_16                       0x00002de5   Thumb Code   122  timers.o(.text)
    hw3_timer_enable                         0x00002e5f   Thumb Code    50  timers.o(.text)
    hw3_timer0_init                          0x00002e91   Thumb Code    44  timers.o(.text)
    hw3_timer1_init                          0x00002ebd   Thumb Code    38  timers.o(.text)
    hw3_timer2_init                          0x00002ee3   Thumb Code    38  timers.o(.text)
    eeprom_byte_write                        0x00002f99   Thumb Code    82  eeprom.o(.text)
    eeprom_byte_read                         0x00002feb   Thumb Code   108  eeprom.o(.text)
    test_eeprom                              0x00003057   Thumb Code   132  eeprom.o(.text)
    initializeI2CMaster                      0x00003185   Thumb Code   160  i2c.o(.text)
    i2cVerifyBaseAddr                        0x00003225   Thumb Code    36  i2c.o(.text)
    i2cSetSlaveAddr                          0x00003249   Thumb Code    30  i2c.o(.text)
    i2cStop                                  0x00003267   Thumb Code    26  i2c.o(.text)
    I2CMasterBusy                            0x00003281   Thumb Code    34  i2c.o(.text)
    I2CMasterAdrAck                          0x000032a3   Thumb Code    34  i2c.o(.text)
    I2CMasterDatAck                          0x000032c5   Thumb Code    34  i2c.o(.text)
    i2cSendByte                              0x000032e7   Thumb Code    82  i2c.o(.text)
    i2cGetByte                               0x00003339   Thumb Code    60  i2c.o(.text)
    lcd_set_page                             0x0000338d   Thumb Code    36  lcd.o(.text)
    lcd_set_column                           0x000033b1   Thumb Code    52  lcd.o(.text)
    lcd_write_data                           0x000033e5   Thumb Code    22  lcd.o(.text)
    lcd_write_char_10pts                     0x000033fb   Thumb Code   192  lcd.o(.text)
    lcd_writeString                          0x000034bb   Thumb Code    38  lcd.o(.text)
    lcd_clear                                0x000034e1   Thumb Code    46  lcd.o(.text)
    lcd_screen_init                          0x0000350f   Thumb Code   238  lcd.o(.text)
    lcd_pins_init                            0x000035fd   Thumb Code   180  lcd.o(.text)
    pc_buffer_init                           0x000036e9   Thumb Code    24  pc_buffer.o(.text)
    pc_buffer_add                            0x00003701   Thumb Code    24  pc_buffer.o(.text)
    pc_buffer_remove                         0x00003719   Thumb Code    26  pc_buffer.o(.text)
    pc_buffer_empty                          0x00003733   Thumb Code    18  pc_buffer.o(.text)
    pc_buffer_full                           0x00003745   Thumb Code    22  pc_buffer.o(.text)
    spiVerifyBaseAddr                        0x0000375d   Thumb Code    34  spi.o(.text)
    initialize_spi                           0x0000377f   Thumb Code   238  spi.o(.text)
    spiTx                                    0x0000386d   Thumb Code    94  spi.o(.text)
    initialize_uart                          0x000038e5   Thumb Code   142  uart_irqs.o(.text)
    uartRx                                   0x00003973   Thumb Code    44  uart_irqs.o(.text)
    uartTx                                   0x0000399f   Thumb Code    70  uart_irqs.o(.text)
    fputc                                    0x000039e5   Thumb Code    44  uart_irqs.o(.text)
    fgetc                                    0x00003a11   Thumb Code    48  uart_irqs.o(.text)
    wait_uS_15                               0x00003a65   Thumb Code    14  wireless.o(.text)
    wireless_send_32                         0x00003bf3   Thumb Code   258  wireless.o(.text)
    wireless_get_32                          0x00003cf5   Thumb Code   150  wireless.o(.text)
    wireless_configure_device                0x00003d8b   Thumb Code   262  wireless.o(.text)
    wireless_initialize                      0x00003e91   Thumb Code   164  wireless.o(.text)
    wireless_test                            0x00003f35   Thumb Code   156  wireless.o(.text)
    Reset_Handler                            0x0000418d   Thumb Code     8  startup_tm4c123.o(.text)
    NMI_Handler                              0x00004195   Thumb Code     2  startup_tm4c123.o(.text)
    HardFault_Handler                        0x00004197   Thumb Code     2  startup_tm4c123.o(.text)
    MemManage_Handler                        0x00004199   Thumb Code     2  startup_tm4c123.o(.text)
    BusFault_Handler                         0x0000419b   Thumb Code     2  startup_tm4c123.o(.text)
    UsageFault_Handler                       0x0000419d   Thumb Code     2  startup_tm4c123.o(.text)
    SVC_Handler                              0x0000419f   Thumb Code     2  startup_tm4c123.o(.text)
    DebugMon_Handler                         0x000041a1   Thumb Code     2  startup_tm4c123.o(.text)
    PendSV_Handler                           0x000041a3   Thumb Code     2  startup_tm4c123.o(.text)
    GPIOA_Handler                            0x000041a7   Thumb Code     2  startup_tm4c123.o(.text)
    GPIOB_Handler                            0x000041a9   Thumb Code     2  startup_tm4c123.o(.text)
    GPIOC_Handler                            0x000041ab   Thumb Code     2  startup_tm4c123.o(.text)
    GPIOE_Handler                            0x000041af   Thumb Code     2  startup_tm4c123.o(.text)
    UART1_Handler                            0x000041b3   Thumb Code     2  startup_tm4c123.o(.text)
    SSI0_Handler                             0x000041b5   Thumb Code     2  startup_tm4c123.o(.text)
    I2C0_Handler                             0x000041b7   Thumb Code     2  startup_tm4c123.o(.text)
    PMW0_FAULT_Handler                       0x000041b9   Thumb Code     2  startup_tm4c123.o(.text)
    PWM0_0_Handler                           0x000041bb   Thumb Code     2  startup_tm4c123.o(.text)
    PWM0_1_Handler                           0x000041bd   Thumb Code     2  startup_tm4c123.o(.text)
    PWM0_2_Handler                           0x000041bf   Thumb Code     2  startup_tm4c123.o(.text)
    QEI0_Handler                             0x000041c1   Thumb Code     2  startup_tm4c123.o(.text)
    ADC0SS1_Handler                          0x000041c5   Thumb Code     2  startup_tm4c123.o(.text)
    ADC0SS2_Handler                          0x000041c7   Thumb Code     2  startup_tm4c123.o(.text)
    ADC0SS3_Handler                          0x000041c9   Thumb Code     2  startup_tm4c123.o(.text)
    TIMER0B_Handler                          0x000041cf   Thumb Code     2  startup_tm4c123.o(.text)
    TIMER1B_Handler                          0x000041d3   Thumb Code     2  startup_tm4c123.o(.text)
    TIMER2B_Handler                          0x000041d7   Thumb Code     2  startup_tm4c123.o(.text)
    COMP0_Handler                            0x000041d9   Thumb Code     2  startup_tm4c123.o(.text)
    COMP1_Handler                            0x000041db   Thumb Code     2  startup_tm4c123.o(.text)
    COMP2_Handler                            0x000041dd   Thumb Code     2  startup_tm4c123.o(.text)
    SYSCTL_Handler                           0x000041df   Thumb Code     2  startup_tm4c123.o(.text)
    FLASH_Handler                            0x000041e1   Thumb Code     2  startup_tm4c123.o(.text)
    GPIOF_Handler                            0x000041e3   Thumb Code     2  startup_tm4c123.o(.text)
    GPIOG_Handler                            0x000041e5   Thumb Code     2  startup_tm4c123.o(.text)
    GPIOH_Handler                            0x000041e7   Thumb Code     2  startup_tm4c123.o(.text)
    UART2_Handler                            0x000041e9   Thumb Code     2  startup_tm4c123.o(.text)
    SSI1_Handler                             0x000041eb   Thumb Code     2  startup_tm4c123.o(.text)
    TIMER3A_Handler                          0x000041ed   Thumb Code     2  startup_tm4c123.o(.text)
    TIMER3B_Handler                          0x000041ef   Thumb Code     2  startup_tm4c123.o(.text)
    I2C1_Handler                             0x000041f1   Thumb Code     2  startup_tm4c123.o(.text)
    QEI1_Handler                             0x000041f3   Thumb Code     2  startup_tm4c123.o(.text)
    CAN0_Handler                             0x000041f5   Thumb Code     2  startup_tm4c123.o(.text)
    CAN1_Handler                             0x000041f7   Thumb Code     2  startup_tm4c123.o(.text)
    CAN2_Handler                             0x000041f9   Thumb Code     2  startup_tm4c123.o(.text)
    HIB_Handler                              0x000041fb   Thumb Code     2  startup_tm4c123.o(.text)
    USB0_Handler                             0x000041fd   Thumb Code     2  startup_tm4c123.o(.text)
    PWM0_3_Handler                           0x000041ff   Thumb Code     2  startup_tm4c123.o(.text)
    UDMA_Handler                             0x00004201   Thumb Code     2  startup_tm4c123.o(.text)
    UDMAERR_Handler                          0x00004203   Thumb Code     2  startup_tm4c123.o(.text)
    ADC1SS0_Handler                          0x00004205   Thumb Code     2  startup_tm4c123.o(.text)
    ADC1SS1_Handler                          0x00004207   Thumb Code     2  startup_tm4c123.o(.text)
    ADC1SS2_Handler                          0x00004209   Thumb Code     2  startup_tm4c123.o(.text)
    ADC1SS3_Handler                          0x0000420b   Thumb Code     2  startup_tm4c123.o(.text)
    GPIOJ_Handler                            0x0000420d   Thumb Code     2  startup_tm4c123.o(.text)
    GPIOK_Handler                            0x0000420f   Thumb Code     2  startup_tm4c123.o(.text)
    GPIOL_Handler                            0x00004211   Thumb Code     2  startup_tm4c123.o(.text)
    SSI2_Handler                             0x00004213   Thumb Code     2  startup_tm4c123.o(.text)
    SSI3_Handler                             0x00004215   Thumb Code     2  startup_tm4c123.o(.text)
    UART3_Handler                            0x00004217   Thumb Code     2  startup_tm4c123.o(.text)
    UART4_Handler                            0x00004219   Thumb Code     2  startup_tm4c123.o(.text)
    UART5_Handler                            0x0000421b   Thumb Code     2  startup_tm4c123.o(.text)
    UART6_Handler                            0x0000421d   Thumb Code     2  startup_tm4c123.o(.text)
    UART7_Handler                            0x0000421f   Thumb Code     2  startup_tm4c123.o(.text)
    I2C2_Handler                             0x00004221   Thumb Code     2  startup_tm4c123.o(.text)
    I2C3_Handler                             0x00004223   Thumb Code     2  startup_tm4c123.o(.text)
    TIMER4A_Handler                          0x00004225   Thumb Code     2  startup_tm4c123.o(.text)
    TIMER4B_Handler                          0x00004227   Thumb Code     2  startup_tm4c123.o(.text)
    TIMER5A_Handler                          0x00004229   Thumb Code     2  startup_tm4c123.o(.text)
    TIMER5B_Handler                          0x0000422b   Thumb Code     2  startup_tm4c123.o(.text)
    WTIMER0A_Handler                         0x0000422d   Thumb Code     2  startup_tm4c123.o(.text)
    WTIMER0B_Handler                         0x0000422f   Thumb Code     2  startup_tm4c123.o(.text)
    WTIMER1A_Handler                         0x00004231   Thumb Code     2  startup_tm4c123.o(.text)
    WTIMER1B_Handler                         0x00004233   Thumb Code     2  startup_tm4c123.o(.text)
    WTIMER2A_Handler                         0x00004235   Thumb Code     2  startup_tm4c123.o(.text)
    WTIMER2B_Handler                         0x00004237   Thumb Code     2  startup_tm4c123.o(.text)
    WTIMER3A_Handler                         0x00004239   Thumb Code     2  startup_tm4c123.o(.text)
    WTIMER3B_Handler                         0x0000423b   Thumb Code     2  startup_tm4c123.o(.text)
    WTIMER4A_Handler                         0x0000423d   Thumb Code     2  startup_tm4c123.o(.text)
    WTIMER4B_Handler                         0x0000423f   Thumb Code     2  startup_tm4c123.o(.text)
    WTIMER5A_Handler                         0x00004241   Thumb Code     2  startup_tm4c123.o(.text)
    WTIMER5B_Handler                         0x00004243   Thumb Code     2  startup_tm4c123.o(.text)
    FPU_Handler                              0x00004245   Thumb Code     2  startup_tm4c123.o(.text)
    I2C4_Handler                             0x00004247   Thumb Code     2  startup_tm4c123.o(.text)
    I2C5_Handler                             0x00004249   Thumb Code     2  startup_tm4c123.o(.text)
    GPIOM_Handler                            0x0000424b   Thumb Code     2  startup_tm4c123.o(.text)
    GPION_Handler                            0x0000424d   Thumb Code     2  startup_tm4c123.o(.text)
    QEI2_Handler                             0x0000424f   Thumb Code     2  startup_tm4c123.o(.text)
    GPIOP0_Handler                           0x00004251   Thumb Code     2  startup_tm4c123.o(.text)
    GPIOP1_Handler                           0x00004253   Thumb Code     2  startup_tm4c123.o(.text)
    GPIOP2_Handler                           0x00004255   Thumb Code     2  startup_tm4c123.o(.text)
    GPIOP3_Handler                           0x00004257   Thumb Code     2  startup_tm4c123.o(.text)
    GPIOP4_Handler                           0x00004259   Thumb Code     2  startup_tm4c123.o(.text)
    GPIOP5_Handler                           0x0000425b   Thumb Code     2  startup_tm4c123.o(.text)
    GPIOP6_Handler                           0x0000425d   Thumb Code     2  startup_tm4c123.o(.text)
    GPIOP7_Handler                           0x0000425f   Thumb Code     2  startup_tm4c123.o(.text)
    GPIOQ0_Handler                           0x00004261   Thumb Code     2  startup_tm4c123.o(.text)
    GPIOQ1_Handler                           0x00004263   Thumb Code     2  startup_tm4c123.o(.text)
    GPIOQ2_Handler                           0x00004265   Thumb Code     2  startup_tm4c123.o(.text)
    GPIOQ3_Handler                           0x00004267   Thumb Code     2  startup_tm4c123.o(.text)
    GPIOQ4_Handler                           0x00004269   Thumb Code     2  startup_tm4c123.o(.text)
    GPIOQ5_Handler                           0x0000426b   Thumb Code     2  startup_tm4c123.o(.text)
    GPIOQ6_Handler                           0x0000426d   Thumb Code     2  startup_tm4c123.o(.text)
    GPIOQ7_Handler                           0x0000426f   Thumb Code     2  startup_tm4c123.o(.text)
    GPIOR_Handler                            0x00004271   Thumb Code     2  startup_tm4c123.o(.text)
    GPIOS_Handler                            0x00004273   Thumb Code     2  startup_tm4c123.o(.text)
    PMW1_0_Handler                           0x00004275   Thumb Code     2  startup_tm4c123.o(.text)
    PWM1_1_Handler                           0x00004277   Thumb Code     2  startup_tm4c123.o(.text)
    PWM1_2_Handler                           0x00004279   Thumb Code     2  startup_tm4c123.o(.text)
    PWM1_3_Handler                           0x0000427b   Thumb Code     2  startup_tm4c123.o(.text)
    PWM1_FAULT_Handler                       0x0000427d   Thumb Code     2  startup_tm4c123.o(.text)
    SystemCoreClockUpdate                    0x0000433f   Thumb Code   184  system_tm4c123.o(.text)
    SystemInit                               0x000043f7   Thumb Code   112  system_tm4c123.o(.text)
    rand                                     0x000044d9   Thumb Code    20  rand.o(.text)
    srand                                    0x000044ed   Thumb Code     6  rand.o(.text)
    strlen                                   0x000044fd   Thumb Code    14  strlen.o(.text)
    __0scanf                                 0x0000450d   Thumb Code    26  __0scanf.o(.text)
    _scanf_string                            0x0000452d   Thumb Code   218  _scanf_str.o(.text)
    __aeabi_dadd                             0x00004607   Thumb Code   322  dadd.o(.text)
    __aeabi_dsub                             0x00004749   Thumb Code     6  dadd.o(.text)
    __aeabi_drsub                            0x0000474f   Thumb Code     6  dadd.o(.text)
    __aeabi_dmul                             0x00004755   Thumb Code   228  dmul.o(.text)
    __aeabi_ui2d                             0x00004839   Thumb Code    26  dfltui.o(.text)
    __aeabi_d2uiz                            0x00004853   Thumb Code    50  dfixui.o(.text)
    __aeabi_cdcmpeq                          0x00004885   Thumb Code     0  cdcmple.o(.text)
    __aeabi_cdcmple                          0x00004885   Thumb Code    38  cdcmple.o(.text)
    __aeabi_cdrcmple                         0x000048ad   Thumb Code    38  cdrcmple.o(.text)
    __aeabi_uidiv                            0x000048d5   Thumb Code     0  uidiv.o(.text)
    __aeabi_uidivmod                         0x000048d5   Thumb Code    44  uidiv.o(.text)
    __aeabi_uldivmod                         0x00004901   Thumb Code    98  uldiv.o(.text)
    __aeabi_llsl                             0x00004963   Thumb Code    30  llshl.o(.text)
    _ll_shift_l                              0x00004963   Thumb Code     0  llshl.o(.text)
    __aeabi_llsr                             0x00004981   Thumb Code    32  llushr.o(.text)
    _ll_ushift_r                             0x00004981   Thumb Code     0  llushr.o(.text)
    __aeabi_lasr                             0x000049a1   Thumb Code    36  llsshr.o(.text)
    _ll_sshift_r                             0x000049a1   Thumb Code     0  llsshr.o(.text)
    __vfscanf_char_file                      0x000049c5   Thumb Code    12  scanf_char_file.o(.text)
    __I$use$fp                               0x000049d9   Thumb Code     0  iusefp.o(.text)
    _double_round                            0x000049d9   Thumb Code    26  depilogue.o(.text)
    _double_epilogue                         0x000049f3   Thumb Code   156  depilogue.o(.text)
    __aeabi_ddiv                             0x00004a8f   Thumb Code   222  ddiv.o(.text)
    __aeabi_d2ulz                            0x00004b6d   Thumb Code    48  dfixul.o(.text)
    __scatterload                            0x00004b9d   Thumb Code    28  init.o(.text)
    __scatterload_rt2                        0x00004b9d   Thumb Code     0  init.o(.text)
    _fgetc$bs                                0x00004bc1   Thumb Code    28  fgetc_b.o(.text)
    __backspace                              0x00004bdd   Thumb Code    10  fgetc_b.o(.text)
    __vfscanf_char                           0x00004bf9   Thumb Code    20  scanf_char.o(.text)
    __semihosting_library_function           0x00004c15   Thumb Code     0  semi.o(.text)
    isspace                                  0x00004c15   Thumb Code    10  isspace_c.o(.text)
    __vfscanf                                0x00004c21   Thumb Code   802  _scanf.o(.text)
    __I$use$semihosting$fgetc                0x00004f49   Thumb Code     0  iusesemig.o(.text)
    __ctype_lookup                           0x00004f49   Thumb Code    34  ctype_c.o(.text)
    __0printf                                0x00004f71   Thumb Code    22  printfa.o(i.__0printf)
    __1printf                                0x00004f71   Thumb Code     0  printfa.o(i.__0printf)
    __2printf                                0x00004f71   Thumb Code     0  printfa.o(i.__0printf)
    __c89printf                              0x00004f71   Thumb Code     0  printfa.o(i.__0printf)
    printf                                   0x00004f71   Thumb Code     0  printfa.o(i.__0printf)
    __0sprintf                               0x00004f91   Thumb Code    34  printfa.o(i.__0sprintf)
    __1sprintf                               0x00004f91   Thumb Code     0  printfa.o(i.__0sprintf)
    __2sprintf                               0x00004f91   Thumb Code     0  printfa.o(i.__0sprintf)
    __c89sprintf                             0x00004f91   Thumb Code     0  printfa.o(i.__0sprintf)
    sprintf                                  0x00004f91   Thumb Code     0  printfa.o(i.__0sprintf)
    __aeabi_errno_addr                       0x00004fb9   Thumb Code     4  errno.o(i.__aeabi_errno_addr)
    __rt_errno_addr                          0x00004fb9   Thumb Code     0  errno.o(i.__aeabi_errno_addr)
    __scatterload_copy                       0x00004fc1   Thumb Code    14  handlers.o(i.__scatterload_copy)
    __scatterload_null                       0x00004fcf   Thumb Code     2  handlers.o(i.__scatterload_null)
    __scatterload_zeroinit                   0x00004fd1   Thumb Code    14  handlers.o(i.__scatterload_zeroinit)
    malloc                                   0x0000587d   Thumb Code    92  malloc.o(i.malloc)
    pokeNames                                0x000058e8   Data          24  main.o(.constdata)
    pokeHP                                   0x00005900   Data           4  main.o(.constdata)
    pokePower                                0x00005904   Data           4  main.o(.constdata)
    pokeSpeed                                0x00005908   Data           4  main.o(.constdata)
    tempRanges                               0x0000590c   Data          16  main.o(.constdata)
    egg10Bitmap                              0x0000591c   Data         112  img.o(.constdata)
    egg10WidthPixels                         0x0000598c   Data           1  img.o(.constdata)
    egg10HeightPages                         0x0000598d   Data           1  img.o(.constdata)
    egg11Bitmap                              0x0000598e   Data         112  img.o(.constdata)
    egg11WidthPixels                         0x000059fe   Data           1  img.o(.constdata)
    egg11HeightPages                         0x000059ff   Data           1  img.o(.constdata)
    egg12Bitmap                              0x00005a00   Data         108  img.o(.constdata)
    egg12WidthPixels                         0x00005a6c   Data           1  img.o(.constdata)
    egg12HeightPages                         0x00005a6d   Data           1  img.o(.constdata)
    egg30Bitmap                              0x00005a6e   Data         108  img.o(.constdata)
    egg30WidthPixels                         0x00005ada   Data           1  img.o(.constdata)
    egg30HeightPages                         0x00005adb   Data           1  img.o(.constdata)
    egg31Bitmap                              0x00005adc   Data         112  img.o(.constdata)
    egg31WidthPixels                         0x00005b4c   Data           1  img.o(.constdata)
    egg31HeightPages                         0x00005b4d   Data           1  img.o(.constdata)
    egg32Bitmap                              0x00005b4e   Data         112  img.o(.constdata)
    egg32WidthPixels                         0x00005bbe   Data           1  img.o(.constdata)
    egg32HeightPages                         0x00005bbf   Data           1  img.o(.constdata)
    egg60Bitmap                              0x00005bc0   Data         112  img.o(.constdata)
    egg60WidthPixels                         0x00005c30   Data           1  img.o(.constdata)
    egg60HeightPages                         0x00005c31   Data           1  img.o(.constdata)
    egg61Bitmap                              0x00005c32   Data         112  img.o(.constdata)
    egg61WidthPixels                         0x00005ca2   Data           1  img.o(.constdata)
    egg61HeightPages                         0x00005ca3   Data           1  img.o(.constdata)
    egg62Bitmap                              0x00005ca4   Data         112  img.o(.constdata)
    egg62WidthPixels                         0x00005d14   Data           1  img.o(.constdata)
    egg62HeightPages                         0x00005d15   Data           1  img.o(.constdata)
    pika0Bitmap                              0x00005d16   Data         190  img.o(.constdata)
    pika0WidthPixels                         0x00005dd4   Data           1  img.o(.constdata)
    pika0HeightPages                         0x00005dd5   Data           1  img.o(.constdata)
    pika1Bitmap                              0x00005dd6   Data         190  img.o(.constdata)
    pika1WidthPixels                         0x00005e94   Data           1  img.o(.constdata)
    pika1HeightPages                         0x00005e95   Data           1  img.o(.constdata)
    pika2Bitmap                              0x00005e96   Data         185  img.o(.constdata)
    pika2WidthPixels                         0x00005f4f   Data           1  img.o(.constdata)
    pika2HeightPages                         0x00005f50   Data           1  img.o(.constdata)
    bulba0Bitmap                             0x00005f51   Data         132  img.o(.constdata)
    bulba0WidthPixels                        0x00005fd5   Data           1  img.o(.constdata)
    bulba0HeightPages                        0x00005fd6   Data           1  img.o(.constdata)
    bulba1Bitmap                             0x00005fd7   Data         132  img.o(.constdata)
    bulba1WidthPixels                        0x0000605b   Data           1  img.o(.constdata)
    bulba1HeightPages                        0x0000605c   Data           1  img.o(.constdata)
    bulba2Bitmap                             0x0000605d   Data         165  img.o(.constdata)
    bulba2WidthPixels                        0x00006102   Data           1  img.o(.constdata)
    bulba2HeightPages                        0x00006103   Data           1  img.o(.constdata)
    char0Bitmap                              0x00006104   Data         170  img.o(.constdata)
    char0WidthPixels                         0x000061ae   Data           1  img.o(.constdata)
    char0HeightPages                         0x000061af   Data           1  img.o(.constdata)
    char1Bitmap                              0x000061b0   Data         170  img.o(.constdata)
    char1WidthPixels                         0x0000625a   Data           1  img.o(.constdata)
    char1HeightPages                         0x0000625b   Data           1  img.o(.constdata)
    char2Bitmap                              0x0000625c   Data         165  img.o(.constdata)
    char2WidthPixels                         0x00006301   Data           1  img.o(.constdata)
    char2HeightPages                         0x00006302   Data           1  img.o(.constdata)
    squirt0Bitmap                            0x00006303   Data         175  img.o(.constdata)
    squirt0WidthPixels                       0x000063b2   Data           1  img.o(.constdata)
    squirt0HeightPages                       0x000063b3   Data           1  img.o(.constdata)
    squirt1Bitmap                            0x000063b4   Data         175  img.o(.constdata)
    squirt1WidthPixels                       0x00006463   Data           1  img.o(.constdata)
    squirt1HeightPages                       0x00006464   Data           1  img.o(.constdata)
    squirt2Bitmap                            0x00006465   Data         165  img.o(.constdata)
    squirt2WidthPixels                       0x0000650a   Data           1  img.o(.constdata)
    squirt2HeightPages                       0x0000650b   Data           1  img.o(.constdata)
    egg0Bitmap                               0x0000650c   Data         112  img.o(.constdata)
    eggWidthPixels                           0x0000657c   Data           1  img.o(.constdata)
    eggHeightPages                           0x0000657d   Data           1  img.o(.constdata)
    arialNarrow_8ptBitmaps                   0x0000657e   Data          50  fonts.o(.constdata)
    courierNew_10ptBitmaps                   0x000065b0   Data        1900  fonts.o(.constdata)
    buckyBadger                              0x00006d1c   Data         759  fonts.o(.constdata)
    motionW                                  0x00007013   Data         392  fonts.o(.constdata)
    __ctype_categories                       0x0000719b   Data          64  ctype_c.o(.constdata)
    Region$$Table$$Base                      0x000071dc   Number         0  anon$$obj.o(Region$$Table)
    Region$$Table$$Limit                     0x000071fc   Number         0  anon$$obj.o(Region$$Table)
    ryan                                     0x20000000   Data          15  main.o(.data)
    nick                                     0x2000000f   Data          11  main.o(.data)
    team                                     0x2000001a   Data           3  main.o(.data)
    highscore                                0x2000001d   Data           1  main.o(.data)
    ps2_Buf                                  0x2000001e   Data           5  main.o(.data)
    start_Buf                                0x20000023   Data           5  main.o(.data)
    a_Buf                                    0x20000028   Data           5  main.o(.data)
    b_Buf                                    0x2000002d   Data           5  main.o(.data)
    a_press                                  0x20000032   Data           1  main.o(.data)
    b_press                                  0x20000033   Data           1  main.o(.data)
    start_press                              0x20000034   Data           1  main.o(.data)
    ps2_press                                0x20000035   Data           1  main.o(.data)
    konamiCodeEntered                        0x20000036   Data           1  main.o(.data)
    pets                                     0x20000037   Data           1  main.o(.data)
    owned                                    0x20000038   Data           1  main.o(.data)
    fullness                                 0x20000040   Data           8  main.o(.data)
    happiness                                0x20000048   Data           8  main.o(.data)
    power                                    0x20000050   Data           8  main.o(.data)
    speed                                    0x20000058   Data           8  main.o(.data)
    hp                                       0x20000060   Data           8  main.o(.data)
    ticksInState                             0x20000068   Data           1  main.o(.data)
    ALERT_DEBOUNCE                           0x2000006a   Data           1  interrupts.o(.data)
    ALERT_5_SEC                              0x2000006b   Data           1  interrupts.o(.data)
    ALERT_2_SEC                              0x2000006c   Data           1  interrupts.o(.data)
    ALERT_GAME_TICK                          0x2000006d   Data           1  interrupts.o(.data)
    ALERT_GAME_DRAW                          0x2000006e   Data           1  interrupts.o(.data)
    ALERT_LED                                0x2000006f   Data           1  interrupts.o(.data)
    UP                                       0x20000070   Data           1  interrupts.o(.data)
    DOWN                                     0x20000071   Data           1  interrupts.o(.data)
    RIGHT                                    0x20000072   Data           1  interrupts.o(.data)
    LEFT                                     0x20000073   Data           1  interrupts.o(.data)
    ALERT_WIRELESS                           0x20000074   Data           1  interrupts.o(.data)
    cntTicks                                 0x20000076   Data           2  interrupts.o(.data)
    cntDraw                                  0x20000078   Data           2  interrupts.o(.data)
    cntLED                                   0x2000007a   Data           1  interrupts.o(.data)
    myID                                     0x2000007b   Data           5  boardutil.o(.data)
    remoteID                                 0x20000080   Data           5  boardutil.o(.data)
    wirelessPacketsSent                      0x20000088   Data           4  wireless.o(.data)
    wirelessPacketsReceived                  0x2000008c   Data           4  wireless.o(.data)
    SystemCoreClock                          0x20000090   Data           4  system_tm4c123.o(.data)
    __stdin                                  0x20000094   Data           4  stdin.o(.data)
    __stdout                                 0x20000098   Data           4  stdout.o(.data)
    __microlib_freelist                      0x200000a4   Data           4  mvars.o(.data)
    __microlib_freelist_initialised          0x200000a8   Data           4  mvars.o(.data)
    person1                                  0x200000b0   Data          81  main.o(.bss)
    person2                                  0x20000101   Data          81  main.o(.bss)
    UART0_Rx_Buffer                          0x20000154   Data          16  boardutil.o(.bss)
    UART0_Tx_Buffer                          0x20000164   Data          16  boardutil.o(.bss)
    __heap_base                              0x20000178   Data           0  startup_tm4c123.o(HEAP)
    __heap_limit                             0x20000178   Data           0  startup_tm4c123.o(HEAP)
    __initial_sp                             0x20001178   Data           0  startup_tm4c123.o(STACK)



==============================================================================

Memory Map of the image

  Image Entry point : 0x0000418d

  Load Region LR_1 (Base: 0x00000000, Size: 0x000072ac, Max: 0xffffffff, ABSOLUTE)

    Execution Region ER_RO (Base: 0x00000000, Size: 0x000071fc, Max: 0xffffffff, ABSOLUTE)

    Base Addr    Size         Type   Attr      Idx    E Section Name        Object

    0x00000000   0x0000026c   Data   RO          494    RESET               startup_tm4c123.o
    0x0000026c   0x00000000   Code   RO          525  * .ARM.Collect$$$$00000000  mc_w.l(entry.o)
    0x0000026c   0x00000004   Code   RO          847    .ARM.Collect$$$$00000001  mc_w.l(entry2.o)
    0x00000270   0x00000004   Code   RO          850    .ARM.Collect$$$$00000004  mc_w.l(entry5.o)
    0x00000274   0x00000000   Code   RO          852    .ARM.Collect$$$$00000008  mc_w.l(entry7b.o)
    0x00000274   0x00000000   Code   RO          854    .ARM.Collect$$$$0000000A  mc_w.l(entry8b.o)
    0x00000274   0x00000008   Code   RO          855    .ARM.Collect$$$$0000000B  mc_w.l(entry9a.o)
    0x0000027c   0x00000000   Code   RO          857    .ARM.Collect$$$$0000000D  mc_w.l(entry10a.o)
    0x0000027c   0x00000000   Code   RO          859    .ARM.Collect$$$$0000000F  mc_w.l(entry11a.o)
    0x0000027c   0x00000004   Code   RO          848    .ARM.Collect$$$$00002712  mc_w.l(entry2.o)
    0x00000280   0x00001b44   Code   RO            3    .text               main.o
    0x00001dc4   0x000001c0   Code   RO          128    .text               interrupts.o
    0x00001f84   0x00000368   Code   RO          158    .text               boardutil.o
    0x000022ec   0x00000488   Code   RO          216    .text               draw.o
    0x00002774   0x000001d0   Code   RO          236    .text               adc.o
    0x00002944   0x00000320   Code   RO          260    .text               gpio_port.o
    0x00002c64   0x000002f0   Code   RO          284    .text               timers.o
    0x00002f54   0x00000230   Code   RO          304    .text               eeprom.o
    0x00003184   0x00000208   Code   RO          344    .text               i2c.o
    0x0000338c   0x0000035c   Code   RO          364    .text               lcd.o
    0x000036e8   0x00000072   Code   RO          388    .text               pc_buffer.o
    0x0000375a   0x00000002   PAD
    0x0000375c   0x00000188   Code   RO          402    .text               spi.o
    0x000038e4   0x00000180   Code   RO          445    .text               uart_irqs.o
    0x00003a64   0x00000728   Code   RO          468    .text               wireless.o
    0x0000418c   0x000000fc   Code   RO          495  * .text               startup_tm4c123.o
    0x00004288   0x00000250   Code   RO          501    .text               system_tm4c123.o
    0x000044d8   0x00000024   Code   RO          530    .text               mc_w.l(rand.o)
    0x000044fc   0x0000000e   Code   RO          533    .text               mc_w.l(strlen.o)
    0x0000450a   0x00000002   PAD
    0x0000450c   0x00000020   Code   RO          831    .text               mc_w.l(__0scanf.o)
    0x0000452c   0x000000da   Code   RO          833    .text               mc_w.l(_scanf_str.o)
    0x00004606   0x0000014e   Code   RO          835    .text               mf_w.l(dadd.o)
    0x00004754   0x000000e4   Code   RO          837    .text               mf_w.l(dmul.o)
    0x00004838   0x0000001a   Code   RO          839    .text               mf_w.l(dfltui.o)
    0x00004852   0x00000032   Code   RO          841    .text               mf_w.l(dfixui.o)
    0x00004884   0x00000028   Code   RO          843    .text               mf_w.l(cdcmple.o)
    0x000048ac   0x00000028   Code   RO          845    .text               mf_w.l(cdrcmple.o)
    0x000048d4   0x0000002c   Code   RO          861    .text               mc_w.l(uidiv.o)
    0x00004900   0x00000062   Code   RO          863    .text               mc_w.l(uldiv.o)
    0x00004962   0x0000001e   Code   RO          865    .text               mc_w.l(llshl.o)
    0x00004980   0x00000020   Code   RO          867    .text               mc_w.l(llushr.o)
    0x000049a0   0x00000024   Code   RO          869    .text               mc_w.l(llsshr.o)
    0x000049c4   0x00000014   Code   RO          877    .text               mc_w.l(scanf_char_file.o)
    0x000049d8   0x00000000   Code   RO          879    .text               mc_w.l(iusefp.o)
    0x000049d8   0x000000b6   Code   RO          880    .text               mf_w.l(depilogue.o)
    0x00004a8e   0x000000de   Code   RO          882    .text               mf_w.l(ddiv.o)
    0x00004b6c   0x00000030   Code   RO          884    .text               mf_w.l(dfixul.o)
    0x00004b9c   0x00000024   Code   RO          886    .text               mc_w.l(init.o)
    0x00004bc0   0x0000002c   Code   RO          888    .text               mc_w.l(fgetc_b.o)
    0x00004bec   0x00000028   Code   RO          891    .text               mc_w.l(scanf_char.o)
    0x00004c14   0x00000000   Code   RO          893    .text               mc_w.l(semi.o)
    0x00004c14   0x0000000a   Code   RO          894    .text               mc_w.l(isspace_c.o)
    0x00004c1e   0x00000002   PAD
    0x00004c20   0x00000328   Code   RO          896    .text               mc_w.l(_scanf.o)
    0x00004f48   0x00000000   Code   RO          898    .text               mc_w.l(iusesemig.o)
    0x00004f48   0x00000028   Code   RO          899    .text               mc_w.l(ctype_c.o)
    0x00004f70   0x00000020   Code   RO          768    i.__0printf         mc_w.l(printfa.o)
    0x00004f90   0x00000028   Code   RO          770    i.__0sprintf        mc_w.l(printfa.o)
    0x00004fb8   0x00000008   Code   RO          824    i.__aeabi_errno_addr  mc_w.l(errno.o)
    0x00004fc0   0x0000000e   Code   RO          904    i.__scatterload_copy  mc_w.l(handlers.o)
    0x00004fce   0x00000002   Code   RO          905    i.__scatterload_null  mc_w.l(handlers.o)
    0x00004fd0   0x0000000e   Code   RO          906    i.__scatterload_zeroinit  mc_w.l(handlers.o)
    0x00004fde   0x00000002   PAD
    0x00004fe0   0x00000164   Code   RO          775    i._fp_digits        mc_w.l(printfa.o)
    0x00005144   0x000006dc   Code   RO          776    i._printf_core      mc_w.l(printfa.o)
    0x00005820   0x00000024   Code   RO          777    i._printf_post_padding  mc_w.l(printfa.o)
    0x00005844   0x0000002e   Code   RO          778    i._printf_pre_padding  mc_w.l(printfa.o)
    0x00005872   0x0000000a   Code   RO          780    i._sputc            mc_w.l(printfa.o)
    0x0000587c   0x0000006c   Code   RO          797    i.malloc            mc_w.l(malloc.o)
    0x000058e8   0x00000034   Data   RO            5    .constdata          main.o
    0x0000591c   0x00000c62   Data   RO          201    .constdata          img.o
    0x0000657e   0x00000c1d   Data   RO          329    .constdata          fonts.o
    0x0000719b   0x00000040   Data   RO          900    .constdata          mc_w.l(ctype_c.o)
    0x000071db   0x00000001   PAD
    0x000071dc   0x00000020   Data   RO          902    Region$$Table       anon$$obj.o


    Execution Region ER_RW (Base: 0x20000000, Size: 0x000000b0, Max: 0xffffffff, ABSOLUTE)

    Base Addr    Size         Type   Attr      Idx    E Section Name        Object

    0x20000000   0x00000069   Data   RW            6    .data               main.o
    0x20000069   0x00000001   PAD
    0x2000006a   0x00000011   Data   RW          129    .data               interrupts.o
    0x2000007b   0x0000000a   Data   RW          160    .data               boardutil.o
    0x20000085   0x00000003   PAD
    0x20000088   0x00000008   Data   RW          469    .data               wireless.o
    0x20000090   0x00000004   Data   RW          502    .data               system_tm4c123.o
    0x20000094   0x00000004   Data   RW          528    .data               mc_w.l(stdin.o)
    0x20000098   0x00000004   Data   RW          529    .data               mc_w.l(stdout.o)
    0x2000009c   0x00000004   Data   RW          531    .data               mc_w.l(rand.o)
    0x200000a0   0x00000004   Data   RW          827    .data               mc_w.l(errno.o)
    0x200000a4   0x00000004   Data   RW          875    .data               mc_w.l(mvars.o)
    0x200000a8   0x00000004   Data   RW          876    .data               mc_w.l(mvars.o)
    0x200000ac   0x00000003   Data   RW          889    .data               mc_w.l(fgetc_b.o)


    Execution Region ER_ZI (Base: 0x200000b0, Size: 0x000010c8, Max: 0xffffffff, ABSOLUTE)

    Base Addr    Size         Type   Attr      Idx    E Section Name        Object

    0x200000b0   0x000000a2   Zero   RW            4    .bss                main.o
    0x20000152   0x00000002   PAD
    0x20000154   0x00000020   Zero   RW          159    .bss                boardutil.o
    0x20000174   0x00000004   PAD
    0x20000178   0x00000000   Zero   RW          493    HEAP                startup_tm4c123.o
    0x20000178   0x00001000   Zero   RW          492    STACK               startup_tm4c123.o


==============================================================================

Image component sizes


      Code (inc. data)   RO Data    RW Data    ZI Data      Debug   Object Name

       464         40          0          0          0      28882   adc.o
       872        136          0         10         32      29595   boardutil.o
      1160        280          0          0          0       2826   draw.o
       560        170          0          0          0       2181   eeprom.o
         0          0       3101          0          0        672   fonts.o
       800         44          0          0          0      31253   gpio_port.o
       520         24          0          0          0       3477   i2c.o
         0          0       3170          0          0       3768   img.o
       448         88          0         17          0       3132   interrupts.o
       860         20          0          0          0       2930   lcd.o
      6980       1282         52        105        162      63892   main.o
       114          0          0          0          0       1835   pc_buffer.o
       392         26          0          0          0       1773   spi.o
       252         10        620          0       4096       5428   startup_tm4c123.o
       592        138          0          4          0       1513   system_tm4c123.o
       752         54          0          0          0       3543   timers.o
       384         36          0          0          0       1732   uart_irqs.o
      1832        202          0          8          0      12816   wireless.o

    ----------------------------------------------------------------------
     16984       2550       6975        148       4296     201248   Object Totals
         0          0         32          0          0          0   (incl. Generated)
         2          0          0          4          6          0   (incl. Padding)

    ----------------------------------------------------------------------

      Code (inc. data)   RO Data    RW Data    ZI Data      Debug   Library Member Name

        32          6          0          0          0         84   __0scanf.o
       808          6          0          0          0        112   _scanf.o
       218          0          0          0          0         96   _scanf_str.o
        40          6         64          0          0         68   ctype_c.o
         0          0          0          0          0          0   entry.o
         0          0          0          0          0          0   entry10a.o
         0          0          0          0          0          0   entry11a.o
         8          4          0          0          0          0   entry2.o
         4          0          0          0          0          0   entry5.o
         0          0          0          0          0          0   entry7b.o
         0          0          0          0          0          0   entry8b.o
         8          4          0          0          0          0   entry9a.o
         8          4          0          4          0         68   errno.o
        44          6          0          3          0        144   fgetc_b.o
        30          0          0          0          0          0   handlers.o
        36          8          0          0          0         68   init.o
        10          0          0          0          0         68   isspace_c.o
         0          0          0          0          0          0   iusefp.o
         0          0          0          0          0          0   iusesemig.o
        30          0          0          0          0         68   llshl.o
        36          0          0          0          0         68   llsshr.o
        32          0          0          0          0         68   llushr.o
       108         16          0          0          0         84   malloc.o
         0          0          0          8          0          0   mvars.o
      2276         96          0          0          0        596   printfa.o
        36         10          0          4          0        136   rand.o
        40          8          0          0          0         84   scanf_char.o
        20          8          0          0          0         68   scanf_char_file.o
         0          0          0          0          0          0   semi.o
         0          0          0          4          0          0   stdin.o
         0          0          0          4          0          0   stdout.o
        14          0          0          0          0         68   strlen.o
        44          0          0          0          0         80   uidiv.o
        98          0          0          0          0         92   uldiv.o
        40          2          0          0          0         68   cdcmple.o
        40          2          0          0          0         68   cdrcmple.o
       334          0          0          0          0        148   dadd.o
       222          0          0          0          0        100   ddiv.o
       182          0          0          0          0        176   depilogue.o
        50          0          0          0          0         76   dfixui.o
        48          0          0          0          0         68   dfixul.o
        26          0          0          0          0         76   dfltui.o
       228          0          0          0          0         96   dmul.o

    ----------------------------------------------------------------------
      5156        186         65         28          0       2996   Library Totals
         6          0          1          1          0          0   (incl. Padding)

    ----------------------------------------------------------------------

      Code (inc. data)   RO Data    RW Data    ZI Data      Debug   Library Name

      3980        182         64         27          0       2120   mc_w.l
      1170          4          0          0          0        876   mf_w.l

    ----------------------------------------------------------------------
      5156        186         65         28          0       2996   Library Totals

    ----------------------------------------------------------------------

==============================================================================


      Code (inc. data)   RO Data    RW Data    ZI Data      Debug   

     22140       2736       7040        176       4296     200536   Grand Totals
     22140       2736       7040        176       4296     200536   ELF Image Totals
     22140       2736       7040        176          0          0   ROM Totals

==============================================================================

    Total RO  Size (Code + RO Data)                29180 (  28.50kB)
    Total RW  Size (RW Data + ZI Data)              4472 (   4.37kB)
    Total ROM Size (Code + RO Data + RW Data)      29356 (  28.67kB)

==============================================================================

