Product: MDK-ARM Lite 5.10
Component: ARM Compiler 5.04 update 1 (build 49)
Tool: armlink [5040049]

==============================================================================

Section Cross References

    main.o(.text) refers to _scanf_str.o(.text) for _scanf_string
    main.o(.text) refers to boardutil.o(.text) for initialize_board
    main.o(.text) refers to lcd.o(.text) for lcd_clear
    main.o(.text) refers to eeprom.o(.text) for eeprom_byte_read
    main.o(.text) refers to strlen.o(.text) for strlen
    main.o(.text) refers to printf8.o(i.__0printf$8) for __2printf
    main.o(.text) refers to wireless.o(.text) for wireless_get_32
    main.o(.text) refers to __0scanf.o(.text) for __0scanf
    main.o(.text) refers to main.o(.data) for ps2_Buf
    main.o(.text) refers to lcd.o(.constdata) for image
    main.o(.text) refers to main.o(.bss) for person1
    main.o(.text) refers to interrupts.o(.data) for ALERT_WIRELESS
    main.o(.text) refers to wireless.o(.data) for wirelessPacketsSent
    main.o(.text) refers to timers.o(.text) for hw3_timer2_init
    interrupts.o(.text) refers to pc_buffer.o(.text) for pc_buffer_add
    interrupts.o(.text) refers to interrupts.o(.data) for ALERT_DEBOUNCE
    interrupts.o(.text) refers to boardutil.o(.bss) for UART0_Rx_Buffer
    boardutil.o(.text) refers to gpio_port.o(.text) for gpio_enable_port
    boardutil.o(.text) refers to i2c.o(.text) for initializeI2CMaster
    boardutil.o(.text) refers to uart_irqs.o(.text) for initialize_uart
    boardutil.o(.text) refers to adc.o(.text) for hw3_adc_init
    boardutil.o(.text) refers to timers.o(.text) for hw3_timer0_init
    boardutil.o(.text) refers to lcd.o(.text) for lcd_pins_init
    boardutil.o(.text) refers to wireless.o(.text) for wireless_initialize
    boardutil.o(.text) refers to boardutil.o(.data) for remoteID
    timers.o(.text) refers to printf8.o(i.__0printf$8) for __2printf
    eeprom.o(.text) refers to i2c.o(.text) for i2cVerifyBaseAddr
    eeprom.o(.text) refers to printf8.o(i.__0printf$8) for __2printf
    eeprom.o(.text) refers to rand.o(.text) for rand
    lcd.o(.text) refers to spi.o(.text) for spiTx
    lcd.o(.text) refers to gpio_port.o(.text) for gpio_enable_port
    lcd.o(.text) refers to fonts.o(.constdata) for courierNew_10ptBitmaps
    pc_buffer.o(.text) refers to malloc.o(i.malloc) for malloc
    uart_irqs.o(.text) refers to pc_buffer.o(.text) for pc_buffer_init
    uart_irqs.o(.text) refers to boardutil.o(.text) for DisableInterrupts
    uart_irqs.o(.text) refers to errno.o(i.__aeabi_errno_addr) for __aeabi_errno_addr
    uart_irqs.o(.text) refers to boardutil.o(.bss) for UART0_Tx_Buffer
    uart_irqs.o(.text) refers to stdout.o(.data) for __stdout
    uart_irqs.o(.text) refers to stdin.o(.data) for __stdin
    wireless.o(.text) refers to spi.o(.text) for spiTx
    wireless.o(.text) refers to wireless.o(.data) for wirelessPacketsSent
    wireless.o(.text) refers to gpio_port.o(.text) for gpio_enable_port
    wireless.o(.text) refers to printf8.o(i.__0printf$8) for __2printf
    startup_tm4c123.o(RESET) refers to startup_tm4c123.o(STACK) for __initial_sp
    startup_tm4c123.o(RESET) refers to startup_tm4c123.o(.text) for Reset_Handler
    startup_tm4c123.o(RESET) refers to interrupts.o(.text) for SysTick_Handler
    startup_tm4c123.o(.text) refers to system_tm4c123.o(.text) for SystemInit
    startup_tm4c123.o(.text) refers to entry.o(.ARM.Collect$$$$00000000) for __main
    system_tm4c123.o(.text) refers to system_tm4c123.o(.data) for SystemCoreClock
    entry.o(.ARM.Collect$$$$00000000) refers (Special) to entry10a.o(.ARM.Collect$$$$0000000D) for __rt_final_cpp
    entry.o(.ARM.Collect$$$$00000000) refers (Special) to entry11a.o(.ARM.Collect$$$$0000000F) for __rt_final_exit
    entry.o(.ARM.Collect$$$$00000000) refers (Special) to entry7b.o(.ARM.Collect$$$$00000008) for _main_clock
    entry.o(.ARM.Collect$$$$00000000) refers (Special) to entry8b.o(.ARM.Collect$$$$0000000A) for _main_cpp_init
    entry.o(.ARM.Collect$$$$00000000) refers (Special) to entry9a.o(.ARM.Collect$$$$0000000B) for _main_init
    entry.o(.ARM.Collect$$$$00000000) refers (Special) to entry5.o(.ARM.Collect$$$$00000004) for _main_scatterload
    entry.o(.ARM.Collect$$$$00000000) refers (Special) to entry2.o(.ARM.Collect$$$$00000001) for _main_stk
    rand.o(.text) refers to rand.o(.data) for .data
    printfb.o(i.__0fprintf$bare) refers to printfb.o(i._printf_core) for _printf_core
    printfb.o(i.__0fprintf$bare) refers to uart_irqs.o(.text) for fputc
    printfb.o(i.__0printf$bare) refers to printfb.o(i._printf_core) for _printf_core
    printfb.o(i.__0printf$bare) refers to uart_irqs.o(.text) for fputc
    printfb.o(i.__0printf$bare) refers to stdout.o(.data) for __stdout
    printfb.o(i.__0snprintf$bare) refers to printfb.o(i._printf_core) for _printf_core
    printfb.o(i.__0snprintf$bare) refers to printfb.o(i._snputc) for _snputc
    printfb.o(i.__0sprintf$bare) refers to printfb.o(i._printf_core) for _printf_core
    printfb.o(i.__0sprintf$bare) refers to printfb.o(i._sputc) for _sputc
    printfb.o(i.__0vfprintf$bare) refers to printfb.o(i._printf_core) for _printf_core
    printfb.o(i.__0vfprintf$bare) refers to uart_irqs.o(.text) for fputc
    printfb.o(i.__0vprintf$bare) refers to printfb.o(i._printf_core) for _printf_core
    printfb.o(i.__0vprintf$bare) refers to uart_irqs.o(.text) for fputc
    printfb.o(i.__0vprintf$bare) refers to stdout.o(.data) for __stdout
    printfb.o(i.__0vsnprintf$bare) refers to printfb.o(i._printf_core) for _printf_core
    printfb.o(i.__0vsnprintf$bare) refers to printfb.o(i._snputc) for _snputc
    printfb.o(i.__0vsprintf$bare) refers to printfb.o(i._printf_core) for _printf_core
    printfb.o(i.__0vsprintf$bare) refers to printfb.o(i._sputc) for _sputc
    printf0.o(i.__0fprintf$0) refers to printf0.o(i._printf_core) for _printf_core
    printf0.o(i.__0fprintf$0) refers to uart_irqs.o(.text) for fputc
    printf0.o(i.__0printf$0) refers to printf0.o(i._printf_core) for _printf_core
    printf0.o(i.__0printf$0) refers to uart_irqs.o(.text) for fputc
    printf0.o(i.__0printf$0) refers to stdout.o(.data) for __stdout
    printf0.o(i.__0snprintf$0) refers to printf0.o(i._printf_core) for _printf_core
    printf0.o(i.__0snprintf$0) refers to printf0.o(i._snputc) for _snputc
    printf0.o(i.__0sprintf$0) refers to printf0.o(i._printf_core) for _printf_core
    printf0.o(i.__0sprintf$0) refers to printf0.o(i._sputc) for _sputc
    printf0.o(i.__0vfprintf$0) refers to printf0.o(i._printf_core) for _printf_core
    printf0.o(i.__0vfprintf$0) refers to uart_irqs.o(.text) for fputc
    printf0.o(i.__0vprintf$0) refers to printf0.o(i._printf_core) for _printf_core
    printf0.o(i.__0vprintf$0) refers to uart_irqs.o(.text) for fputc
    printf0.o(i.__0vprintf$0) refers to stdout.o(.data) for __stdout
    printf0.o(i.__0vsnprintf$0) refers to printf0.o(i._printf_core) for _printf_core
    printf0.o(i.__0vsnprintf$0) refers to printf0.o(i._snputc) for _snputc
    printf0.o(i.__0vsprintf$0) refers to printf0.o(i._printf_core) for _printf_core
    printf0.o(i.__0vsprintf$0) refers to printf0.o(i._sputc) for _sputc
    printf1.o(i.__0fprintf$1) refers to printf1.o(i._printf_core) for _printf_core
    printf1.o(i.__0fprintf$1) refers to uart_irqs.o(.text) for fputc
    printf1.o(i.__0printf$1) refers to printf1.o(i._printf_core) for _printf_core
    printf1.o(i.__0printf$1) refers to uart_irqs.o(.text) for fputc
    printf1.o(i.__0printf$1) refers to stdout.o(.data) for __stdout
    printf1.o(i.__0snprintf$1) refers to printf1.o(i._printf_core) for _printf_core
    printf1.o(i.__0snprintf$1) refers to printf1.o(i._snputc) for _snputc
    printf1.o(i.__0sprintf$1) refers to printf1.o(i._printf_core) for _printf_core
    printf1.o(i.__0sprintf$1) refers to printf1.o(i._sputc) for _sputc
    printf1.o(i.__0vfprintf$1) refers to printf1.o(i._printf_core) for _printf_core
    printf1.o(i.__0vfprintf$1) refers to uart_irqs.o(.text) for fputc
    printf1.o(i.__0vprintf$1) refers to printf1.o(i._printf_core) for _printf_core
    printf1.o(i.__0vprintf$1) refers to uart_irqs.o(.text) for fputc
    printf1.o(i.__0vprintf$1) refers to stdout.o(.data) for __stdout
    printf1.o(i.__0vsnprintf$1) refers to printf1.o(i._printf_core) for _printf_core
    printf1.o(i.__0vsnprintf$1) refers to printf1.o(i._snputc) for _snputc
    printf1.o(i.__0vsprintf$1) refers to printf1.o(i._printf_core) for _printf_core
    printf1.o(i.__0vsprintf$1) refers to printf1.o(i._sputc) for _sputc
    printf1.o(i._printf_core) refers to uidiv.o(.text) for __aeabi_uidivmod
    printf2.o(i.__0fprintf$2) refers to printf2.o(i._printf_core) for _printf_core
    printf2.o(i.__0fprintf$2) refers to uart_irqs.o(.text) for fputc
    printf2.o(i.__0printf$2) refers to printf2.o(i._printf_core) for _printf_core
    printf2.o(i.__0printf$2) refers to uart_irqs.o(.text) for fputc
    printf2.o(i.__0printf$2) refers to stdout.o(.data) for __stdout
    printf2.o(i.__0snprintf$2) refers to printf2.o(i._printf_core) for _printf_core
    printf2.o(i.__0snprintf$2) refers to printf2.o(i._snputc) for _snputc
    printf2.o(i.__0sprintf$2) refers to printf2.o(i._printf_core) for _printf_core
    printf2.o(i.__0sprintf$2) refers to printf2.o(i._sputc) for _sputc
    printf2.o(i.__0vfprintf$2) refers to printf2.o(i._printf_core) for _printf_core
    printf2.o(i.__0vfprintf$2) refers to uart_irqs.o(.text) for fputc
    printf2.o(i.__0vprintf$2) refers to printf2.o(i._printf_core) for _printf_core
    printf2.o(i.__0vprintf$2) refers to uart_irqs.o(.text) for fputc
    printf2.o(i.__0vprintf$2) refers to stdout.o(.data) for __stdout
    printf2.o(i.__0vsnprintf$2) refers to printf2.o(i._printf_core) for _printf_core
    printf2.o(i.__0vsnprintf$2) refers to printf2.o(i._snputc) for _snputc
    printf2.o(i.__0vsprintf$2) refers to printf2.o(i._printf_core) for _printf_core
    printf2.o(i.__0vsprintf$2) refers to printf2.o(i._sputc) for _sputc
    printf3.o(i.__0fprintf$3) refers to printf3.o(i._printf_core) for _printf_core
    printf3.o(i.__0fprintf$3) refers to uart_irqs.o(.text) for fputc
    printf3.o(i.__0printf$3) refers to printf3.o(i._printf_core) for _printf_core
    printf3.o(i.__0printf$3) refers to uart_irqs.o(.text) for fputc
    printf3.o(i.__0printf$3) refers to stdout.o(.data) for __stdout
    printf3.o(i.__0snprintf$3) refers to printf3.o(i._printf_core) for _printf_core
    printf3.o(i.__0snprintf$3) refers to printf3.o(i._snputc) for _snputc
    printf3.o(i.__0sprintf$3) refers to printf3.o(i._printf_core) for _printf_core
    printf3.o(i.__0sprintf$3) refers to printf3.o(i._sputc) for _sputc
    printf3.o(i.__0vfprintf$3) refers to printf3.o(i._printf_core) for _printf_core
    printf3.o(i.__0vfprintf$3) refers to uart_irqs.o(.text) for fputc
    printf3.o(i.__0vprintf$3) refers to printf3.o(i._printf_core) for _printf_core
    printf3.o(i.__0vprintf$3) refers to uart_irqs.o(.text) for fputc
    printf3.o(i.__0vprintf$3) refers to stdout.o(.data) for __stdout
    printf3.o(i.__0vsnprintf$3) refers to printf3.o(i._printf_core) for _printf_core
    printf3.o(i.__0vsnprintf$3) refers to printf3.o(i._snputc) for _snputc
    printf3.o(i.__0vsprintf$3) refers to printf3.o(i._printf_core) for _printf_core
    printf3.o(i.__0vsprintf$3) refers to printf3.o(i._sputc) for _sputc
    printf3.o(i._printf_core) refers to uidiv.o(.text) for __aeabi_uidivmod
    printf4.o(i.__0fprintf$4) refers to printf4.o(i._printf_core) for _printf_core
    printf4.o(i.__0fprintf$4) refers to uart_irqs.o(.text) for fputc
    printf4.o(i.__0printf$4) refers to printf4.o(i._printf_core) for _printf_core
    printf4.o(i.__0printf$4) refers to uart_irqs.o(.text) for fputc
    printf4.o(i.__0printf$4) refers to stdout.o(.data) for __stdout
    printf4.o(i.__0snprintf$4) refers to printf4.o(i._printf_core) for _printf_core
    printf4.o(i.__0snprintf$4) refers to printf4.o(i._snputc) for _snputc
    printf4.o(i.__0sprintf$4) refers to printf4.o(i._printf_core) for _printf_core
    printf4.o(i.__0sprintf$4) refers to printf4.o(i._sputc) for _sputc
    printf4.o(i.__0vfprintf$4) refers to printf4.o(i._printf_core) for _printf_core
    printf4.o(i.__0vfprintf$4) refers to uart_irqs.o(.text) for fputc
    printf4.o(i.__0vprintf$4) refers to printf4.o(i._printf_core) for _printf_core
    printf4.o(i.__0vprintf$4) refers to uart_irqs.o(.text) for fputc
    printf4.o(i.__0vprintf$4) refers to stdout.o(.data) for __stdout
    printf4.o(i.__0vsnprintf$4) refers to printf4.o(i._printf_core) for _printf_core
    printf4.o(i.__0vsnprintf$4) refers to printf4.o(i._snputc) for _snputc
    printf4.o(i.__0vsprintf$4) refers to printf4.o(i._printf_core) for _printf_core
    printf4.o(i.__0vsprintf$4) refers to printf4.o(i._sputc) for _sputc
    printf4.o(i._printf_core) refers to uldiv.o(.text) for __aeabi_uldivmod
    printf5.o(i.__0fprintf$5) refers to printf5.o(i._printf_core) for _printf_core
    printf5.o(i.__0fprintf$5) refers to uart_irqs.o(.text) for fputc
    printf5.o(i.__0printf$5) refers to printf5.o(i._printf_core) for _printf_core
    printf5.o(i.__0printf$5) refers to uart_irqs.o(.text) for fputc
    printf5.o(i.__0printf$5) refers to stdout.o(.data) for __stdout
    printf5.o(i.__0snprintf$5) refers to printf5.o(i._printf_core) for _printf_core
    printf5.o(i.__0snprintf$5) refers to printf5.o(i._snputc) for _snputc
    printf5.o(i.__0sprintf$5) refers to printf5.o(i._printf_core) for _printf_core
    printf5.o(i.__0sprintf$5) refers to printf5.o(i._sputc) for _sputc
    printf5.o(i.__0vfprintf$5) refers to printf5.o(i._printf_core) for _printf_core
    printf5.o(i.__0vfprintf$5) refers to uart_irqs.o(.text) for fputc
    printf5.o(i.__0vprintf$5) refers to printf5.o(i._printf_core) for _printf_core
    printf5.o(i.__0vprintf$5) refers to uart_irqs.o(.text) for fputc
    printf5.o(i.__0vprintf$5) refers to stdout.o(.data) for __stdout
    printf5.o(i.__0vsnprintf$5) refers to printf5.o(i._printf_core) for _printf_core
    printf5.o(i.__0vsnprintf$5) refers to printf5.o(i._snputc) for _snputc
    printf5.o(i.__0vsprintf$5) refers to printf5.o(i._printf_core) for _printf_core
    printf5.o(i.__0vsprintf$5) refers to printf5.o(i._sputc) for _sputc
    printf5.o(i._printf_core) refers to uldiv.o(.text) for __aeabi_uldivmod
    printf6.o(i.__0fprintf$6) refers to printf6.o(i._printf_core) for _printf_core
    printf6.o(i.__0fprintf$6) refers to uart_irqs.o(.text) for fputc
    printf6.o(i.__0printf$6) refers to printf6.o(i._printf_core) for _printf_core
    printf6.o(i.__0printf$6) refers to uart_irqs.o(.text) for fputc
    printf6.o(i.__0printf$6) refers to stdout.o(.data) for __stdout
    printf6.o(i.__0snprintf$6) refers to printf6.o(i._printf_core) for _printf_core
    printf6.o(i.__0snprintf$6) refers to printf6.o(i._snputc) for _snputc
    printf6.o(i.__0sprintf$6) refers to printf6.o(i._printf_core) for _printf_core
    printf6.o(i.__0sprintf$6) refers to printf6.o(i._sputc) for _sputc
    printf6.o(i.__0vfprintf$6) refers to printf6.o(i._printf_core) for _printf_core
    printf6.o(i.__0vfprintf$6) refers to uart_irqs.o(.text) for fputc
    printf6.o(i.__0vprintf$6) refers to printf6.o(i._printf_core) for _printf_core
    printf6.o(i.__0vprintf$6) refers to uart_irqs.o(.text) for fputc
    printf6.o(i.__0vprintf$6) refers to stdout.o(.data) for __stdout
    printf6.o(i.__0vsnprintf$6) refers to printf6.o(i._printf_core) for _printf_core
    printf6.o(i.__0vsnprintf$6) refers to printf6.o(i._snputc) for _snputc
    printf6.o(i.__0vsprintf$6) refers to printf6.o(i._printf_core) for _printf_core
    printf6.o(i.__0vsprintf$6) refers to printf6.o(i._sputc) for _sputc
    printf6.o(i._printf_core) refers to printf6.o(i._printf_pre_padding) for _printf_pre_padding
    printf6.o(i._printf_core) refers to uidiv.o(.text) for __aeabi_uidivmod
    printf6.o(i._printf_core) refers to printf6.o(i._printf_post_padding) for _printf_post_padding
    printf7.o(i.__0fprintf$7) refers to printf7.o(i._printf_core) for _printf_core
    printf7.o(i.__0fprintf$7) refers to uart_irqs.o(.text) for fputc
    printf7.o(i.__0printf$7) refers to printf7.o(i._printf_core) for _printf_core
    printf7.o(i.__0printf$7) refers to uart_irqs.o(.text) for fputc
    printf7.o(i.__0printf$7) refers to stdout.o(.data) for __stdout
    printf7.o(i.__0snprintf$7) refers to printf7.o(i._printf_core) for _printf_core
    printf7.o(i.__0snprintf$7) refers to printf7.o(i._snputc) for _snputc
    printf7.o(i.__0sprintf$7) refers to printf7.o(i._printf_core) for _printf_core
    printf7.o(i.__0sprintf$7) refers to printf7.o(i._sputc) for _sputc
    printf7.o(i.__0vfprintf$7) refers to printf7.o(i._printf_core) for _printf_core
    printf7.o(i.__0vfprintf$7) refers to uart_irqs.o(.text) for fputc
    printf7.o(i.__0vprintf$7) refers to printf7.o(i._printf_core) for _printf_core
    printf7.o(i.__0vprintf$7) refers to uart_irqs.o(.text) for fputc
    printf7.o(i.__0vprintf$7) refers to stdout.o(.data) for __stdout
    printf7.o(i.__0vsnprintf$7) refers to printf7.o(i._printf_core) for _printf_core
    printf7.o(i.__0vsnprintf$7) refers to printf7.o(i._snputc) for _snputc
    printf7.o(i.__0vsprintf$7) refers to printf7.o(i._printf_core) for _printf_core
    printf7.o(i.__0vsprintf$7) refers to printf7.o(i._sputc) for _sputc
    printf7.o(i._printf_core) refers to printf7.o(i._printf_pre_padding) for _printf_pre_padding
    printf7.o(i._printf_core) refers to uldiv.o(.text) for __aeabi_uldivmod
    printf7.o(i._printf_core) refers to printf7.o(i._printf_post_padding) for _printf_post_padding
    printf8.o(i.__0fprintf$8) refers to printf8.o(i._printf_core) for _printf_core
    printf8.o(i.__0fprintf$8) refers to uart_irqs.o(.text) for fputc
    printf8.o(i.__0printf$8) refers to printf8.o(i._printf_core) for _printf_core
    printf8.o(i.__0printf$8) refers to uart_irqs.o(.text) for fputc
    printf8.o(i.__0printf$8) refers to stdout.o(.data) for __stdout
    printf8.o(i.__0snprintf$8) refers to printf8.o(i._printf_core) for _printf_core
    printf8.o(i.__0snprintf$8) refers to printf8.o(i._snputc) for _snputc
    printf8.o(i.__0sprintf$8) refers to printf8.o(i._printf_core) for _printf_core
    printf8.o(i.__0sprintf$8) refers to printf8.o(i._sputc) for _sputc
    printf8.o(i.__0vfprintf$8) refers to printf8.o(i._printf_core) for _printf_core
    printf8.o(i.__0vfprintf$8) refers to uart_irqs.o(.text) for fputc
    printf8.o(i.__0vprintf$8) refers to printf8.o(i._printf_core) for _printf_core
    printf8.o(i.__0vprintf$8) refers to uart_irqs.o(.text) for fputc
    printf8.o(i.__0vprintf$8) refers to stdout.o(.data) for __stdout
    printf8.o(i.__0vsnprintf$8) refers to printf8.o(i._printf_core) for _printf_core
    printf8.o(i.__0vsnprintf$8) refers to printf8.o(i._snputc) for _snputc
    printf8.o(i.__0vsprintf$8) refers to printf8.o(i._printf_core) for _printf_core
    printf8.o(i.__0vsprintf$8) refers to printf8.o(i._sputc) for _sputc
    printf8.o(i._printf_core) refers to printf8.o(i._printf_pre_padding) for _printf_pre_padding
    printf8.o(i._printf_core) refers to uldiv.o(.text) for __aeabi_uldivmod
    printf8.o(i._printf_core) refers to printf8.o(i._printf_post_padding) for _printf_post_padding
    printfa.o(i.__0fprintf) refers (Special) to iusefp.o(.text) for __I$use$fp
    printfa.o(i.__0fprintf) refers to printfa.o(i._printf_core) for _printf_core
    printfa.o(i.__0fprintf) refers to uart_irqs.o(.text) for fputc
    printfa.o(i.__0printf) refers (Special) to iusefp.o(.text) for __I$use$fp
    printfa.o(i.__0printf) refers to printfa.o(i._printf_core) for _printf_core
    printfa.o(i.__0printf) refers to uart_irqs.o(.text) for fputc
    printfa.o(i.__0printf) refers to stdout.o(.data) for __stdout
    printfa.o(i.__0snprintf) refers (Special) to iusefp.o(.text) for __I$use$fp
    printfa.o(i.__0snprintf) refers to printfa.o(i._printf_core) for _printf_core
    printfa.o(i.__0snprintf) refers to printfa.o(i._snputc) for _snputc
    printfa.o(i.__0sprintf) refers (Special) to iusefp.o(.text) for __I$use$fp
    printfa.o(i.__0sprintf) refers to printfa.o(i._printf_core) for _printf_core
    printfa.o(i.__0sprintf) refers to printfa.o(i._sputc) for _sputc
    printfa.o(i.__0vfprintf) refers (Special) to iusefp.o(.text) for __I$use$fp
    printfa.o(i.__0vfprintf) refers to printfa.o(i._printf_core) for _printf_core
    printfa.o(i.__0vfprintf) refers to uart_irqs.o(.text) for fputc
    printfa.o(i.__0vprintf) refers (Special) to iusefp.o(.text) for __I$use$fp
    printfa.o(i.__0vprintf) refers to printfa.o(i._printf_core) for _printf_core
    printfa.o(i.__0vprintf) refers to uart_irqs.o(.text) for fputc
    printfa.o(i.__0vprintf) refers to stdout.o(.data) for __stdout
    printfa.o(i.__0vsnprintf) refers (Special) to iusefp.o(.text) for __I$use$fp
    printfa.o(i.__0vsnprintf) refers to printfa.o(i._printf_core) for _printf_core
    printfa.o(i.__0vsnprintf) refers to printfa.o(i._snputc) for _snputc
    printfa.o(i.__0vsprintf) refers (Special) to iusefp.o(.text) for __I$use$fp
    printfa.o(i.__0vsprintf) refers to printfa.o(i._printf_core) for _printf_core
    printfa.o(i.__0vsprintf) refers to printfa.o(i._sputc) for _sputc
    printfa.o(i._fp_digits) refers (Special) to iusefp.o(.text) for __I$use$fp
    printfa.o(i._fp_digits) refers to dmul.o(.text) for __aeabi_dmul
    printfa.o(i._fp_digits) refers to ddiv.o(.text) for __aeabi_ddiv
    printfa.o(i._fp_digits) refers to cdrcmple.o(.text) for __aeabi_cdrcmple
    printfa.o(i._fp_digits) refers to dadd.o(.text) for __aeabi_dadd
    printfa.o(i._fp_digits) refers to dfixul.o(.text) for __aeabi_d2ulz
    printfa.o(i._fp_digits) refers to uldiv.o(.text) for __aeabi_uldivmod
    printfa.o(i._printf_core) refers (Special) to iusefp.o(.text) for __I$use$fp
    printfa.o(i._printf_core) refers to printfa.o(i._printf_pre_padding) for _printf_pre_padding
    printfa.o(i._printf_core) refers to uldiv.o(.text) for __aeabi_uldivmod
    printfa.o(i._printf_core) refers to printfa.o(i._printf_post_padding) for _printf_post_padding
    printfa.o(i._printf_core) refers to printfa.o(i._fp_digits) for _fp_digits
    printfa.o(i._printf_core) refers to uidiv.o(.text) for __aeabi_uidivmod
    printfa.o(i._printf_post_padding) refers (Special) to iusefp.o(.text) for __I$use$fp
    printfa.o(i._printf_pre_padding) refers (Special) to iusefp.o(.text) for __I$use$fp
    printfa.o(i._snputc) refers (Special) to iusefp.o(.text) for __I$use$fp
    printfa.o(i._sputc) refers (Special) to iusefp.o(.text) for __I$use$fp
    malloc.o(i.free) refers to mvars.o(.data) for __microlib_freelist
    malloc.o(i.malloc) refers to mvars.o(.data) for __microlib_freelist_initialised
    malloc.o(i.malloc) refers to mvars.o(.data) for __microlib_freelist
    malloc.o(i.malloc) refers to startup_tm4c123.o(HEAP) for __heap_base
    mallocr.o(i.__free$realloc) refers to mvars.o(.data) for __microlib_freelist
    mallocr.o(i.__malloc$realloc) refers to mallocr.o(i.internal_alloc) for internal_alloc
    mallocr.o(i.__malloc$realloc) refers to mvars.o(.data) for __microlib_freelist_initialised
    mallocr.o(i.__malloc$realloc) refers to startup_tm4c123.o(HEAP) for __heap_base
    mallocr.o(i.__malloc$realloc) refers to mvars.o(.data) for __microlib_freelist
    mallocr.o(i.internal_alloc) refers to memcpya.o(.text) for __aeabi_memcpy
    mallocr.o(i.internal_alloc) refers to mvars.o(.data) for __microlib_freelist
    mallocr.o(i.realloc) refers to mallocr.o(i.__free$realloc) for __free$realloc
    mallocr.o(i.realloc) refers to mallocr.o(i.internal_alloc) for internal_alloc
    mallocr.o(i.realloc) refers to mallocr.o(i.__malloc$realloc) for __malloc$realloc
    mallocr.o(i.realloc) refers to mvars.o(.data) for __microlib_freelist
    malloca.o(i.__aligned_malloc) refers to mvars.o(.data) for __microlib_freelist_initialised
    malloca.o(i.__aligned_malloc) refers to mvars.o(.data) for __microlib_freelist
    malloca.o(i.__aligned_malloc) refers to startup_tm4c123.o(HEAP) for __heap_base
    malloca.o(i.__free$memalign) refers to mvars.o(.data) for __microlib_freelist
    malloca.o(i.__malloc$memalign) refers to malloca.o(i.__aligned_malloc) for __aligned_malloc
    mallocra.o(i.__aligned_malloc$realloc) refers to mallocra.o(i.internal_alloc) for internal_alloc
    mallocra.o(i.__aligned_malloc$realloc) refers to mvars.o(.data) for __microlib_freelist_initialised
    mallocra.o(i.__aligned_malloc$realloc) refers to startup_tm4c123.o(HEAP) for __heap_base
    mallocra.o(i.__aligned_malloc$realloc) refers to mvars.o(.data) for __microlib_freelist
    mallocra.o(i.__free$realloc$memalign) refers to mvars.o(.data) for __microlib_freelist
    mallocra.o(i.__malloc$realloc$memalign) refers to mallocra.o(i.__aligned_malloc$realloc) for __aligned_malloc$realloc
    mallocra.o(i.__realloc$memalign) refers to mallocra.o(i.__free$realloc$memalign) for __free$realloc$memalign
    mallocra.o(i.__realloc$memalign) refers to mallocra.o(i.internal_alloc) for internal_alloc
    mallocra.o(i.__realloc$memalign) refers to mallocra.o(i.__malloc$realloc$memalign) for __malloc$realloc$memalign
    mallocra.o(i.__realloc$memalign) refers to mvars.o(.data) for __microlib_freelist
    mallocra.o(i.internal_alloc) refers to memcpya.o(.text) for __aeabi_memcpy
    mallocra.o(i.internal_alloc) refers to mvars.o(.data) for __microlib_freelist
    errno.o(i.__aeabi_errno_addr) refers to errno.o(.data) for .data
    errno.o(i.__read_errno) refers to errno.o(.data) for .data
    errno.o(i.__set_errno) refers to errno.o(.data) for .data
    __0scanf.o(.text) refers to scanf_char_file.o(.text) for __vfscanf_char_file
    __0scanf.o(.text) refers to stdin.o(.data) for __stdin
    entry2.o(.ARM.Collect$$$$00000001) refers to entry2.o(.ARM.Collect$$$$00002712) for __lit__00000000
    entry2.o(.ARM.Collect$$$$00002712) refers to startup_tm4c123.o(STACK) for __initial_sp
    entry2.o(__vectab_stack_and_reset_area) refers to startup_tm4c123.o(STACK) for __initial_sp
    entry2.o(__vectab_stack_and_reset_area) refers to entry.o(.ARM.Collect$$$$00000000) for __main
    entry5.o(.ARM.Collect$$$$00000004) refers to init.o(.text) for __scatterload
    entry9a.o(.ARM.Collect$$$$0000000B) refers to main.o(.text) for main
    entry9b.o(.ARM.Collect$$$$0000000C) refers to main.o(.text) for main
    uldiv.o(.text) refers to llushr.o(.text) for __aeabi_llsr
    uldiv.o(.text) refers to llshl.o(.text) for __aeabi_llsl
    scanf_char_file.o(.text) refers to scanf_char.o(.text) for __vfscanf_char
    scanf_char_file.o(.text) refers to uart_irqs.o(.text) for fgetc
    scanf_char_file.o(.text) refers to fgetc_b.o(.text) for __backspace
    dadd.o(.text) refers to llshl.o(.text) for __aeabi_llsl
    dadd.o(.text) refers to llsshr.o(.text) for __aeabi_lasr
    dadd.o(.text) refers to depilogue.o(.text) for _double_epilogue
    dmul.o(.text) refers to depilogue.o(.text) for _double_epilogue
    ddiv.o(.text) refers to depilogue.o(.text) for _double_round
    dfixul.o(.text) refers to llushr.o(.text) for __aeabi_llsr
    dfixul.o(.text) refers to llshl.o(.text) for __aeabi_llsl
    init.o(.text) refers to entry5.o(.ARM.Collect$$$$00000004) for __main_after_scatterload
    fgetc_b.o(.text) refers (Special) to iusesemig.o(.text) for __I$use$semihosting$fgetc
    fgetc_b.o(.text) refers (Special) to semi.o(.text) for __semihosting_library_function
    fgetc_b.o(.text) refers to fgetc_b.o(.data) for .data
    fgetc_b.o(.data) refers (Special) to iusesemig.o(.text) for __I$use$semihosting$fgetc
    fgetc_b.o(.data) refers (Special) to semi.o(.text) for __semihosting_library_function
    scanf_char.o(.text) refers to _scanf.o(.text) for __vfscanf
    scanf_char.o(.text) refers to isspace_c.o(.text) for isspace
    depilogue.o(.text) refers to llshl.o(.text) for __aeabi_llsl
    depilogue.o(.text) refers to llushr.o(.text) for __aeabi_llsr
    isspace_c.o(.text) refers to ctype_c.o(.text) for __ctype_lookup
    _scanf.o(.text) refers (Weak) to _scanf_str.o(.text) for _scanf_string
    ctype_c.o(.text) refers to ctype_c.o(.constdata) for .constdata


==============================================================================

Removing Unused input sections from the image.

    Removing main.o(.rev16_text), (4 bytes).
    Removing main.o(.revsh_text), (4 bytes).
    Removing interrupts.o(.rev16_text), (4 bytes).
    Removing interrupts.o(.revsh_text), (4 bytes).
    Removing boardutil.o(.rev16_text), (4 bytes).
    Removing boardutil.o(.revsh_text), (4 bytes).
    Removing adc.o(.rev16_text), (4 bytes).
    Removing adc.o(.revsh_text), (4 bytes).
    Removing gpio_port.o(.rev16_text), (4 bytes).
    Removing gpio_port.o(.revsh_text), (4 bytes).
    Removing timers.o(.rev16_text), (4 bytes).
    Removing timers.o(.revsh_text), (4 bytes).
    Removing eeprom.o(.rev16_text), (4 bytes).
    Removing eeprom.o(.revsh_text), (4 bytes).
    Removing i2c.o(.rev16_text), (4 bytes).
    Removing i2c.o(.revsh_text), (4 bytes).
    Removing lcd.o(.rev16_text), (4 bytes).
    Removing lcd.o(.revsh_text), (4 bytes).
    Removing spi.o(.rev16_text), (4 bytes).
    Removing spi.o(.revsh_text), (4 bytes).
    Removing uart.o(.rev16_text), (4 bytes).
    Removing uart.o(.revsh_text), (4 bytes).
    Removing uart.o(.text), (360 bytes).
    Removing uart_irqs.o(.rev16_text), (4 bytes).
    Removing uart_irqs.o(.revsh_text), (4 bytes).
    Removing wireless.o(.rev16_text), (4 bytes).
    Removing wireless.o(.revsh_text), (4 bytes).
    Removing system_tm4c123.o(.rev16_text), (4 bytes).
    Removing system_tm4c123.o(.revsh_text), (4 bytes).
    Removing dadd.o(.text), (334 bytes).
    Removing dmul.o(.text), (228 bytes).
    Removing ddiv.o(.text), (222 bytes).
    Removing dfixul.o(.text), (48 bytes).
    Removing cdrcmple.o(.text), (40 bytes).
    Removing depilogue.o(.text), (182 bytes).

35 unused section(s) (total 1526 bytes) removed from the image.

==============================================================================

Image Symbol Table

    Local Symbols

    Symbol Name                              Value     Ov Type        Size  Object(Section)

    RESET                                    0x00000000   Section      620  startup_tm4c123.o(RESET)
    ../clib/microlib/ctype/ctype.c           0x00000000   Number         0  ctype_c.o ABSOLUTE
    ../clib/microlib/ctype/ctype.c           0x00000000   Number         0  isspace_c.o ABSOLUTE
    ../clib/microlib/division.c              0x00000000   Number         0  uidiv.o ABSOLUTE
    ../clib/microlib/division.c              0x00000000   Number         0  uldiv.o ABSOLUTE
    ../clib/microlib/errno.c                 0x00000000   Number         0  errno.o ABSOLUTE
    ../clib/microlib/init/entry.s            0x00000000   Number         0  entry7a.o ABSOLUTE
    ../clib/microlib/init/entry.s            0x00000000   Number         0  entry10b.o ABSOLUTE
    ../clib/microlib/init/entry.s            0x00000000   Number         0  entry10a.o ABSOLUTE
    ../clib/microlib/init/entry.s            0x00000000   Number         0  entry9b.o ABSOLUTE
    ../clib/microlib/init/entry.s            0x00000000   Number         0  entry9a.o ABSOLUTE
    ../clib/microlib/init/entry.s            0x00000000   Number         0  entry8b.o ABSOLUTE
    ../clib/microlib/init/entry.s            0x00000000   Number         0  entry8a.o ABSOLUTE
    ../clib/microlib/init/entry.s            0x00000000   Number         0  entry7b.o ABSOLUTE
    ../clib/microlib/init/entry.s            0x00000000   Number         0  entry5.o ABSOLUTE
    ../clib/microlib/init/entry.s            0x00000000   Number         0  entry2.o ABSOLUTE
    ../clib/microlib/init/entry.s            0x00000000   Number         0  entry11b.o ABSOLUTE
    ../clib/microlib/init/entry.s            0x00000000   Number         0  entry.o ABSOLUTE
    ../clib/microlib/init/entry.s            0x00000000   Number         0  entry11a.o ABSOLUTE
    ../clib/microlib/longlong.c              0x00000000   Number         0  llsshr.o ABSOLUTE
    ../clib/microlib/longlong.c              0x00000000   Number         0  llshl.o ABSOLUTE
    ../clib/microlib/longlong.c              0x00000000   Number         0  llushr.o ABSOLUTE
    ../clib/microlib/malloc/malloc.c         0x00000000   Number         0  malloca.o ABSOLUTE
    ../clib/microlib/malloc/malloc.c         0x00000000   Number         0  mallocr.o ABSOLUTE
    ../clib/microlib/malloc/malloc.c         0x00000000   Number         0  malloc.o ABSOLUTE
    ../clib/microlib/malloc/malloc.c         0x00000000   Number         0  mallocra.o ABSOLUTE
    ../clib/microlib/malloc/mvars.c          0x00000000   Number         0  mvars.o ABSOLUTE
    ../clib/microlib/printf/printf.c         0x00000000   Number         0  printf4.o ABSOLUTE
    ../clib/microlib/printf/printf.c         0x00000000   Number         0  printfa.o ABSOLUTE
    ../clib/microlib/printf/printf.c         0x00000000   Number         0  printf3.o ABSOLUTE
    ../clib/microlib/printf/printf.c         0x00000000   Number         0  printf2.o ABSOLUTE
    ../clib/microlib/printf/printf.c         0x00000000   Number         0  printf1.o ABSOLUTE
    ../clib/microlib/printf/printf.c         0x00000000   Number         0  printf0.o ABSOLUTE
    ../clib/microlib/printf/printf.c         0x00000000   Number         0  printf6.o ABSOLUTE
    ../clib/microlib/printf/printf.c         0x00000000   Number         0  printf5.o ABSOLUTE
    ../clib/microlib/printf/printf.c         0x00000000   Number         0  printf7.o ABSOLUTE
    ../clib/microlib/printf/printf.c         0x00000000   Number         0  printfb.o ABSOLUTE
    ../clib/microlib/printf/printf.c         0x00000000   Number         0  printf8.o ABSOLUTE
    ../clib/microlib/printf/stubs.s          0x00000000   Number         0  stubs.o ABSOLUTE
    ../clib/microlib/stdio/fgetc.c           0x00000000   Number         0  fgetc_b.o ABSOLUTE
    ../clib/microlib/stdio/semi.s            0x00000000   Number         0  semi.o ABSOLUTE
    ../clib/microlib/stdio/streams.c         0x00000000   Number         0  stdin.o ABSOLUTE
    ../clib/microlib/stdio/streams.c         0x00000000   Number         0  stdout.o ABSOLUTE
    ../clib/microlib/stdlib/rand.c           0x00000000   Number         0  rand.o ABSOLUTE
    ../clib/microlib/string/memcpy.c         0x00000000   Number         0  memcpya.o ABSOLUTE
    ../clib/microlib/string/memcpy.c         0x00000000   Number         0  memcpyb.o ABSOLUTE
    ../clib/microlib/string/strlen.c         0x00000000   Number         0  strlen.o ABSOLUTE
    ../clib/microlib/stubs.s                 0x00000000   Number         0  iusefp.o ABSOLUTE
    ../clib/microlib/stubs.s                 0x00000000   Number         0  iusesemig.o ABSOLUTE
    ../clib/scanf.c                          0x00000000   Number         0  scanf_char_file.o ABSOLUTE
    ../clib/scanf.c                          0x00000000   Number         0  __0scanf.o ABSOLUTE
    ../clib/scanf.c                          0x00000000   Number         0  scanf_char.o ABSOLUTE
    ../clib/scanf.c                          0x00000000   Number         0  _scanf.o ABSOLUTE
    ../clib/scanf.c                          0x00000000   Number         0  _scanf_str.o ABSOLUTE
    ../fplib/microlib/fpadd.c                0x00000000   Number         0  dadd.o ABSOLUTE
    ../fplib/microlib/fpdiv.c                0x00000000   Number         0  ddiv.o ABSOLUTE
    ../fplib/microlib/fpepilogue.c           0x00000000   Number         0  depilogue.o ABSOLUTE
    ../fplib/microlib/fpfix.c                0x00000000   Number         0  dfixul.o ABSOLUTE
    ../fplib/microlib/fpmul.c                0x00000000   Number         0  dmul.o ABSOLUTE
    ..\\drivers\\adc.c                       0x00000000   Number         0  adc.o ABSOLUTE
    ..\\drivers\\eeprom.c                    0x00000000   Number         0  eeprom.o ABSOLUTE
    ..\\drivers\\gpio_port.c                 0x00000000   Number         0  gpio_port.o ABSOLUTE
    ..\\drivers\\i2c.c                       0x00000000   Number         0  i2c.o ABSOLUTE
    ..\\drivers\\lcd.c                       0x00000000   Number         0  lcd.o ABSOLUTE
    ..\\drivers\\spi.c                       0x00000000   Number         0  spi.o ABSOLUTE
    ..\\drivers\\timers.c                    0x00000000   Number         0  timers.o ABSOLUTE
    ..\\drivers\\uart.c                      0x00000000   Number         0  uart.o ABSOLUTE
    ..\\drivers\\uart_irqs.c                 0x00000000   Number         0  uart_irqs.o ABSOLUTE
    ..\\drivers\\wireless.c                  0x00000000   Number         0  wireless.o ABSOLUTE
    ..\drivers\adc.c                         0x00000000   Number         0  adc.o ABSOLUTE
    ..\drivers\eeprom.c                      0x00000000   Number         0  eeprom.o ABSOLUTE
    ..\drivers\fonts.c                       0x00000000   Number         0  fonts.o ABSOLUTE
    ..\drivers\gpio_port.c                   0x00000000   Number         0  gpio_port.o ABSOLUTE
    ..\drivers\i2c.c                         0x00000000   Number         0  i2c.o ABSOLUTE
    ..\drivers\lcd.c                         0x00000000   Number         0  lcd.o ABSOLUTE
    ..\drivers\pc_buffer.c                   0x00000000   Number         0  pc_buffer.o ABSOLUTE
    ..\drivers\spi.c                         0x00000000   Number         0  spi.o ABSOLUTE
    ..\drivers\timers.c                      0x00000000   Number         0  timers.o ABSOLUTE
    ..\drivers\uart.c                        0x00000000   Number         0  uart.o ABSOLUTE
    ..\drivers\uart_irqs.c                   0x00000000   Number         0  uart_irqs.o ABSOLUTE
    ..\drivers\wireless.c                    0x00000000   Number         0  wireless.o ABSOLUTE
    RTE\Device\TM4C123GH6PM\startup_TM4C123.s 0x00000000   Number         0  startup_tm4c123.o ABSOLUTE
    RTE\Device\TM4C123GH6PM\system_TM4C123.c 0x00000000   Number         0  system_tm4c123.o ABSOLUTE
    RTE\\Device\\TM4C123GH6PM\\system_TM4C123.c 0x00000000   Number         0  system_tm4c123.o ABSOLUTE
    boardUtil.c                              0x00000000   Number         0  boardutil.o ABSOLUTE
    boardUtil.c                              0x00000000   Number         0  boardutil.o ABSOLUTE
    cdrcmple.s                               0x00000000   Number         0  cdrcmple.o ABSOLUTE
    dc.s                                     0x00000000   Number         0  dc.o ABSOLUTE
    handlers.s                               0x00000000   Number         0  handlers.o ABSOLUTE
    init.s                                   0x00000000   Number         0  init.o ABSOLUTE
    interrupts.c                             0x00000000   Number         0  interrupts.o ABSOLUTE
    interrupts.c                             0x00000000   Number         0  interrupts.o ABSOLUTE
    main.c                                   0x00000000   Number         0  main.o ABSOLUTE
    main.c                                   0x00000000   Number         0  main.o ABSOLUTE
    .ARM.Collect$$$$00000000                 0x0000026c   Section        0  entry.o(.ARM.Collect$$$$00000000)
    .ARM.Collect$$$$00000001                 0x0000026c   Section        4  entry2.o(.ARM.Collect$$$$00000001)
    .ARM.Collect$$$$00000004                 0x00000270   Section        4  entry5.o(.ARM.Collect$$$$00000004)
    .ARM.Collect$$$$00000008                 0x00000274   Section        0  entry7b.o(.ARM.Collect$$$$00000008)
    .ARM.Collect$$$$0000000A                 0x00000274   Section        0  entry8b.o(.ARM.Collect$$$$0000000A)
    .ARM.Collect$$$$0000000B                 0x00000274   Section        8  entry9a.o(.ARM.Collect$$$$0000000B)
    .ARM.Collect$$$$0000000D                 0x0000027c   Section        0  entry10a.o(.ARM.Collect$$$$0000000D)
    .ARM.Collect$$$$0000000F                 0x0000027c   Section        0  entry11a.o(.ARM.Collect$$$$0000000F)
    .ARM.Collect$$$$00002712                 0x0000027c   Section        4  entry2.o(.ARM.Collect$$$$00002712)
    __lit__00000000                          0x0000027c   Data           4  entry2.o(.ARM.Collect$$$$00002712)
    .text                                    0x00000280   Section        0  main.o(.text)
    .text                                    0x00000c2c   Section        0  interrupts.o(.text)
    .text                                    0x00000d90   Section        0  boardutil.o(.text)
    NVIC_SetPriority                         0x00000d91   Thumb Code    32  boardutil.o(.text)
    .text                                    0x00000fd4   Section        0  adc.o(.text)
    NVIC_SetPriority                         0x00000fd5   Thumb Code    32  adc.o(.text)
    NVIC_EnableIRQ                           0x00001167   Thumb Code    22  adc.o(.text)
    .text                                    0x000011a4   Section        0  gpio_port.o(.text)
    verifyBaseAddr                           0x000011a5   Thumb Code    64  gpio_port.o(.text)
    .text                                    0x000014c4   Section        0  timers.o(.text)
    NVIC_SetPriority                         0x000014c5   Thumb Code    32  timers.o(.text)
    verify_base_addr                         0x000014e5   Thumb Code    64  timers.o(.text)
    get_clock_masks                          0x00001525   Thumb Code   106  timers.o(.text)
    NVIC_EnableIRQ                           0x00001769   Thumb Code    22  timers.o(.text)
    .text                                    0x000017b4   Section        0  eeprom.o(.text)
    eeprom_wait_for_write                    0x000017b5   Thumb Code    68  eeprom.o(.text)
    .text                                    0x000019e4   Section        0  i2c.o(.text)
    .text                                    0x00001bec   Section        0  lcd.o(.text)
    lcd_assert_cmd_mode                      0x00001eeb   Thumb Code    18  lcd.o(.text)
    lcd_deassert_cmd_mode                    0x00001efd   Thumb Code    18  lcd.o(.text)
    .text                                    0x00001f24   Section        0  pc_buffer.o(.text)
    .text                                    0x00001f98   Section        0  spi.o(.text)
    .text                                    0x00002120   Section        0  uart_irqs.o(.text)
    .text                                    0x000022a0   Section        0  wireless.o(.text)
    wireless_reg_read                        0x000022af   Thumb Code    58  wireless.o(.text)
    wireless_reg_write                       0x000022e9   Thumb Code    58  wireless.o(.text)
    wireless_rx_data_payload                 0x00002323   Thumb Code   118  wireless.o(.text)
    wireless_set_rx_addr                     0x00002399   Thumb Code   118  wireless.o(.text)
    wireless_get_status                      0x0000240f   Thumb Code    32  wireless.o(.text)
    wireless_CSN_low                         0x0000280d   Thumb Code    16  wireless.o(.text)
    wireless_CSN_high                        0x0000281d   Thumb Code    16  wireless.o(.text)
    wireless_CE_low                          0x0000282d   Thumb Code    16  wireless.o(.text)
    wireless_CE_high                         0x0000283d   Thumb Code    16  wireless.o(.text)
    wireless_tx_data_payload                 0x0000284d   Thumb Code   104  wireless.o(.text)
    wireless_flush_tx_fifo                   0x000028b5   Thumb Code    28  wireless.o(.text)
    wireless_rx_fifo_empty                   0x000028d1   Thumb Code    24  wireless.o(.text)
    wireless_status_tx_ds_asserted           0x000028e9   Thumb Code    16  wireless.o(.text)
    wireless_status_tx_full_asserted         0x000028f9   Thumb Code    16  wireless.o(.text)
    wireless_clear_max_rt                    0x00002909   Thumb Code    12  wireless.o(.text)
    .text                                    0x000029c8   Section      252  startup_tm4c123.o(.text)
    $v0                                      0x000029c8   Number         0  startup_tm4c123.o(.text)
    .text                                    0x00002ac4   Section        0  system_tm4c123.o(.text)
    getOscClk                                0x00002ac5   Thumb Code   182  system_tm4c123.o(.text)
    .text                                    0x00002d14   Section        0  rand.o(.text)
    .text                                    0x00002d38   Section        0  strlen.o(.text)
    .text                                    0x00002d48   Section        0  __0scanf.o(.text)
    .text                                    0x00002d68   Section        0  _scanf_str.o(.text)
    .text                                    0x00002e42   Section        0  uldiv.o(.text)
    .text                                    0x00002ea4   Section        0  scanf_char_file.o(.text)
    .text                                    0x00002eb8   Section       36  init.o(.text)
    .text                                    0x00002edc   Section        0  fgetc_b.o(.text)
    .text                                    0x00002f08   Section        0  llshl.o(.text)
    .text                                    0x00002f26   Section        0  llushr.o(.text)
    .text                                    0x00002f48   Section        0  scanf_char.o(.text)
    _scanf_char_input                        0x00002f49   Thumb Code    12  scanf_char.o(.text)
    .text                                    0x00002f70   Section        0  semi.o(.text)
    .text                                    0x00002f70   Section        0  isspace_c.o(.text)
    .text                                    0x00002f7c   Section        0  _scanf.o(.text)
    .text                                    0x000032a4   Section        0  iusesemig.o(.text)
    .text                                    0x000032a4   Section        0  ctype_c.o(.text)
    i.__0printf$8                            0x000032cc   Section        0  printf8.o(i.__0printf$8)
    i.__aeabi_errno_addr                     0x000032ec   Section        0  errno.o(i.__aeabi_errno_addr)
    i.__scatterload_copy                     0x000032f4   Section       14  handlers.o(i.__scatterload_copy)
    i.__scatterload_null                     0x00003302   Section        2  handlers.o(i.__scatterload_null)
    i.__scatterload_zeroinit                 0x00003304   Section       14  handlers.o(i.__scatterload_zeroinit)
    i._printf_core                           0x00003314   Section        0  printf8.o(i._printf_core)
    _printf_core                             0x00003315   Thumb Code   988  printf8.o(i._printf_core)
    i._printf_post_padding                   0x0000371c   Section        0  printf8.o(i._printf_post_padding)
    _printf_post_padding                     0x0000371d   Thumb Code    36  printf8.o(i._printf_post_padding)
    i._printf_pre_padding                    0x00003740   Section        0  printf8.o(i._printf_pre_padding)
    _printf_pre_padding                      0x00003741   Thumb Code    46  printf8.o(i._printf_pre_padding)
    i.malloc                                 0x00003770   Section        0  malloc.o(i.malloc)
    .constdata                               0x000037dc   Section     3101  fonts.o(.constdata)
    .constdata                               0x000043f9   Section      392  lcd.o(.constdata)
    .constdata                               0x00004581   Section       64  ctype_c.o(.constdata)
    .data                                    0x20000000   Section       23  main.o(.data)
    .data                                    0x20000017   Section        8  interrupts.o(.data)
    .data                                    0x2000001f   Section       10  boardutil.o(.data)
    .data                                    0x2000002c   Section        8  wireless.o(.data)
    .data                                    0x20000034   Section        4  system_tm4c123.o(.data)
    .data                                    0x20000038   Section        4  stdin.o(.data)
    .data                                    0x2000003c   Section        4  stdout.o(.data)
    .data                                    0x20000040   Section        4  rand.o(.data)
    _rand_state                              0x20000040   Data           4  rand.o(.data)
    .data                                    0x20000044   Section        4  errno.o(.data)
    _errno                                   0x20000044   Data           4  errno.o(.data)
    .data                                    0x20000048   Section        4  mvars.o(.data)
    .data                                    0x2000004c   Section        4  mvars.o(.data)
    .data                                    0x20000050   Section        3  fgetc_b.o(.data)
    ungetc_sp                                0x20000050   Data           1  fgetc_b.o(.data)
    ungetc_stack                             0x20000051   Data           2  fgetc_b.o(.data)
    .bss                                     0x20000054   Section      162  main.o(.bss)
    .bss                                     0x200000f8   Section       32  boardutil.o(.bss)
    HEAP                                     0x20000118   Section        0  startup_tm4c123.o(HEAP)
    STACK                                    0x20000118   Section     4096  startup_tm4c123.o(STACK)

    Global Symbols

    Symbol Name                              Value     Ov Type        Size  Object(Section)

    BuildAttributes$$THM_ISAv4$E$P$D$K$B$S$7EM$VFPi3$EXTD16$VFPS$VFMA$PE$A:L22UL41UL21$X:L11$S22US41US21$IEEE1$IW$USESV6$~STKCKD$USESV7$~SHL$OSPACE$ROPI$EBA8$MICROLIB$REQ8$PRES8$EABIv2 0x00000000   Number         0  anon$$obj.o ABSOLUTE
    __ARM_use_no_argv                        0x00000000   Number         0  main.o ABSOLUTE
    __Vectors                                0x00000000   Data           4  startup_tm4c123.o(RESET)
    _printf_a                                0x00000000   Number         0  stubs.o ABSOLUTE
    _printf_c                                0x00000000   Number         0  stubs.o ABSOLUTE
    _printf_charcount                        0x00000000   Number         0  stubs.o ABSOLUTE
    _printf_d                                0x00000000   Number         0  stubs.o ABSOLUTE
    _printf_e                                0x00000000   Number         0  stubs.o ABSOLUTE
    _printf_f                                0x00000000   Number         0  stubs.o ABSOLUTE
    _printf_flags                            0x00000000   Number         0  stubs.o ABSOLUTE
    _printf_fp_dec                           0x00000000   Number         0  stubs.o ABSOLUTE
    _printf_fp_hex                           0x00000000   Number         0  stubs.o ABSOLUTE
    _printf_g                                0x00000000   Number         0  stubs.o ABSOLUTE
    _printf_i                                0x00000000   Number         0  stubs.o ABSOLUTE
    _printf_int_dec                          0x00000000   Number         0  stubs.o ABSOLUTE
    _printf_l                                0x00000000   Number         0  stubs.o ABSOLUTE
    _printf_lc                               0x00000000   Number         0  stubs.o ABSOLUTE
    _printf_ll                               0x00000000   Number         0  stubs.o ABSOLUTE
    _printf_lld                              0x00000000   Number         0  stubs.o ABSOLUTE
    _printf_lli                              0x00000000   Number         0  stubs.o ABSOLUTE
    _printf_llo                              0x00000000   Number         0  stubs.o ABSOLUTE
    _printf_llu                              0x00000000   Number         0  stubs.o ABSOLUTE
    _printf_llx                              0x00000000   Number         0  stubs.o ABSOLUTE
    _printf_longlong_dec                     0x00000000   Number         0  stubs.o ABSOLUTE
    _printf_longlong_hex                     0x00000000   Number         0  stubs.o ABSOLUTE
    _printf_longlong_oct                     0x00000000   Number         0  stubs.o ABSOLUTE
    _printf_ls                               0x00000000   Number         0  stubs.o ABSOLUTE
    _printf_mbtowc                           0x00000000   Number         0  stubs.o ABSOLUTE
    _printf_n                                0x00000000   Number         0  stubs.o ABSOLUTE
    _printf_o                                0x00000000   Number         0  stubs.o ABSOLUTE
    _printf_p                                0x00000000   Number         0  stubs.o ABSOLUTE
    _printf_percent                          0x00000000   Number         0  stubs.o ABSOLUTE
    _printf_pre_padding                      0x00000000   Number         0  stubs.o ABSOLUTE
    _printf_return_value                     0x00000000   Number         0  stubs.o ABSOLUTE
    _printf_s                                0x00000000   Number         0  stubs.o ABSOLUTE
    _printf_sizespec                         0x00000000   Number         0  stubs.o ABSOLUTE
    _printf_str                              0x00000000   Number         0  stubs.o ABSOLUTE
    _printf_truncate_signed                  0x00000000   Number         0  stubs.o ABSOLUTE
    _printf_truncate_unsigned                0x00000000   Number         0  stubs.o ABSOLUTE
    _printf_u                                0x00000000   Number         0  stubs.o ABSOLUTE
    _printf_wc                               0x00000000   Number         0  stubs.o ABSOLUTE
    _printf_wctomb                           0x00000000   Number         0  stubs.o ABSOLUTE
    _printf_widthprec                        0x00000000   Number         0  stubs.o ABSOLUTE
    _printf_x                                0x00000000   Number         0  stubs.o ABSOLUTE
    __cpp_initialize__aeabi_                  - Undefined Weak Reference
    __cxa_finalize                            - Undefined Weak Reference
    __decompress                              - Undefined Weak Reference
    _clock_init                               - Undefined Weak Reference
    _microlib_exit                            - Undefined Weak Reference
    _scanf_int                                - Undefined Weak Reference
    _scanf_longlong                           - Undefined Weak Reference
    _scanf_real                               - Undefined Weak Reference
    __Vectors_End                            0x0000026c   Data           0  startup_tm4c123.o(RESET)
    __Vectors_Size                           0x0000026c   Number         0  startup_tm4c123.o ABSOLUTE
    __main                                   0x0000026d   Thumb Code     0  entry.o(.ARM.Collect$$$$00000000)
    _main_stk                                0x0000026d   Thumb Code     0  entry2.o(.ARM.Collect$$$$00000001)
    _main_scatterload                        0x00000271   Thumb Code     0  entry5.o(.ARM.Collect$$$$00000004)
    __main_after_scatterload                 0x00000275   Thumb Code     0  entry5.o(.ARM.Collect$$$$00000004)
    _main_clock                              0x00000275   Thumb Code     0  entry7b.o(.ARM.Collect$$$$00000008)
    _main_cpp_init                           0x00000275   Thumb Code     0  entry8b.o(.ARM.Collect$$$$0000000A)
    _main_init                               0x00000275   Thumb Code     0  entry9a.o(.ARM.Collect$$$$0000000B)
    __rt_final_cpp                           0x0000027d   Thumb Code     0  entry10a.o(.ARM.Collect$$$$0000000D)
    __rt_final_exit                          0x0000027d   Thumb Code     0  entry11a.o(.ARM.Collect$$$$0000000F)
    ps2_button_pressed                       0x00000281   Thumb Code    72  main.o(.text)
    start_button_pressed                     0x000002c9   Thumb Code    72  main.o(.text)
    a_button_pressed                         0x00000311   Thumb Code    72  main.o(.text)
    b_button_pressed                         0x00000359   Thumb Code    72  main.o(.text)
    main                                     0x000003a1   Thumb Code  2114  main.o(.text)
    SysTick_Handler                          0x00000c2d   Thumb Code    14  interrupts.o(.text)
    TIMER0A_Handler                          0x00000c3b   Thumb Code    24  interrupts.o(.text)
    TIMER1A_Handler                          0x00000c53   Thumb Code    18  interrupts.o(.text)
    TIMER2A_Handler                          0x00000c65   Thumb Code    18  interrupts.o(.text)
    ADC0SS0_Handler                          0x00000c77   Thumb Code    60  interrupts.o(.text)
    GPIOD_Handler                            0x00000cb3   Thumb Code    22  interrupts.o(.text)
    WDT0_Handler                             0x00000cc9   Thumb Code     2  interrupts.o(.text)
    UART0_Handler                            0x00000ccb   Thumb Code   130  interrupts.o(.text)
    DisableInterrupts                        0x00000db1   Thumb Code     4  boardutil.o(.text)
    EnableInterrupts                         0x00000db5   Thumb Code     4  boardutil.o(.text)
    i2c_init                                 0x00000db9   Thumb Code   100  boardutil.o(.text)
    serial_debug_init                        0x00000e1d   Thumb Code    60  boardutil.o(.text)
    watchdog_init                            0x00000e59   Thumb Code    74  boardutil.o(.text)
    ledSendData                              0x00000ea3   Thumb Code    60  boardutil.o(.text)
    led_init                                 0x00000edf   Thumb Code    20  boardutil.o(.text)
    ledSetNumber                             0x00000ef3   Thumb Code    78  boardutil.o(.text)
    initialize_board                         0x00000f41   Thumb Code   114  boardutil.o(.text)
    initializeADC4PS2                        0x00000ff5   Thumb Code   162  adc.o(.text)
    initializeADC4POT                        0x00001097   Thumb Code   100  adc.o(.text)
    getADCValue                              0x000010fb   Thumb Code    62  adc.o(.text)
    hw3_adc_init                             0x00001139   Thumb Code    46  adc.o(.text)
    gpio_enable_port                         0x000011e5   Thumb Code   144  gpio_port.o(.text)
    gpio_config_digital_enable               0x00001275   Thumb Code    34  gpio_port.o(.text)
    gpio_config_analog_enable                0x00001297   Thumb Code    34  gpio_port.o(.text)
    gpio_config_alternate_function           0x000012b9   Thumb Code    34  gpio_port.o(.text)
    gpio_config_port_control                 0x000012db   Thumb Code    50  gpio_port.o(.text)
    gpio_config_enable_output                0x0000130d   Thumb Code    34  gpio_port.o(.text)
    gpio_config_enable_input                 0x0000132f   Thumb Code    34  gpio_port.o(.text)
    gpio_config_enable_pullup                0x00001351   Thumb Code    34  gpio_port.o(.text)
    gpio_config_enable_pulldown              0x00001373   Thumb Code    34  gpio_port.o(.text)
    gpio_config_open_drain                   0x00001395   Thumb Code    34  gpio_port.o(.text)
    hw3_gpio_init                            0x000013b7   Thumb Code   226  gpio_port.o(.text)
    gp_timer_wait                            0x0000158f   Thumb Code    64  timers.o(.text)
    gp_timer_config_32                       0x000015cf   Thumb Code   118  timers.o(.text)
    gp_timer_config_16                       0x00001645   Thumb Code   122  timers.o(.text)
    hw3_timer_enable                         0x000016bf   Thumb Code    50  timers.o(.text)
    hw3_timer0_init                          0x000016f1   Thumb Code    44  timers.o(.text)
    hw3_timer1_init                          0x0000171d   Thumb Code    38  timers.o(.text)
    hw3_timer2_init                          0x00001743   Thumb Code    38  timers.o(.text)
    eeprom_byte_write                        0x000017f9   Thumb Code    82  eeprom.o(.text)
    eeprom_byte_read                         0x0000184b   Thumb Code   108  eeprom.o(.text)
    test_eeprom                              0x000018b7   Thumb Code   132  eeprom.o(.text)
    initializeI2CMaster                      0x000019e5   Thumb Code   160  i2c.o(.text)
    i2cVerifyBaseAddr                        0x00001a85   Thumb Code    36  i2c.o(.text)
    i2cSetSlaveAddr                          0x00001aa9   Thumb Code    30  i2c.o(.text)
    i2cStop                                  0x00001ac7   Thumb Code    26  i2c.o(.text)
    I2CMasterBusy                            0x00001ae1   Thumb Code    34  i2c.o(.text)
    I2CMasterAdrAck                          0x00001b03   Thumb Code    34  i2c.o(.text)
    I2CMasterDatAck                          0x00001b25   Thumb Code    34  i2c.o(.text)
    i2cSendByte                              0x00001b47   Thumb Code    82  i2c.o(.text)
    i2cGetByte                               0x00001b99   Thumb Code    60  i2c.o(.text)
    lcd_set_page                             0x00001bed   Thumb Code    36  lcd.o(.text)
    lcd_set_column                           0x00001c11   Thumb Code    52  lcd.o(.text)
    lcd_write_data                           0x00001c45   Thumb Code    22  lcd.o(.text)
    lcd_write_char_10pts                     0x00001c5b   Thumb Code   192  lcd.o(.text)
    lcd_clear                                0x00001d1b   Thumb Code    46  lcd.o(.text)
    lcd_screen_init                          0x00001d49   Thumb Code   238  lcd.o(.text)
    lcd_pins_init                            0x00001e37   Thumb Code   180  lcd.o(.text)
    pc_buffer_init                           0x00001f25   Thumb Code    24  pc_buffer.o(.text)
    pc_buffer_add                            0x00001f3d   Thumb Code    24  pc_buffer.o(.text)
    pc_buffer_remove                         0x00001f55   Thumb Code    26  pc_buffer.o(.text)
    pc_buffer_empty                          0x00001f6f   Thumb Code    18  pc_buffer.o(.text)
    pc_buffer_full                           0x00001f81   Thumb Code    22  pc_buffer.o(.text)
    spiVerifyBaseAddr                        0x00001f99   Thumb Code    34  spi.o(.text)
    initialize_spi                           0x00001fbb   Thumb Code   238  spi.o(.text)
    spiTx                                    0x000020a9   Thumb Code    94  spi.o(.text)
    initialize_uart                          0x00002121   Thumb Code   142  uart_irqs.o(.text)
    uartRx                                   0x000021af   Thumb Code    44  uart_irqs.o(.text)
    uartTx                                   0x000021db   Thumb Code    70  uart_irqs.o(.text)
    fputc                                    0x00002221   Thumb Code    44  uart_irqs.o(.text)
    fgetc                                    0x0000224d   Thumb Code    48  uart_irqs.o(.text)
    wait_uS_15                               0x000022a1   Thumb Code    14  wireless.o(.text)
    wireless_send_32                         0x0000242f   Thumb Code   258  wireless.o(.text)
    wireless_get_32                          0x00002531   Thumb Code   150  wireless.o(.text)
    wireless_configure_device                0x000025c7   Thumb Code   262  wireless.o(.text)
    wireless_initialize                      0x000026cd   Thumb Code   164  wireless.o(.text)
    wireless_test                            0x00002771   Thumb Code   156  wireless.o(.text)
    Reset_Handler                            0x000029c9   Thumb Code     8  startup_tm4c123.o(.text)
    NMI_Handler                              0x000029d1   Thumb Code     2  startup_tm4c123.o(.text)
    HardFault_Handler                        0x000029d3   Thumb Code     2  startup_tm4c123.o(.text)
    MemManage_Handler                        0x000029d5   Thumb Code     2  startup_tm4c123.o(.text)
    BusFault_Handler                         0x000029d7   Thumb Code     2  startup_tm4c123.o(.text)
    UsageFault_Handler                       0x000029d9   Thumb Code     2  startup_tm4c123.o(.text)
    SVC_Handler                              0x000029db   Thumb Code     2  startup_tm4c123.o(.text)
    DebugMon_Handler                         0x000029dd   Thumb Code     2  startup_tm4c123.o(.text)
    PendSV_Handler                           0x000029df   Thumb Code     2  startup_tm4c123.o(.text)
    GPIOA_Handler                            0x000029e3   Thumb Code     2  startup_tm4c123.o(.text)
    GPIOB_Handler                            0x000029e5   Thumb Code     2  startup_tm4c123.o(.text)
    GPIOC_Handler                            0x000029e7   Thumb Code     2  startup_tm4c123.o(.text)
    GPIOE_Handler                            0x000029eb   Thumb Code     2  startup_tm4c123.o(.text)
    UART1_Handler                            0x000029ef   Thumb Code     2  startup_tm4c123.o(.text)
    SSI0_Handler                             0x000029f1   Thumb Code     2  startup_tm4c123.o(.text)
    I2C0_Handler                             0x000029f3   Thumb Code     2  startup_tm4c123.o(.text)
    PMW0_FAULT_Handler                       0x000029f5   Thumb Code     2  startup_tm4c123.o(.text)
    PWM0_0_Handler                           0x000029f7   Thumb Code     2  startup_tm4c123.o(.text)
    PWM0_1_Handler                           0x000029f9   Thumb Code     2  startup_tm4c123.o(.text)
    PWM0_2_Handler                           0x000029fb   Thumb Code     2  startup_tm4c123.o(.text)
    QEI0_Handler                             0x000029fd   Thumb Code     2  startup_tm4c123.o(.text)
    ADC0SS1_Handler                          0x00002a01   Thumb Code     2  startup_tm4c123.o(.text)
    ADC0SS2_Handler                          0x00002a03   Thumb Code     2  startup_tm4c123.o(.text)
    ADC0SS3_Handler                          0x00002a05   Thumb Code     2  startup_tm4c123.o(.text)
    TIMER0B_Handler                          0x00002a0b   Thumb Code     2  startup_tm4c123.o(.text)
    TIMER1B_Handler                          0x00002a0f   Thumb Code     2  startup_tm4c123.o(.text)
    TIMER2B_Handler                          0x00002a13   Thumb Code     2  startup_tm4c123.o(.text)
    COMP0_Handler                            0x00002a15   Thumb Code     2  startup_tm4c123.o(.text)
    COMP1_Handler                            0x00002a17   Thumb Code     2  startup_tm4c123.o(.text)
    COMP2_Handler                            0x00002a19   Thumb Code     2  startup_tm4c123.o(.text)
    SYSCTL_Handler                           0x00002a1b   Thumb Code     2  startup_tm4c123.o(.text)
    FLASH_Handler                            0x00002a1d   Thumb Code     2  startup_tm4c123.o(.text)
    GPIOF_Handler                            0x00002a1f   Thumb Code     2  startup_tm4c123.o(.text)
    GPIOG_Handler                            0x00002a21   Thumb Code     2  startup_tm4c123.o(.text)
    GPIOH_Handler                            0x00002a23   Thumb Code     2  startup_tm4c123.o(.text)
    UART2_Handler                            0x00002a25   Thumb Code     2  startup_tm4c123.o(.text)
    SSI1_Handler                             0x00002a27   Thumb Code     2  startup_tm4c123.o(.text)
    TIMER3A_Handler                          0x00002a29   Thumb Code     2  startup_tm4c123.o(.text)
    TIMER3B_Handler                          0x00002a2b   Thumb Code     2  startup_tm4c123.o(.text)
    I2C1_Handler                             0x00002a2d   Thumb Code     2  startup_tm4c123.o(.text)
    QEI1_Handler                             0x00002a2f   Thumb Code     2  startup_tm4c123.o(.text)
    CAN0_Handler                             0x00002a31   Thumb Code     2  startup_tm4c123.o(.text)
    CAN1_Handler                             0x00002a33   Thumb Code     2  startup_tm4c123.o(.text)
    CAN2_Handler                             0x00002a35   Thumb Code     2  startup_tm4c123.o(.text)
    HIB_Handler                              0x00002a37   Thumb Code     2  startup_tm4c123.o(.text)
    USB0_Handler                             0x00002a39   Thumb Code     2  startup_tm4c123.o(.text)
    PWM0_3_Handler                           0x00002a3b   Thumb Code     2  startup_tm4c123.o(.text)
    UDMA_Handler                             0x00002a3d   Thumb Code     2  startup_tm4c123.o(.text)
    UDMAERR_Handler                          0x00002a3f   Thumb Code     2  startup_tm4c123.o(.text)
    ADC1SS0_Handler                          0x00002a41   Thumb Code     2  startup_tm4c123.o(.text)
    ADC1SS1_Handler                          0x00002a43   Thumb Code     2  startup_tm4c123.o(.text)
    ADC1SS2_Handler                          0x00002a45   Thumb Code     2  startup_tm4c123.o(.text)
    ADC1SS3_Handler                          0x00002a47   Thumb Code     2  startup_tm4c123.o(.text)
    GPIOJ_Handler                            0x00002a49   Thumb Code     2  startup_tm4c123.o(.text)
    GPIOK_Handler                            0x00002a4b   Thumb Code     2  startup_tm4c123.o(.text)
    GPIOL_Handler                            0x00002a4d   Thumb Code     2  startup_tm4c123.o(.text)
    SSI2_Handler                             0x00002a4f   Thumb Code     2  startup_tm4c123.o(.text)
    SSI3_Handler                             0x00002a51   Thumb Code     2  startup_tm4c123.o(.text)
    UART3_Handler                            0x00002a53   Thumb Code     2  startup_tm4c123.o(.text)
    UART4_Handler                            0x00002a55   Thumb Code     2  startup_tm4c123.o(.text)
    UART5_Handler                            0x00002a57   Thumb Code     2  startup_tm4c123.o(.text)
    UART6_Handler                            0x00002a59   Thumb Code     2  startup_tm4c123.o(.text)
    UART7_Handler                            0x00002a5b   Thumb Code     2  startup_tm4c123.o(.text)
    I2C2_Handler                             0x00002a5d   Thumb Code     2  startup_tm4c123.o(.text)
    I2C3_Handler                             0x00002a5f   Thumb Code     2  startup_tm4c123.o(.text)
    TIMER4A_Handler                          0x00002a61   Thumb Code     2  startup_tm4c123.o(.text)
    TIMER4B_Handler                          0x00002a63   Thumb Code     2  startup_tm4c123.o(.text)
    TIMER5A_Handler                          0x00002a65   Thumb Code     2  startup_tm4c123.o(.text)
    TIMER5B_Handler                          0x00002a67   Thumb Code     2  startup_tm4c123.o(.text)
    WTIMER0A_Handler                         0x00002a69   Thumb Code     2  startup_tm4c123.o(.text)
    WTIMER0B_Handler                         0x00002a6b   Thumb Code     2  startup_tm4c123.o(.text)
    WTIMER1A_Handler                         0x00002a6d   Thumb Code     2  startup_tm4c123.o(.text)
    WTIMER1B_Handler                         0x00002a6f   Thumb Code     2  startup_tm4c123.o(.text)
    WTIMER2A_Handler                         0x00002a71   Thumb Code     2  startup_tm4c123.o(.text)
    WTIMER2B_Handler                         0x00002a73   Thumb Code     2  startup_tm4c123.o(.text)
    WTIMER3A_Handler                         0x00002a75   Thumb Code     2  startup_tm4c123.o(.text)
    WTIMER3B_Handler                         0x00002a77   Thumb Code     2  startup_tm4c123.o(.text)
    WTIMER4A_Handler                         0x00002a79   Thumb Code     2  startup_tm4c123.o(.text)
    WTIMER4B_Handler                         0x00002a7b   Thumb Code     2  startup_tm4c123.o(.text)
    WTIMER5A_Handler                         0x00002a7d   Thumb Code     2  startup_tm4c123.o(.text)
    WTIMER5B_Handler                         0x00002a7f   Thumb Code     2  startup_tm4c123.o(.text)
    FPU_Handler                              0x00002a81   Thumb Code     2  startup_tm4c123.o(.text)
    I2C4_Handler                             0x00002a83   Thumb Code     2  startup_tm4c123.o(.text)
    I2C5_Handler                             0x00002a85   Thumb Code     2  startup_tm4c123.o(.text)
    GPIOM_Handler                            0x00002a87   Thumb Code     2  startup_tm4c123.o(.text)
    GPION_Handler                            0x00002a89   Thumb Code     2  startup_tm4c123.o(.text)
    QEI2_Handler                             0x00002a8b   Thumb Code     2  startup_tm4c123.o(.text)
    GPIOP0_Handler                           0x00002a8d   Thumb Code     2  startup_tm4c123.o(.text)
    GPIOP1_Handler                           0x00002a8f   Thumb Code     2  startup_tm4c123.o(.text)
    GPIOP2_Handler                           0x00002a91   Thumb Code     2  startup_tm4c123.o(.text)
    GPIOP3_Handler                           0x00002a93   Thumb Code     2  startup_tm4c123.o(.text)
    GPIOP4_Handler                           0x00002a95   Thumb Code     2  startup_tm4c123.o(.text)
    GPIOP5_Handler                           0x00002a97   Thumb Code     2  startup_tm4c123.o(.text)
    GPIOP6_Handler                           0x00002a99   Thumb Code     2  startup_tm4c123.o(.text)
    GPIOP7_Handler                           0x00002a9b   Thumb Code     2  startup_tm4c123.o(.text)
    GPIOQ0_Handler                           0x00002a9d   Thumb Code     2  startup_tm4c123.o(.text)
    GPIOQ1_Handler                           0x00002a9f   Thumb Code     2  startup_tm4c123.o(.text)
    GPIOQ2_Handler                           0x00002aa1   Thumb Code     2  startup_tm4c123.o(.text)
    GPIOQ3_Handler                           0x00002aa3   Thumb Code     2  startup_tm4c123.o(.text)
    GPIOQ4_Handler                           0x00002aa5   Thumb Code     2  startup_tm4c123.o(.text)
    GPIOQ5_Handler                           0x00002aa7   Thumb Code     2  startup_tm4c123.o(.text)
    GPIOQ6_Handler                           0x00002aa9   Thumb Code     2  startup_tm4c123.o(.text)
    GPIOQ7_Handler                           0x00002aab   Thumb Code     2  startup_tm4c123.o(.text)
    GPIOR_Handler                            0x00002aad   Thumb Code     2  startup_tm4c123.o(.text)
    GPIOS_Handler                            0x00002aaf   Thumb Code     2  startup_tm4c123.o(.text)
    PMW1_0_Handler                           0x00002ab1   Thumb Code     2  startup_tm4c123.o(.text)
    PWM1_1_Handler                           0x00002ab3   Thumb Code     2  startup_tm4c123.o(.text)
    PWM1_2_Handler                           0x00002ab5   Thumb Code     2  startup_tm4c123.o(.text)
    PWM1_3_Handler                           0x00002ab7   Thumb Code     2  startup_tm4c123.o(.text)
    PWM1_FAULT_Handler                       0x00002ab9   Thumb Code     2  startup_tm4c123.o(.text)
    SystemCoreClockUpdate                    0x00002b7b   Thumb Code   184  system_tm4c123.o(.text)
    SystemInit                               0x00002c33   Thumb Code   112  system_tm4c123.o(.text)
    rand                                     0x00002d15   Thumb Code    20  rand.o(.text)
    srand                                    0x00002d29   Thumb Code     6  rand.o(.text)
    strlen                                   0x00002d39   Thumb Code    14  strlen.o(.text)
    __0scanf                                 0x00002d49   Thumb Code    26  __0scanf.o(.text)
    _scanf_string                            0x00002d69   Thumb Code   218  _scanf_str.o(.text)
    __aeabi_uldivmod                         0x00002e43   Thumb Code    98  uldiv.o(.text)
    __vfscanf_char_file                      0x00002ea5   Thumb Code    12  scanf_char_file.o(.text)
    __scatterload                            0x00002eb9   Thumb Code    28  init.o(.text)
    __scatterload_rt2                        0x00002eb9   Thumb Code     0  init.o(.text)
    _fgetc$bs                                0x00002edd   Thumb Code    28  fgetc_b.o(.text)
    __backspace                              0x00002ef9   Thumb Code    10  fgetc_b.o(.text)
    __aeabi_llsl                             0x00002f09   Thumb Code    30  llshl.o(.text)
    _ll_shift_l                              0x00002f09   Thumb Code     0  llshl.o(.text)
    __aeabi_llsr                             0x00002f27   Thumb Code    32  llushr.o(.text)
    _ll_ushift_r                             0x00002f27   Thumb Code     0  llushr.o(.text)
    __vfscanf_char                           0x00002f55   Thumb Code    20  scanf_char.o(.text)
    __semihosting_library_function           0x00002f71   Thumb Code     0  semi.o(.text)
    isspace                                  0x00002f71   Thumb Code    10  isspace_c.o(.text)
    __vfscanf                                0x00002f7d   Thumb Code   802  _scanf.o(.text)
    __I$use$semihosting$fgetc                0x000032a5   Thumb Code     0  iusesemig.o(.text)
    __ctype_lookup                           0x000032a5   Thumb Code    34  ctype_c.o(.text)
    __0printf$8                              0x000032cd   Thumb Code    22  printf8.o(i.__0printf$8)
    __1printf$8                              0x000032cd   Thumb Code     0  printf8.o(i.__0printf$8)
    __2printf                                0x000032cd   Thumb Code     0  printf8.o(i.__0printf$8)
    __aeabi_errno_addr                       0x000032ed   Thumb Code     4  errno.o(i.__aeabi_errno_addr)
    __rt_errno_addr                          0x000032ed   Thumb Code     0  errno.o(i.__aeabi_errno_addr)
    __scatterload_copy                       0x000032f5   Thumb Code    14  handlers.o(i.__scatterload_copy)
    __scatterload_null                       0x00003303   Thumb Code     2  handlers.o(i.__scatterload_null)
    __scatterload_zeroinit                   0x00003305   Thumb Code    14  handlers.o(i.__scatterload_zeroinit)
    malloc                                   0x00003771   Thumb Code    92  malloc.o(i.malloc)
    arialNarrow_8ptBitmaps                   0x000037dc   Data          50  fonts.o(.constdata)
    courierNew_10ptBitmaps                   0x0000380e   Data        1900  fonts.o(.constdata)
    buckyBadger                              0x00003f7a   Data         759  fonts.o(.constdata)
    motionW                                  0x00004271   Data         392  fonts.o(.constdata)
    image                                    0x000043f9   Data         392  lcd.o(.constdata)
    __ctype_categories                       0x00004581   Data          64  ctype_c.o(.constdata)
    Region$$Table$$Base                      0x000045c4   Number         0  anon$$obj.o(Region$$Table)
    Region$$Table$$Limit                     0x000045e4   Number         0  anon$$obj.o(Region$$Table)
    team                                     0x20000000   Data           3  main.o(.data)
    ps2_Buf                                  0x20000003   Data           5  main.o(.data)
    start_Buf                                0x20000008   Data           5  main.o(.data)
    a_Buf                                    0x2000000d   Data           5  main.o(.data)
    b_Buf                                    0x20000012   Data           5  main.o(.data)
    ALERT_DEBOUNCE                           0x20000017   Data           1  interrupts.o(.data)
    ALERT_5_SEC                              0x20000018   Data           1  interrupts.o(.data)
    ALERT_2_SEC                              0x20000019   Data           1  interrupts.o(.data)
    UP                                       0x2000001a   Data           1  interrupts.o(.data)
    DOWN                                     0x2000001b   Data           1  interrupts.o(.data)
    RIGHT                                    0x2000001c   Data           1  interrupts.o(.data)
    LEFT                                     0x2000001d   Data           1  interrupts.o(.data)
    ALERT_WIRELESS                           0x2000001e   Data           1  interrupts.o(.data)
    myID                                     0x2000001f   Data           5  boardutil.o(.data)
    remoteID                                 0x20000024   Data           5  boardutil.o(.data)
    wirelessPacketsSent                      0x2000002c   Data           4  wireless.o(.data)
    wirelessPacketsReceived                  0x20000030   Data           4  wireless.o(.data)
    SystemCoreClock                          0x20000034   Data           4  system_tm4c123.o(.data)
    __stdin                                  0x20000038   Data           4  stdin.o(.data)
    __stdout                                 0x2000003c   Data           4  stdout.o(.data)
    __microlib_freelist                      0x20000048   Data           4  mvars.o(.data)
    __microlib_freelist_initialised          0x2000004c   Data           4  mvars.o(.data)
    person1                                  0x20000054   Data          81  main.o(.bss)
    person2                                  0x200000a5   Data          81  main.o(.bss)
    UART0_Rx_Buffer                          0x200000f8   Data          16  boardutil.o(.bss)
    UART0_Tx_Buffer                          0x20000108   Data          16  boardutil.o(.bss)
    __heap_base                              0x20000118   Data           0  startup_tm4c123.o(HEAP)
    __heap_limit                             0x20000118   Data           0  startup_tm4c123.o(HEAP)
    __initial_sp                             0x20001118   Data           0  startup_tm4c123.o(STACK)



==============================================================================

Memory Map of the image

  Image Entry point : 0x000029c9

  Load Region LR_1 (Base: 0x00000000, Size: 0x00004638, Max: 0xffffffff, ABSOLUTE)

    Execution Region ER_RO (Base: 0x00000000, Size: 0x000045e4, Max: 0xffffffff, ABSOLUTE)

    Base Addr    Size         Type   Attr      Idx    E Section Name        Object

    0x00000000   0x0000026c   Data   RO          438    RESET               startup_tm4c123.o
    0x0000026c   0x00000000   Code   RO          469  * .ARM.Collect$$$$00000000  mc_w.l(entry.o)
    0x0000026c   0x00000004   Code   RO          779    .ARM.Collect$$$$00000001  mc_w.l(entry2.o)
    0x00000270   0x00000004   Code   RO          782    .ARM.Collect$$$$00000004  mc_w.l(entry5.o)
    0x00000274   0x00000000   Code   RO          784    .ARM.Collect$$$$00000008  mc_w.l(entry7b.o)
    0x00000274   0x00000000   Code   RO          786    .ARM.Collect$$$$0000000A  mc_w.l(entry8b.o)
    0x00000274   0x00000008   Code   RO          787    .ARM.Collect$$$$0000000B  mc_w.l(entry9a.o)
    0x0000027c   0x00000000   Code   RO          789    .ARM.Collect$$$$0000000D  mc_w.l(entry10a.o)
    0x0000027c   0x00000000   Code   RO          791    .ARM.Collect$$$$0000000F  mc_w.l(entry11a.o)
    0x0000027c   0x00000004   Code   RO          780    .ARM.Collect$$$$00002712  mc_w.l(entry2.o)
    0x00000280   0x000009ac   Code   RO            3    .text               main.o
    0x00000c2c   0x00000164   Code   RO          120    .text               interrupts.o
    0x00000d90   0x00000244   Code   RO          150    .text               boardutil.o
    0x00000fd4   0x000001d0   Code   RO          184    .text               adc.o
    0x000011a4   0x00000320   Code   RO          208    .text               gpio_port.o
    0x000014c4   0x000002f0   Code   RO          232    .text               timers.o
    0x000017b4   0x00000230   Code   RO          252    .text               eeprom.o
    0x000019e4   0x00000208   Code   RO          285    .text               i2c.o
    0x00001bec   0x00000338   Code   RO          305    .text               lcd.o
    0x00001f24   0x00000072   Code   RO          329    .text               pc_buffer.o
    0x00001f96   0x00000002   PAD
    0x00001f98   0x00000188   Code   RO          346    .text               spi.o
    0x00002120   0x00000180   Code   RO          389    .text               uart_irqs.o
    0x000022a0   0x00000728   Code   RO          412    .text               wireless.o
    0x000029c8   0x000000fc   Code   RO          439  * .text               startup_tm4c123.o
    0x00002ac4   0x00000250   Code   RO          445    .text               system_tm4c123.o
    0x00002d14   0x00000024   Code   RO          474    .text               mc_w.l(rand.o)
    0x00002d38   0x0000000e   Code   RO          477    .text               mc_w.l(strlen.o)
    0x00002d46   0x00000002   PAD
    0x00002d48   0x00000020   Code   RO          775    .text               mc_w.l(__0scanf.o)
    0x00002d68   0x000000da   Code   RO          777    .text               mc_w.l(_scanf_str.o)
    0x00002e42   0x00000062   Code   RO          795    .text               mc_w.l(uldiv.o)
    0x00002ea4   0x00000014   Code   RO          803    .text               mc_w.l(scanf_char_file.o)
    0x00002eb8   0x00000024   Code   RO          816    .text               mc_w.l(init.o)
    0x00002edc   0x0000002c   Code   RO          818    .text               mc_w.l(fgetc_b.o)
    0x00002f08   0x0000001e   Code   RO          821    .text               mc_w.l(llshl.o)
    0x00002f26   0x00000020   Code   RO          823    .text               mc_w.l(llushr.o)
    0x00002f46   0x00000002   PAD
    0x00002f48   0x00000028   Code   RO          827    .text               mc_w.l(scanf_char.o)
    0x00002f70   0x00000000   Code   RO          831    .text               mc_w.l(semi.o)
    0x00002f70   0x0000000a   Code   RO          832    .text               mc_w.l(isspace_c.o)
    0x00002f7a   0x00000002   PAD
    0x00002f7c   0x00000328   Code   RO          834    .text               mc_w.l(_scanf.o)
    0x000032a4   0x00000000   Code   RO          836    .text               mc_w.l(iusesemig.o)
    0x000032a4   0x00000028   Code   RO          837    .text               mc_w.l(ctype_c.o)
    0x000032cc   0x00000020   Code   RO          686    i.__0printf$8       mc_w.l(printf8.o)
    0x000032ec   0x00000008   Code   RO          768    i.__aeabi_errno_addr  mc_w.l(errno.o)
    0x000032f4   0x0000000e   Code   RO          842    i.__scatterload_copy  mc_w.l(handlers.o)
    0x00003302   0x00000002   Code   RO          843    i.__scatterload_null  mc_w.l(handlers.o)
    0x00003304   0x0000000e   Code   RO          844    i.__scatterload_zeroinit  mc_w.l(handlers.o)
    0x00003312   0x00000002   PAD
    0x00003314   0x00000408   Code   RO          693    i._printf_core      mc_w.l(printf8.o)
    0x0000371c   0x00000024   Code   RO          694    i._printf_post_padding  mc_w.l(printf8.o)
    0x00003740   0x0000002e   Code   RO          695    i._printf_pre_padding  mc_w.l(printf8.o)
    0x0000376e   0x00000002   PAD
    0x00003770   0x0000006c   Code   RO          741    i.malloc            mc_w.l(malloc.o)
    0x000037dc   0x00000c1d   Data   RO          270    .constdata          fonts.o
    0x000043f9   0x00000188   Data   RO          306    .constdata          lcd.o
    0x00004581   0x00000040   Data   RO          838    .constdata          mc_w.l(ctype_c.o)
    0x000045c1   0x00000003   PAD
    0x000045c4   0x00000020   Data   RO          840    Region$$Table       anon$$obj.o


    Execution Region ER_RW (Base: 0x20000000, Size: 0x00000054, Max: 0xffffffff, ABSOLUTE)

    Base Addr    Size         Type   Attr      Idx    E Section Name        Object

    0x20000000   0x00000017   Data   RW            5    .data               main.o
    0x20000017   0x00000008   Data   RW          121    .data               interrupts.o
    0x2000001f   0x0000000a   Data   RW          152    .data               boardutil.o
    0x20000029   0x00000003   PAD
    0x2000002c   0x00000008   Data   RW          413    .data               wireless.o
    0x20000034   0x00000004   Data   RW          446    .data               system_tm4c123.o
    0x20000038   0x00000004   Data   RW          472    .data               mc_w.l(stdin.o)
    0x2000003c   0x00000004   Data   RW          473    .data               mc_w.l(stdout.o)
    0x20000040   0x00000004   Data   RW          475    .data               mc_w.l(rand.o)
    0x20000044   0x00000004   Data   RW          771    .data               mc_w.l(errno.o)
    0x20000048   0x00000004   Data   RW          801    .data               mc_w.l(mvars.o)
    0x2000004c   0x00000004   Data   RW          802    .data               mc_w.l(mvars.o)
    0x20000050   0x00000003   Data   RW          819    .data               mc_w.l(fgetc_b.o)


    Execution Region ER_ZI (Base: 0x20000054, Size: 0x000010c4, Max: 0xffffffff, ABSOLUTE)

    Base Addr    Size         Type   Attr      Idx    E Section Name        Object

    0x20000054   0x000000a2   Zero   RW            4    .bss                main.o
    0x200000f6   0x00000002   PAD
    0x200000f8   0x00000020   Zero   RW          151    .bss                boardutil.o
    0x20000118   0x00000000   Zero   RW          437    HEAP                startup_tm4c123.o
    0x20000118   0x00001000   Zero   RW          436    STACK               startup_tm4c123.o


==============================================================================

Image component sizes


      Code (inc. data)   RO Data    RW Data    ZI Data      Debug   Object Name

       464         40          0          0          0      28882   adc.o
       580         44          0         10         32      29316   boardutil.o
       560        170          0          0          0       2037   eeprom.o
         0          0       3101          0          0        672   fonts.o
       800         44          0          0          0      31253   gpio_port.o
       520         24          0          0          0       3477   i2c.o
       356         68          0          8          0       2742   interrupts.o
       824         22        392          0          0       2850   lcd.o
      2476        456          0         23        162      60521   main.o
       114          0          0          0          0       1835   pc_buffer.o
       392         26          0          0          0       1773   spi.o
       252         10        620          0       4096       5428   startup_tm4c123.o
       592        138          0          4          0       1513   system_tm4c123.o
       752         54          0          0          0       3543   timers.o
       384         36          0          0          0       1732   uart_irqs.o
      1832        202          0          8          0      12816   wireless.o

    ----------------------------------------------------------------------
     10900       1334       4145         56       4292     190390   Object Totals
         0          0         32          0          0          0   (incl. Generated)
         2          0          0          3          2          0   (incl. Padding)

    ----------------------------------------------------------------------

      Code (inc. data)   RO Data    RW Data    ZI Data      Debug   Library Member Name

        32          6          0          0          0         84   __0scanf.o
       808          6          0          0          0        112   _scanf.o
       218          0          0          0          0         96   _scanf_str.o
        40          6         64          0          0         68   ctype_c.o
         0          0          0          0          0          0   entry.o
         0          0          0          0          0          0   entry10a.o
         0          0          0          0          0          0   entry11a.o
         8          4          0          0          0          0   entry2.o
         4          0          0          0          0          0   entry5.o
         0          0          0          0          0          0   entry7b.o
         0          0          0          0          0          0   entry8b.o
         8          4          0          0          0          0   entry9a.o
         8          4          0          4          0         68   errno.o
        44          6          0          3          0        144   fgetc_b.o
        30          0          0          0          0          0   handlers.o
        36          8          0          0          0         68   init.o
        10          0          0          0          0         68   isspace_c.o
         0          0          0          0          0          0   iusesemig.o
        30          0          0          0          0         68   llshl.o
        32          0          0          0          0         68   llushr.o
       108         16          0          0          0         84   malloc.o
         0          0          0          8          0          0   mvars.o
      1146         54          0          0          0        352   printf8.o
        36         10          0          4          0        136   rand.o
        40          8          0          0          0         84   scanf_char.o
        20          8          0          0          0         68   scanf_char_file.o
         0          0          0          0          0          0   semi.o
         0          0          0          4          0          0   stdin.o
         0          0          0          4          0          0   stdout.o
        14          0          0          0          0         68   strlen.o
        98          0          0          0          0         92   uldiv.o

    ----------------------------------------------------------------------
      2780        140         67         28          0       1728   Library Totals
        10          0          3          1          0          0   (incl. Padding)

    ----------------------------------------------------------------------

      Code (inc. data)   RO Data    RW Data    ZI Data      Debug   Library Name

      2770        140         64         27          0       1728   mc_w.l

    ----------------------------------------------------------------------
      2780        140         67         28          0       1728   Library Totals

    ----------------------------------------------------------------------

==============================================================================


      Code (inc. data)   RO Data    RW Data    ZI Data      Debug   

     13680       1474       4212         84       4292     189390   Grand Totals
     13680       1474       4212         84       4292     189390   ELF Image Totals
     13680       1474       4212         84          0          0   ROM Totals

==============================================================================

    Total RO  Size (Code + RO Data)                17892 (  17.47kB)
    Total RW  Size (RW Data + ZI Data)              4376 (   4.27kB)
    Total ROM Size (Code + RO Data + RW Data)      17976 (  17.55kB)

==============================================================================

