<html>
<body>
<pre>
<h1>µVision Build Log</h1>
<h2>Project:</h2>
I:\353\ECE_353\Project\ECE353-S16-HW3-Dist\ECE353-S16-HW3.uvprojx
Project File Date:  05/02/2016

<h2>Output:</h2>
Build target 'ECE353-S16-HW3'
compiling main.c...
linking...
Program Size: Code=22140 RO-data=7040 RW-data=176 ZI-data=4296  
".\obj\ece353_base_project.axf" - 0 Error(s), 0 Warning(s).

<h2>Software Packages used:</h2>

Package Vendor: ARM
                http://www.keil.com/pack/ARM.CMSIS.4.1.1.pack
                ARM::CMSIS:CORE:3.30.0
                CMSIS (Cortex Microcontroller Software Interface Standard)
   * Component: CORE Version: 3.30.0

Package Vendor: Keil
                http://www.keil.com/pack/Keil.TM4C_DFP.1.0.0.pack
                Keil::Device:Startup:1.0.0
                Texas Instruments Tiva C Series Device Support and Examples
   * Component: Startup Version: 1.0.0

<h2>Collection of Component include folders:</h2>
  I:\353\ECE_353\Project\ECE353-S16-HW3-Dist\RTE
  C:\AppV\mdk_510\ARM\PACK\ARM\CMSIS\4.1.1\CMSIS\Include
  C:\AppV\mdk_510\ARM\PACK\Keil\TM4C_DFP\1.0.0\Device\Include\TM4C123

<h2>Collection of Component Files used:</h2>

   * Component: ARM::CMSIS:CORE:3.30.0
      Source file:   CMSIS\UserCodeTemplates\ARM\ITM_Retarget.c

   * Component: Keil::Device:Startup:1.0.0
      Include file:  Device\Include\TM4C123\TM4C123.h
      Source file:   Device\Source\ARM\startup_TM4C123.s
      Source file:   Device\Source\system_TM4C123.c
Load "I:\\353\\ECE_353\\Project\\ECE353-S16-HW3-Dist\\obj\\ece353_base_project.axf" 
Connecting: Mode=JTAG, Speed=1000000Hz
Erase Done.
Programming Done.
Verify OK.
\\ECE353-S16-HW3-Dist\\obj\\ece353_base_project.axf" 
Connecting: Mode=JTAG, Speed=1000000Hz
Erase Done.
Programming Done.
Verify OK.
g Done.
Verify OK.
h2>Collection of Component include folders:</h2>
  I:\353\ECE_353\Project\ECE353-S16-HW3-Dist\RTE
  C:\AppV\mdk_510\ARM\PACK\ARM\CMSIS\4.1.1\CMSIS\Include
  C:\AppV\mdk_510\ARM\PACK\Keil\TM4C_DFP\1.0.0\Device\Include\TM4C123

<h2>Collection of Component Files used:</h2>

   * Component: ARM::CMSIS:CORE:3.30.0
      Source file:   CMSIS\UserCodeTemplates\ARM\ITM_Retarget.c

   * Component: Keil::Device:Startup:1.0.0
      Include file:  Device\Include\TM4C123\TM4C123.h
      Source file:   Device\Source\ARM\startup_TM4C123.s
      Source file:   Device\Source\system_TM4C123.c
Load "I:\\353\\ECE_353\\Project\\ECE353-S16-HW3-Dist\\obj\\ece353_base_project.axf" 
Connecting: Mode=JTAG, Speed=1000000Hz
Erase Done.
Programming Done.
Verify OK.
4C123.s
      Source file:   Device\Source\system_TM4C123.c
Load "I:\\353\\ECE_353\\Project\\ECE353-S16-HW3-Dist\\obj\\ece353_base_project.axf" 
Connecting: Mode=JTAG, Speed=1000000Hz
Erase Done.
Programming Done.
Verify OK.
