Product: MDK-ARM Lite 5.10
Component: ARM Compiler 5.04 update 1 (build 49)
Tool: armlink [5040049]

==============================================================================

Section Cross References

    main.o(.text) refers to main.o(.text) for DisableInterrupts
    main.o(.text) refers to gpio_port.o(.text) for hw3_gpio_init
    main.o(.text) refers to timers.o(.text) for hw3_timer0_init
    main.o(.text) refers to printf2.o(i.__0printf$2) for __2printf
    main.o(.text) refers to main.o(.data) for UP
    main.o(.text) refers to interrupts.o(.data) for ALERT_2_SEC
    interrupts.o(.text) refers to interrupts.o(.data) for ALERT_DEBOUNCE
    startup_tm4c123.o(RESET) refers to startup_tm4c123.o(STACK) for __initial_sp
    startup_tm4c123.o(RESET) refers to startup_tm4c123.o(.text) for Reset_Handler
    startup_tm4c123.o(RESET) refers to uart.o(.text) for UART0_Handler
    startup_tm4c123.o(RESET) refers to interrupts.o(.text) for TIMER0A_Handler
    startup_tm4c123.o(.text) refers to system_tm4c123.o(.text) for SystemInit
    startup_tm4c123.o(.text) refers to entry.o(.ARM.Collect$$$$00000000) for __main
    system_tm4c123.o(.text) refers to system_tm4c123.o(.data) for SystemCoreClock
    main.o(.text) refers to pc_buffer.o(.text) for pc_buffer_init
    main.o(.text) refers to uart.o(.text) for uart_init_115K
    main.o(.text) refers to main.o(.bss) for UART0_Rx_Buffer
    pc_buffer.o(.text) refers to malloc.o(i.malloc) for malloc
    uart.o(.text) refers to pc_buffer.o(.text) for pc_buffer_empty
    uart.o(.text) refers to main.o(.text) for DisableInterrupts
    uart.o(.text) refers to errno.o(i.__aeabi_errno_addr) for __aeabi_errno_addr
    uart.o(.text) refers to main.o(.bss) for UART0_Rx_Buffer
    uart.o(.text) refers to stdout.o(.data) for __stdout
    uart.o(.text) refers to stdin.o(.data) for __stdin
    entry.o(.ARM.Collect$$$$00000000) refers (Special) to entry10a.o(.ARM.Collect$$$$0000000D) for __rt_final_cpp
    entry.o(.ARM.Collect$$$$00000000) refers (Special) to entry11a.o(.ARM.Collect$$$$0000000F) for __rt_final_exit
    entry.o(.ARM.Collect$$$$00000000) refers (Special) to entry7b.o(.ARM.Collect$$$$00000008) for _main_clock
    entry.o(.ARM.Collect$$$$00000000) refers (Special) to entry8b.o(.ARM.Collect$$$$0000000A) for _main_cpp_init
    entry.o(.ARM.Collect$$$$00000000) refers (Special) to entry9a.o(.ARM.Collect$$$$0000000B) for _main_init
    entry.o(.ARM.Collect$$$$00000000) refers (Special) to entry5.o(.ARM.Collect$$$$00000004) for _main_scatterload
    entry.o(.ARM.Collect$$$$00000000) refers (Special) to entry2.o(.ARM.Collect$$$$00000001) for _main_stk
    printfb.o(i.__0fprintf$bare) refers to printfb.o(i._printf_core) for _printf_core
    printfb.o(i.__0fprintf$bare) refers to uart.o(.text) for fputc
    printfb.o(i.__0printf$bare) refers to printfb.o(i._printf_core) for _printf_core
    printfb.o(i.__0printf$bare) refers to uart.o(.text) for fputc
    printfb.o(i.__0printf$bare) refers to stdout.o(.data) for __stdout
    printfb.o(i.__0snprintf$bare) refers to printfb.o(i._printf_core) for _printf_core
    printfb.o(i.__0snprintf$bare) refers to printfb.o(i._snputc) for _snputc
    printfb.o(i.__0sprintf$bare) refers to printfb.o(i._printf_core) for _printf_core
    printfb.o(i.__0sprintf$bare) refers to printfb.o(i._sputc) for _sputc
    printfb.o(i.__0vfprintf$bare) refers to printfb.o(i._printf_core) for _printf_core
    printfb.o(i.__0vfprintf$bare) refers to uart.o(.text) for fputc
    printfb.o(i.__0vprintf$bare) refers to printfb.o(i._printf_core) for _printf_core
    printfb.o(i.__0vprintf$bare) refers to uart.o(.text) for fputc
    printfb.o(i.__0vprintf$bare) refers to stdout.o(.data) for __stdout
    printfb.o(i.__0vsnprintf$bare) refers to printfb.o(i._printf_core) for _printf_core
    printfb.o(i.__0vsnprintf$bare) refers to printfb.o(i._snputc) for _snputc
    printfb.o(i.__0vsprintf$bare) refers to printfb.o(i._printf_core) for _printf_core
    printfb.o(i.__0vsprintf$bare) refers to printfb.o(i._sputc) for _sputc
    printf0.o(i.__0fprintf$0) refers to printf0.o(i._printf_core) for _printf_core
    printf0.o(i.__0fprintf$0) refers to uart.o(.text) for fputc
    printf0.o(i.__0printf$0) refers to printf0.o(i._printf_core) for _printf_core
    printf0.o(i.__0printf$0) refers to uart.o(.text) for fputc
    printf0.o(i.__0printf$0) refers to stdout.o(.data) for __stdout
    printf0.o(i.__0snprintf$0) refers to printf0.o(i._printf_core) for _printf_core
    printf0.o(i.__0snprintf$0) refers to printf0.o(i._snputc) for _snputc
    printf0.o(i.__0sprintf$0) refers to printf0.o(i._printf_core) for _printf_core
    printf0.o(i.__0sprintf$0) refers to printf0.o(i._sputc) for _sputc
    printf0.o(i.__0vfprintf$0) refers to printf0.o(i._printf_core) for _printf_core
    printf0.o(i.__0vfprintf$0) refers to uart.o(.text) for fputc
    printf0.o(i.__0vprintf$0) refers to printf0.o(i._printf_core) for _printf_core
    printf0.o(i.__0vprintf$0) refers to uart.o(.text) for fputc
    printf0.o(i.__0vprintf$0) refers to stdout.o(.data) for __stdout
    printf0.o(i.__0vsnprintf$0) refers to printf0.o(i._printf_core) for _printf_core
    printf0.o(i.__0vsnprintf$0) refers to printf0.o(i._snputc) for _snputc
    printf0.o(i.__0vsprintf$0) refers to printf0.o(i._printf_core) for _printf_core
    printf0.o(i.__0vsprintf$0) refers to printf0.o(i._sputc) for _sputc
    printf1.o(i.__0fprintf$1) refers to printf1.o(i._printf_core) for _printf_core
    printf1.o(i.__0fprintf$1) refers to uart.o(.text) for fputc
    printf1.o(i.__0printf$1) refers to printf1.o(i._printf_core) for _printf_core
    printf1.o(i.__0printf$1) refers to uart.o(.text) for fputc
    printf1.o(i.__0printf$1) refers to stdout.o(.data) for __stdout
    printf1.o(i.__0snprintf$1) refers to printf1.o(i._printf_core) for _printf_core
    printf1.o(i.__0snprintf$1) refers to printf1.o(i._snputc) for _snputc
    printf1.o(i.__0sprintf$1) refers to printf1.o(i._printf_core) for _printf_core
    printf1.o(i.__0sprintf$1) refers to printf1.o(i._sputc) for _sputc
    printf1.o(i.__0vfprintf$1) refers to printf1.o(i._printf_core) for _printf_core
    printf1.o(i.__0vfprintf$1) refers to uart.o(.text) for fputc
    printf1.o(i.__0vprintf$1) refers to printf1.o(i._printf_core) for _printf_core
    printf1.o(i.__0vprintf$1) refers to uart.o(.text) for fputc
    printf1.o(i.__0vprintf$1) refers to stdout.o(.data) for __stdout
    printf1.o(i.__0vsnprintf$1) refers to printf1.o(i._printf_core) for _printf_core
    printf1.o(i.__0vsnprintf$1) refers to printf1.o(i._snputc) for _snputc
    printf1.o(i.__0vsprintf$1) refers to printf1.o(i._printf_core) for _printf_core
    printf1.o(i.__0vsprintf$1) refers to printf1.o(i._sputc) for _sputc
    printf1.o(i._printf_core) refers to uidiv.o(.text) for __aeabi_uidivmod
    printf2.o(i.__0fprintf$2) refers to printf2.o(i._printf_core) for _printf_core
    printf2.o(i.__0fprintf$2) refers to uart.o(.text) for fputc
    printf2.o(i.__0printf$2) refers to printf2.o(i._printf_core) for _printf_core
    printf2.o(i.__0printf$2) refers to uart.o(.text) for fputc
    printf2.o(i.__0printf$2) refers to stdout.o(.data) for __stdout
    printf2.o(i.__0snprintf$2) refers to printf2.o(i._printf_core) for _printf_core
    printf2.o(i.__0snprintf$2) refers to printf2.o(i._snputc) for _snputc
    printf2.o(i.__0sprintf$2) refers to printf2.o(i._printf_core) for _printf_core
    printf2.o(i.__0sprintf$2) refers to printf2.o(i._sputc) for _sputc
    printf2.o(i.__0vfprintf$2) refers to printf2.o(i._printf_core) for _printf_core
    printf2.o(i.__0vfprintf$2) refers to uart.o(.text) for fputc
    printf2.o(i.__0vprintf$2) refers to printf2.o(i._printf_core) for _printf_core
    printf2.o(i.__0vprintf$2) refers to uart.o(.text) for fputc
    printf2.o(i.__0vprintf$2) refers to stdout.o(.data) for __stdout
    printf2.o(i.__0vsnprintf$2) refers to printf2.o(i._printf_core) for _printf_core
    printf2.o(i.__0vsnprintf$2) refers to printf2.o(i._snputc) for _snputc
    printf2.o(i.__0vsprintf$2) refers to printf2.o(i._printf_core) for _printf_core
    printf2.o(i.__0vsprintf$2) refers to printf2.o(i._sputc) for _sputc
    printf3.o(i.__0fprintf$3) refers to printf3.o(i._printf_core) for _printf_core
    printf3.o(i.__0fprintf$3) refers to uart.o(.text) for fputc
    printf3.o(i.__0printf$3) refers to printf3.o(i._printf_core) for _printf_core
    printf3.o(i.__0printf$3) refers to uart.o(.text) for fputc
    printf3.o(i.__0printf$3) refers to stdout.o(.data) for __stdout
    printf3.o(i.__0snprintf$3) refers to printf3.o(i._printf_core) for _printf_core
    printf3.o(i.__0snprintf$3) refers to printf3.o(i._snputc) for _snputc
    printf3.o(i.__0sprintf$3) refers to printf3.o(i._printf_core) for _printf_core
    printf3.o(i.__0sprintf$3) refers to printf3.o(i._sputc) for _sputc
    printf3.o(i.__0vfprintf$3) refers to printf3.o(i._printf_core) for _printf_core
    printf3.o(i.__0vfprintf$3) refers to uart.o(.text) for fputc
    printf3.o(i.__0vprintf$3) refers to printf3.o(i._printf_core) for _printf_core
    printf3.o(i.__0vprintf$3) refers to uart.o(.text) for fputc
    printf3.o(i.__0vprintf$3) refers to stdout.o(.data) for __stdout
    printf3.o(i.__0vsnprintf$3) refers to printf3.o(i._printf_core) for _printf_core
    printf3.o(i.__0vsnprintf$3) refers to printf3.o(i._snputc) for _snputc
    printf3.o(i.__0vsprintf$3) refers to printf3.o(i._printf_core) for _printf_core
    printf3.o(i.__0vsprintf$3) refers to printf3.o(i._sputc) for _sputc
    printf3.o(i._printf_core) refers to uidiv.o(.text) for __aeabi_uidivmod
    printf4.o(i.__0fprintf$4) refers to printf4.o(i._printf_core) for _printf_core
    printf4.o(i.__0fprintf$4) refers to uart.o(.text) for fputc
    printf4.o(i.__0printf$4) refers to printf4.o(i._printf_core) for _printf_core
    printf4.o(i.__0printf$4) refers to uart.o(.text) for fputc
    printf4.o(i.__0printf$4) refers to stdout.o(.data) for __stdout
    printf4.o(i.__0snprintf$4) refers to printf4.o(i._printf_core) for _printf_core
    printf4.o(i.__0snprintf$4) refers to printf4.o(i._snputc) for _snputc
    printf4.o(i.__0sprintf$4) refers to printf4.o(i._printf_core) for _printf_core
    printf4.o(i.__0sprintf$4) refers to printf4.o(i._sputc) for _sputc
    printf4.o(i.__0vfprintf$4) refers to printf4.o(i._printf_core) for _printf_core
    printf4.o(i.__0vfprintf$4) refers to uart.o(.text) for fputc
    printf4.o(i.__0vprintf$4) refers to printf4.o(i._printf_core) for _printf_core
    printf4.o(i.__0vprintf$4) refers to uart.o(.text) for fputc
    printf4.o(i.__0vprintf$4) refers to stdout.o(.data) for __stdout
    printf4.o(i.__0vsnprintf$4) refers to printf4.o(i._printf_core) for _printf_core
    printf4.o(i.__0vsnprintf$4) refers to printf4.o(i._snputc) for _snputc
    printf4.o(i.__0vsprintf$4) refers to printf4.o(i._printf_core) for _printf_core
    printf4.o(i.__0vsprintf$4) refers to printf4.o(i._sputc) for _sputc
    printf4.o(i._printf_core) refers to uldiv.o(.text) for __aeabi_uldivmod
    printf5.o(i.__0fprintf$5) refers to printf5.o(i._printf_core) for _printf_core
    printf5.o(i.__0fprintf$5) refers to uart.o(.text) for fputc
    printf5.o(i.__0printf$5) refers to printf5.o(i._printf_core) for _printf_core
    printf5.o(i.__0printf$5) refers to uart.o(.text) for fputc
    printf5.o(i.__0printf$5) refers to stdout.o(.data) for __stdout
    printf5.o(i.__0snprintf$5) refers to printf5.o(i._printf_core) for _printf_core
    printf5.o(i.__0snprintf$5) refers to printf5.o(i._snputc) for _snputc
    printf5.o(i.__0sprintf$5) refers to printf5.o(i._printf_core) for _printf_core
    printf5.o(i.__0sprintf$5) refers to printf5.o(i._sputc) for _sputc
    printf5.o(i.__0vfprintf$5) refers to printf5.o(i._printf_core) for _printf_core
    printf5.o(i.__0vfprintf$5) refers to uart.o(.text) for fputc
    printf5.o(i.__0vprintf$5) refers to printf5.o(i._printf_core) for _printf_core
    printf5.o(i.__0vprintf$5) refers to uart.o(.text) for fputc
    printf5.o(i.__0vprintf$5) refers to stdout.o(.data) for __stdout
    printf5.o(i.__0vsnprintf$5) refers to printf5.o(i._printf_core) for _printf_core
    printf5.o(i.__0vsnprintf$5) refers to printf5.o(i._snputc) for _snputc
    printf5.o(i.__0vsprintf$5) refers to printf5.o(i._printf_core) for _printf_core
    printf5.o(i.__0vsprintf$5) refers to printf5.o(i._sputc) for _sputc
    printf5.o(i._printf_core) refers to uldiv.o(.text) for __aeabi_uldivmod
    printf6.o(i.__0fprintf$6) refers to printf6.o(i._printf_core) for _printf_core
    printf6.o(i.__0fprintf$6) refers to uart.o(.text) for fputc
    printf6.o(i.__0printf$6) refers to printf6.o(i._printf_core) for _printf_core
    printf6.o(i.__0printf$6) refers to uart.o(.text) for fputc
    printf6.o(i.__0printf$6) refers to stdout.o(.data) for __stdout
    printf6.o(i.__0snprintf$6) refers to printf6.o(i._printf_core) for _printf_core
    printf6.o(i.__0snprintf$6) refers to printf6.o(i._snputc) for _snputc
    printf6.o(i.__0sprintf$6) refers to printf6.o(i._printf_core) for _printf_core
    printf6.o(i.__0sprintf$6) refers to printf6.o(i._sputc) for _sputc
    printf6.o(i.__0vfprintf$6) refers to printf6.o(i._printf_core) for _printf_core
    printf6.o(i.__0vfprintf$6) refers to uart.o(.text) for fputc
    printf6.o(i.__0vprintf$6) refers to printf6.o(i._printf_core) for _printf_core
    printf6.o(i.__0vprintf$6) refers to uart.o(.text) for fputc
    printf6.o(i.__0vprintf$6) refers to stdout.o(.data) for __stdout
    printf6.o(i.__0vsnprintf$6) refers to printf6.o(i._printf_core) for _printf_core
    printf6.o(i.__0vsnprintf$6) refers to printf6.o(i._snputc) for _snputc
    printf6.o(i.__0vsprintf$6) refers to printf6.o(i._printf_core) for _printf_core
    printf6.o(i.__0vsprintf$6) refers to printf6.o(i._sputc) for _sputc
    printf6.o(i._printf_core) refers to printf6.o(i._printf_pre_padding) for _printf_pre_padding
    printf6.o(i._printf_core) refers to uidiv.o(.text) for __aeabi_uidivmod
    printf6.o(i._printf_core) refers to printf6.o(i._printf_post_padding) for _printf_post_padding
    printf7.o(i.__0fprintf$7) refers to printf7.o(i._printf_core) for _printf_core
    printf7.o(i.__0fprintf$7) refers to uart.o(.text) for fputc
    printf7.o(i.__0printf$7) refers to printf7.o(i._printf_core) for _printf_core
    printf7.o(i.__0printf$7) refers to uart.o(.text) for fputc
    printf7.o(i.__0printf$7) refers to stdout.o(.data) for __stdout
    printf7.o(i.__0snprintf$7) refers to printf7.o(i._printf_core) for _printf_core
    printf7.o(i.__0snprintf$7) refers to printf7.o(i._snputc) for _snputc
    printf7.o(i.__0sprintf$7) refers to printf7.o(i._printf_core) for _printf_core
    printf7.o(i.__0sprintf$7) refers to printf7.o(i._sputc) for _sputc
    printf7.o(i.__0vfprintf$7) refers to printf7.o(i._printf_core) for _printf_core
    printf7.o(i.__0vfprintf$7) refers to uart.o(.text) for fputc
    printf7.o(i.__0vprintf$7) refers to printf7.o(i._printf_core) for _printf_core
    printf7.o(i.__0vprintf$7) refers to uart.o(.text) for fputc
    printf7.o(i.__0vprintf$7) refers to stdout.o(.data) for __stdout
    printf7.o(i.__0vsnprintf$7) refers to printf7.o(i._printf_core) for _printf_core
    printf7.o(i.__0vsnprintf$7) refers to printf7.o(i._snputc) for _snputc
    printf7.o(i.__0vsprintf$7) refers to printf7.o(i._printf_core) for _printf_core
    printf7.o(i.__0vsprintf$7) refers to printf7.o(i._sputc) for _sputc
    printf7.o(i._printf_core) refers to printf7.o(i._printf_pre_padding) for _printf_pre_padding
    printf7.o(i._printf_core) refers to uldiv.o(.text) for __aeabi_uldivmod
    printf7.o(i._printf_core) refers to printf7.o(i._printf_post_padding) for _printf_post_padding
    printf8.o(i.__0fprintf$8) refers to printf8.o(i._printf_core) for _printf_core
    printf8.o(i.__0fprintf$8) refers to uart.o(.text) for fputc
    printf8.o(i.__0printf$8) refers to printf8.o(i._printf_core) for _printf_core
    printf8.o(i.__0printf$8) refers to uart.o(.text) for fputc
    printf8.o(i.__0printf$8) refers to stdout.o(.data) for __stdout
    printf8.o(i.__0snprintf$8) refers to printf8.o(i._printf_core) for _printf_core
    printf8.o(i.__0snprintf$8) refers to printf8.o(i._snputc) for _snputc
    printf8.o(i.__0sprintf$8) refers to printf8.o(i._printf_core) for _printf_core
    printf8.o(i.__0sprintf$8) refers to printf8.o(i._sputc) for _sputc
    printf8.o(i.__0vfprintf$8) refers to printf8.o(i._printf_core) for _printf_core
    printf8.o(i.__0vfprintf$8) refers to uart.o(.text) for fputc
    printf8.o(i.__0vprintf$8) refers to printf8.o(i._printf_core) for _printf_core
    printf8.o(i.__0vprintf$8) refers to uart.o(.text) for fputc
    printf8.o(i.__0vprintf$8) refers to stdout.o(.data) for __stdout
    printf8.o(i.__0vsnprintf$8) refers to printf8.o(i._printf_core) for _printf_core
    printf8.o(i.__0vsnprintf$8) refers to printf8.o(i._snputc) for _snputc
    printf8.o(i.__0vsprintf$8) refers to printf8.o(i._printf_core) for _printf_core
    printf8.o(i.__0vsprintf$8) refers to printf8.o(i._sputc) for _sputc
    printf8.o(i._printf_core) refers to printf8.o(i._printf_pre_padding) for _printf_pre_padding
    printf8.o(i._printf_core) refers to uldiv.o(.text) for __aeabi_uldivmod
    printf8.o(i._printf_core) refers to printf8.o(i._printf_post_padding) for _printf_post_padding
    printfa.o(i.__0fprintf) refers (Special) to iusefp.o(.text) for __I$use$fp
    printfa.o(i.__0fprintf) refers to printfa.o(i._printf_core) for _printf_core
    printfa.o(i.__0fprintf) refers to uart.o(.text) for fputc
    printfa.o(i.__0printf) refers (Special) to iusefp.o(.text) for __I$use$fp
    printfa.o(i.__0printf) refers to printfa.o(i._printf_core) for _printf_core
    printfa.o(i.__0printf) refers to uart.o(.text) for fputc
    printfa.o(i.__0printf) refers to stdout.o(.data) for __stdout
    printfa.o(i.__0snprintf) refers (Special) to iusefp.o(.text) for __I$use$fp
    printfa.o(i.__0snprintf) refers to printfa.o(i._printf_core) for _printf_core
    printfa.o(i.__0snprintf) refers to printfa.o(i._snputc) for _snputc
    printfa.o(i.__0sprintf) refers (Special) to iusefp.o(.text) for __I$use$fp
    printfa.o(i.__0sprintf) refers to printfa.o(i._printf_core) for _printf_core
    printfa.o(i.__0sprintf) refers to printfa.o(i._sputc) for _sputc
    printfa.o(i.__0vfprintf) refers (Special) to iusefp.o(.text) for __I$use$fp
    printfa.o(i.__0vfprintf) refers to printfa.o(i._printf_core) for _printf_core
    printfa.o(i.__0vfprintf) refers to uart.o(.text) for fputc
    printfa.o(i.__0vprintf) refers (Special) to iusefp.o(.text) for __I$use$fp
    printfa.o(i.__0vprintf) refers to printfa.o(i._printf_core) for _printf_core
    printfa.o(i.__0vprintf) refers to uart.o(.text) for fputc
    printfa.o(i.__0vprintf) refers to stdout.o(.data) for __stdout
    printfa.o(i.__0vsnprintf) refers (Special) to iusefp.o(.text) for __I$use$fp
    printfa.o(i.__0vsnprintf) refers to printfa.o(i._printf_core) for _printf_core
    printfa.o(i.__0vsnprintf) refers to printfa.o(i._snputc) for _snputc
    printfa.o(i.__0vsprintf) refers (Special) to iusefp.o(.text) for __I$use$fp
    printfa.o(i.__0vsprintf) refers to printfa.o(i._printf_core) for _printf_core
    printfa.o(i.__0vsprintf) refers to printfa.o(i._sputc) for _sputc
    printfa.o(i._fp_digits) refers (Special) to iusefp.o(.text) for __I$use$fp
    printfa.o(i._fp_digits) refers to dmul.o(.text) for __aeabi_dmul
    printfa.o(i._fp_digits) refers to ddiv.o(.text) for __aeabi_ddiv
    printfa.o(i._fp_digits) refers to cdrcmple.o(.text) for __aeabi_cdrcmple
    printfa.o(i._fp_digits) refers to dadd.o(.text) for __aeabi_dadd
    printfa.o(i._fp_digits) refers to dfixul.o(.text) for __aeabi_d2ulz
    printfa.o(i._fp_digits) refers to uldiv.o(.text) for __aeabi_uldivmod
    printfa.o(i._printf_core) refers (Special) to iusefp.o(.text) for __I$use$fp
    printfa.o(i._printf_core) refers to printfa.o(i._printf_pre_padding) for _printf_pre_padding
    printfa.o(i._printf_core) refers to uldiv.o(.text) for __aeabi_uldivmod
    printfa.o(i._printf_core) refers to printfa.o(i._printf_post_padding) for _printf_post_padding
    printfa.o(i._printf_core) refers to printfa.o(i._fp_digits) for _fp_digits
    printfa.o(i._printf_core) refers to uidiv.o(.text) for __aeabi_uidivmod
    printfa.o(i._printf_post_padding) refers (Special) to iusefp.o(.text) for __I$use$fp
    printfa.o(i._printf_pre_padding) refers (Special) to iusefp.o(.text) for __I$use$fp
    printfa.o(i._snputc) refers (Special) to iusefp.o(.text) for __I$use$fp
    printfa.o(i._sputc) refers (Special) to iusefp.o(.text) for __I$use$fp
    malloc.o(i.free) refers to mvars.o(.data) for __microlib_freelist
    malloc.o(i.malloc) refers to mvars.o(.data) for __microlib_freelist_initialised
    malloc.o(i.malloc) refers to mvars.o(.data) for __microlib_freelist
    malloc.o(i.malloc) refers to startup_tm4c123.o(HEAP) for __heap_base
    mallocr.o(i.__free$realloc) refers to mvars.o(.data) for __microlib_freelist
    mallocr.o(i.__malloc$realloc) refers to mallocr.o(i.internal_alloc) for internal_alloc
    mallocr.o(i.__malloc$realloc) refers to mvars.o(.data) for __microlib_freelist_initialised
    mallocr.o(i.__malloc$realloc) refers to startup_tm4c123.o(HEAP) for __heap_base
    mallocr.o(i.__malloc$realloc) refers to mvars.o(.data) for __microlib_freelist
    mallocr.o(i.internal_alloc) refers to memcpya.o(.text) for __aeabi_memcpy
    mallocr.o(i.internal_alloc) refers to mvars.o(.data) for __microlib_freelist
    mallocr.o(i.realloc) refers to mallocr.o(i.__free$realloc) for __free$realloc
    mallocr.o(i.realloc) refers to mallocr.o(i.internal_alloc) for internal_alloc
    mallocr.o(i.realloc) refers to mallocr.o(i.__malloc$realloc) for __malloc$realloc
    mallocr.o(i.realloc) refers to mvars.o(.data) for __microlib_freelist
    malloca.o(i.__aligned_malloc) refers to mvars.o(.data) for __microlib_freelist_initialised
    malloca.o(i.__aligned_malloc) refers to mvars.o(.data) for __microlib_freelist
    malloca.o(i.__aligned_malloc) refers to startup_tm4c123.o(HEAP) for __heap_base
    malloca.o(i.__free$memalign) refers to mvars.o(.data) for __microlib_freelist
    malloca.o(i.__malloc$memalign) refers to malloca.o(i.__aligned_malloc) for __aligned_malloc
    mallocra.o(i.__aligned_malloc$realloc) refers to mallocra.o(i.internal_alloc) for internal_alloc
    mallocra.o(i.__aligned_malloc$realloc) refers to mvars.o(.data) for __microlib_freelist_initialised
    mallocra.o(i.__aligned_malloc$realloc) refers to startup_tm4c123.o(HEAP) for __heap_base
    mallocra.o(i.__aligned_malloc$realloc) refers to mvars.o(.data) for __microlib_freelist
    mallocra.o(i.__free$realloc$memalign) refers to mvars.o(.data) for __microlib_freelist
    mallocra.o(i.__malloc$realloc$memalign) refers to mallocra.o(i.__aligned_malloc$realloc) for __aligned_malloc$realloc
    mallocra.o(i.__realloc$memalign) refers to mallocra.o(i.__free$realloc$memalign) for __free$realloc$memalign
    mallocra.o(i.__realloc$memalign) refers to mallocra.o(i.internal_alloc) for internal_alloc
    mallocra.o(i.__realloc$memalign) refers to mallocra.o(i.__malloc$realloc$memalign) for __malloc$realloc$memalign
    mallocra.o(i.__realloc$memalign) refers to mvars.o(.data) for __microlib_freelist
    mallocra.o(i.internal_alloc) refers to memcpya.o(.text) for __aeabi_memcpy
    mallocra.o(i.internal_alloc) refers to mvars.o(.data) for __microlib_freelist
    errno.o(i.__aeabi_errno_addr) refers to errno.o(.data) for .data
    errno.o(i.__read_errno) refers to errno.o(.data) for .data
    errno.o(i.__set_errno) refers to errno.o(.data) for .data
    entry2.o(.ARM.Collect$$$$00000001) refers to entry2.o(.ARM.Collect$$$$00002712) for __lit__00000000
    entry2.o(.ARM.Collect$$$$00002712) refers to startup_tm4c123.o(STACK) for __initial_sp
    entry2.o(__vectab_stack_and_reset_area) refers to startup_tm4c123.o(STACK) for __initial_sp
    entry2.o(__vectab_stack_and_reset_area) refers to entry.o(.ARM.Collect$$$$00000000) for __main
    entry5.o(.ARM.Collect$$$$00000004) refers to init.o(.text) for __scatterload
    entry9a.o(.ARM.Collect$$$$0000000B) refers to main.o(.text) for main
    entry9b.o(.ARM.Collect$$$$0000000C) refers to main.o(.text) for main
    uldiv.o(.text) refers to llushr.o(.text) for __aeabi_llsr
    uldiv.o(.text) refers to llshl.o(.text) for __aeabi_llsl
    dadd.o(.text) refers to llshl.o(.text) for __aeabi_llsl
    dadd.o(.text) refers to llsshr.o(.text) for __aeabi_lasr
    dadd.o(.text) refers to depilogue.o(.text) for _double_epilogue
    dmul.o(.text) refers to depilogue.o(.text) for _double_epilogue
    ddiv.o(.text) refers to depilogue.o(.text) for _double_round
    dfixul.o(.text) refers to llushr.o(.text) for __aeabi_llsr
    dfixul.o(.text) refers to llshl.o(.text) for __aeabi_llsl
    init.o(.text) refers to entry5.o(.ARM.Collect$$$$00000004) for __main_after_scatterload
    depilogue.o(.text) refers to llshl.o(.text) for __aeabi_llsl
    depilogue.o(.text) refers to llushr.o(.text) for __aeabi_llsr


==============================================================================

Removing Unused input sections from the image.

    Removing main.o(.rev16_text), (4 bytes).
    Removing main.o(.revsh_text), (4 bytes).
    Removing interrupts.o(.rev16_text), (4 bytes).
    Removing interrupts.o(.revsh_text), (4 bytes).
    Removing adc.o(.rev16_text), (4 bytes).
    Removing adc.o(.revsh_text), (4 bytes).
    Removing adc.o(.text), (164 bytes).
    Removing gpio_port.o(.rev16_text), (4 bytes).
    Removing gpio_port.o(.revsh_text), (4 bytes).
    Removing timers.o(.rev16_text), (4 bytes).
    Removing timers.o(.revsh_text), (4 bytes).
    Removing system_tm4c123.o(.rev16_text), (4 bytes).
    Removing system_tm4c123.o(.revsh_text), (4 bytes).
    Removing main.o(.rev16_text), (4 bytes).
    Removing main.o(.revsh_text), (4 bytes).
    Removing main.o(.rrx_text), (6 bytes).
    Removing uart.o(.rev16_text), (4 bytes).
    Removing uart.o(.revsh_text), (4 bytes).
    Removing uart.o(.rrx_text), (6 bytes).
    Removing dadd.o(.text), (334 bytes).
    Removing dmul.o(.text), (228 bytes).
    Removing ddiv.o(.text), (222 bytes).
    Removing dfixul.o(.text), (48 bytes).
    Removing cdrcmple.o(.text), (40 bytes).
    Removing depilogue.o(.text), (182 bytes).

25 unused section(s) (total 1294 bytes) removed from the image.

==============================================================================

Image Symbol Table

    Local Symbols

    Symbol Name                              Value     Ov Type        Size  Object(Section)

    RESET                                    0x00000000   Section      620  startup_tm4c123.o(RESET)
    ../clib/microlib/division.c              0x00000000   Number         0  uldiv.o ABSOLUTE
    ../clib/microlib/division.c              0x00000000   Number         0  uidiv.o ABSOLUTE
    ../clib/microlib/errno.c                 0x00000000   Number         0  errno.o ABSOLUTE
    ../clib/microlib/init/entry.s            0x00000000   Number         0  entry2.o ABSOLUTE
    ../clib/microlib/init/entry.s            0x00000000   Number         0  entry5.o ABSOLUTE
    ../clib/microlib/init/entry.s            0x00000000   Number         0  entry7a.o ABSOLUTE
    ../clib/microlib/init/entry.s            0x00000000   Number         0  entry7b.o ABSOLUTE
    ../clib/microlib/init/entry.s            0x00000000   Number         0  entry8a.o ABSOLUTE
    ../clib/microlib/init/entry.s            0x00000000   Number         0  entry8b.o ABSOLUTE
    ../clib/microlib/init/entry.s            0x00000000   Number         0  entry9a.o ABSOLUTE
    ../clib/microlib/init/entry.s            0x00000000   Number         0  entry9b.o ABSOLUTE
    ../clib/microlib/init/entry.s            0x00000000   Number         0  entry10a.o ABSOLUTE
    ../clib/microlib/init/entry.s            0x00000000   Number         0  entry10b.o ABSOLUTE
    ../clib/microlib/init/entry.s            0x00000000   Number         0  entry11a.o ABSOLUTE
    ../clib/microlib/init/entry.s            0x00000000   Number         0  entry11b.o ABSOLUTE
    ../clib/microlib/init/entry.s            0x00000000   Number         0  entry.o ABSOLUTE
    ../clib/microlib/longlong.c              0x00000000   Number         0  llsshr.o ABSOLUTE
    ../clib/microlib/longlong.c              0x00000000   Number         0  llushr.o ABSOLUTE
    ../clib/microlib/longlong.c              0x00000000   Number         0  llshl.o ABSOLUTE
    ../clib/microlib/malloc/malloc.c         0x00000000   Number         0  malloca.o ABSOLUTE
    ../clib/microlib/malloc/malloc.c         0x00000000   Number         0  mallocr.o ABSOLUTE
    ../clib/microlib/malloc/malloc.c         0x00000000   Number         0  malloc.o ABSOLUTE
    ../clib/microlib/malloc/malloc.c         0x00000000   Number         0  mallocra.o ABSOLUTE
    ../clib/microlib/malloc/mvars.c          0x00000000   Number         0  mvars.o ABSOLUTE
    ../clib/microlib/printf/printf.c         0x00000000   Number         0  printf4.o ABSOLUTE
    ../clib/microlib/printf/printf.c         0x00000000   Number         0  printf5.o ABSOLUTE
    ../clib/microlib/printf/printf.c         0x00000000   Number         0  printf6.o ABSOLUTE
    ../clib/microlib/printf/printf.c         0x00000000   Number         0  printf3.o ABSOLUTE
    ../clib/microlib/printf/printf.c         0x00000000   Number         0  printf7.o ABSOLUTE
    ../clib/microlib/printf/printf.c         0x00000000   Number         0  printf8.o ABSOLUTE
    ../clib/microlib/printf/printf.c         0x00000000   Number         0  printf2.o ABSOLUTE
    ../clib/microlib/printf/printf.c         0x00000000   Number         0  printf1.o ABSOLUTE
    ../clib/microlib/printf/printf.c         0x00000000   Number         0  printf0.o ABSOLUTE
    ../clib/microlib/printf/printf.c         0x00000000   Number         0  printfb.o ABSOLUTE
    ../clib/microlib/printf/printf.c         0x00000000   Number         0  printfa.o ABSOLUTE
    ../clib/microlib/printf/stubs.s          0x00000000   Number         0  stubs.o ABSOLUTE
    ../clib/microlib/stdio/streams.c         0x00000000   Number         0  stdout.o ABSOLUTE
    ../clib/microlib/stdio/streams.c         0x00000000   Number         0  stdin.o ABSOLUTE
    ../clib/microlib/string/memcpy.c         0x00000000   Number         0  memcpyb.o ABSOLUTE
    ../clib/microlib/string/memcpy.c         0x00000000   Number         0  memcpya.o ABSOLUTE
    ../clib/microlib/stubs.s                 0x00000000   Number         0  iusefp.o ABSOLUTE
    ../fplib/microlib/fpadd.c                0x00000000   Number         0  dadd.o ABSOLUTE
    ../fplib/microlib/fpdiv.c                0x00000000   Number         0  ddiv.o ABSOLUTE
    ../fplib/microlib/fpepilogue.c           0x00000000   Number         0  depilogue.o ABSOLUTE
    ../fplib/microlib/fpfix.c                0x00000000   Number         0  dfixul.o ABSOLUTE
    ../fplib/microlib/fpmul.c                0x00000000   Number         0  dmul.o ABSOLUTE
    ..\\drivers\\adc.c                       0x00000000   Number         0  adc.o ABSOLUTE
    ..\\drivers\\gpio_port.c                 0x00000000   Number         0  gpio_port.o ABSOLUTE
    ..\\drivers\\timers.c                    0x00000000   Number         0  timers.o ABSOLUTE
    ..\\staff_drivers\\uart.c                0x00000000   Number         0  uart.o ABSOLUTE
    ..\drivers\adc.c                         0x00000000   Number         0  adc.o ABSOLUTE
    ..\drivers\gpio_port.c                   0x00000000   Number         0  gpio_port.o ABSOLUTE
    ..\drivers\timers.c                      0x00000000   Number         0  timers.o ABSOLUTE
    ..\staff_drivers\pc_buffer.c             0x00000000   Number         0  pc_buffer.o ABSOLUTE
    ..\staff_drivers\uart.c                  0x00000000   Number         0  uart.o ABSOLUTE
    RTE\Device\TM4C123GH6PM\startup_TM4C123.s 0x00000000   Number         0  startup_tm4c123.o ABSOLUTE
    RTE\Device\TM4C123GH6PM\system_TM4C123.c 0x00000000   Number         0  system_tm4c123.o ABSOLUTE
    RTE\\Device\\TM4C123GH6PM\\system_TM4C123.c 0x00000000   Number         0  system_tm4c123.o ABSOLUTE
    cdrcmple.s                               0x00000000   Number         0  cdrcmple.o ABSOLUTE
    dc.s                                     0x00000000   Number         0  dc.o ABSOLUTE
    handlers.s                               0x00000000   Number         0  handlers.o ABSOLUTE
    init.s                                   0x00000000   Number         0  init.o ABSOLUTE
    interrupts.c                             0x00000000   Number         0  interrupts.o ABSOLUTE
    interrupts.c                             0x00000000   Number         0  interrupts.o ABSOLUTE
    main.c                                   0x00000000   Number         0  main.o ABSOLUTE
    main.c                                   0x00000000   Number         0  main.o ABSOLUTE
    main.c                                   0x00000000   Number         0  main.o ABSOLUTE
    main.c                                   0x00000000   Number         0  main.o ABSOLUTE
    .ARM.Collect$$$$00000000                 0x0000026c   Section        0  entry.o(.ARM.Collect$$$$00000000)
    .ARM.Collect$$$$00000001                 0x0000026c   Section        4  entry2.o(.ARM.Collect$$$$00000001)
    .ARM.Collect$$$$00000004                 0x00000270   Section        4  entry5.o(.ARM.Collect$$$$00000004)
    .ARM.Collect$$$$00000008                 0x00000274   Section        0  entry7b.o(.ARM.Collect$$$$00000008)
    .ARM.Collect$$$$0000000A                 0x00000274   Section        0  entry8b.o(.ARM.Collect$$$$0000000A)
    .ARM.Collect$$$$0000000B                 0x00000274   Section        8  entry9a.o(.ARM.Collect$$$$0000000B)
    .ARM.Collect$$$$0000000D                 0x0000027c   Section        0  entry10a.o(.ARM.Collect$$$$0000000D)
    .ARM.Collect$$$$0000000F                 0x0000027c   Section        0  entry11a.o(.ARM.Collect$$$$0000000F)
    .ARM.Collect$$$$00002712                 0x0000027c   Section        4  entry2.o(.ARM.Collect$$$$00002712)
    __lit__00000000                          0x0000027c   Data           4  entry2.o(.ARM.Collect$$$$00002712)
    .text                                    0x00000280   Section        0  main.o(.text)
    .text                                    0x000004d8   Section        0  interrupts.o(.text)
    .text                                    0x00000514   Section        0  gpio_port.o(.text)
    verifyBaseAddr                           0x00000515   Thumb Code    64  gpio_port.o(.text)
    .text                                    0x00000774   Section        0  timers.o(.text)
    NVIC_SetPriority                         0x00000775   Thumb Code    32  timers.o(.text)
    verify_base_addr                         0x00000795   Thumb Code    64  timers.o(.text)
    get_clock_masks                          0x000007d5   Thumb Code   106  timers.o(.text)
    NVIC_EnableIRQ                           0x00000985   Thumb Code    22  timers.o(.text)
    .text                                    0x000009c0   Section      252  startup_tm4c123.o(.text)
    $v0                                      0x000009c0   Number         0  startup_tm4c123.o(.text)
    .text                                    0x00000abc   Section        0  system_tm4c123.o(.text)
    getOscClk                                0x00000abd   Thumb Code   182  system_tm4c123.o(.text)
    .text                                    0x00000d0c   Section        0  main.o(.text)
    .text                                    0x00000d98   Section        0  pc_buffer.o(.text)
    .text                                    0x00000e10   Section        0  uart.o(.text)
    .text                                    0x000011e4   Section       36  init.o(.text)
    i.__0printf$2                            0x00001208   Section        0  printf2.o(i.__0printf$2)
    i.__aeabi_errno_addr                     0x00001228   Section        0  errno.o(i.__aeabi_errno_addr)
    i.__scatterload_copy                     0x00001230   Section       14  handlers.o(i.__scatterload_copy)
    i.__scatterload_null                     0x0000123e   Section        2  handlers.o(i.__scatterload_null)
    i.__scatterload_zeroinit                 0x00001240   Section       14  handlers.o(i.__scatterload_zeroinit)
    i._printf_core                           0x0000124e   Section        0  printf2.o(i._printf_core)
    _printf_core                             0x0000124f   Thumb Code   214  printf2.o(i._printf_core)
    i.malloc                                 0x00001324   Section        0  malloc.o(i.malloc)
    .data                                    0x20000000   Section       49  main.o(.data)
    .data                                    0x20000031   Section        2  interrupts.o(.data)
    .data                                    0x20000034   Section        4  system_tm4c123.o(.data)
    .data                                    0x20000038   Section        4  stdin.o(.data)
    .data                                    0x2000003c   Section        4  stdout.o(.data)
    .data                                    0x20000040   Section        4  errno.o(.data)
    _errno                                   0x20000040   Data           4  errno.o(.data)
    .data                                    0x20000044   Section        4  mvars.o(.data)
    .data                                    0x20000048   Section        4  mvars.o(.data)
    .bss                                     0x2000004c   Section       32  main.o(.bss)
    HEAP                                     0x20000070   Section        0  startup_tm4c123.o(HEAP)
    STACK                                    0x20000070   Section     4096  startup_tm4c123.o(STACK)

    Global Symbols

    Symbol Name                              Value     Ov Type        Size  Object(Section)

    BuildAttributes$$THM_ISAv4$E$P$D$K$B$S$7EM$VFPi3$EXTD16$VFPS$VFMA$PE$A:L22UL41UL21$X:L11$S22US41US21$IEEE1$IW$USESV6$~STKCKD$USESV7$~SHL$OSPACE$ROPI$EBA8$MICROLIB$REQ8$PRES8$EABIv2 0x00000000   Number         0  anon$$obj.o ABSOLUTE
    __ARM_use_no_argv                        0x00000000   Number         0  main.o ABSOLUTE
    __Vectors                                0x00000000   Data           4  startup_tm4c123.o(RESET)
    _printf_a                                0x00000000   Number         0  stubs.o ABSOLUTE
    _printf_c                                0x00000000   Number         0  stubs.o ABSOLUTE
    _printf_charcount                        0x00000000   Number         0  stubs.o ABSOLUTE
    _printf_d                                0x00000000   Number         0  stubs.o ABSOLUTE
    _printf_e                                0x00000000   Number         0  stubs.o ABSOLUTE
    _printf_f                                0x00000000   Number         0  stubs.o ABSOLUTE
    _printf_flags                            0x00000000   Number         0  stubs.o ABSOLUTE
    _printf_fp_dec                           0x00000000   Number         0  stubs.o ABSOLUTE
    _printf_fp_hex                           0x00000000   Number         0  stubs.o ABSOLUTE
    _printf_g                                0x00000000   Number         0  stubs.o ABSOLUTE
    _printf_i                                0x00000000   Number         0  stubs.o ABSOLUTE
    _printf_int_dec                          0x00000000   Number         0  stubs.o ABSOLUTE
    _printf_l                                0x00000000   Number         0  stubs.o ABSOLUTE
    _printf_lc                               0x00000000   Number         0  stubs.o ABSOLUTE
    _printf_ll                               0x00000000   Number         0  stubs.o ABSOLUTE
    _printf_lld                              0x00000000   Number         0  stubs.o ABSOLUTE
    _printf_lli                              0x00000000   Number         0  stubs.o ABSOLUTE
    _printf_llo                              0x00000000   Number         0  stubs.o ABSOLUTE
    _printf_llu                              0x00000000   Number         0  stubs.o ABSOLUTE
    _printf_llx                              0x00000000   Number         0  stubs.o ABSOLUTE
    _printf_longlong_dec                     0x00000000   Number         0  stubs.o ABSOLUTE
    _printf_longlong_hex                     0x00000000   Number         0  stubs.o ABSOLUTE
    _printf_longlong_oct                     0x00000000   Number         0  stubs.o ABSOLUTE
    _printf_ls                               0x00000000   Number         0  stubs.o ABSOLUTE
    _printf_mbtowc                           0x00000000   Number         0  stubs.o ABSOLUTE
    _printf_n                                0x00000000   Number         0  stubs.o ABSOLUTE
    _printf_o                                0x00000000   Number         0  stubs.o ABSOLUTE
    _printf_p                                0x00000000   Number         0  stubs.o ABSOLUTE
    _printf_percent                          0x00000000   Number         0  stubs.o ABSOLUTE
    _printf_pre_padding                      0x00000000   Number         0  stubs.o ABSOLUTE
    _printf_return_value                     0x00000000   Number         0  stubs.o ABSOLUTE
    _printf_s                                0x00000000   Number         0  stubs.o ABSOLUTE
    _printf_sizespec                         0x00000000   Number         0  stubs.o ABSOLUTE
    _printf_str                              0x00000000   Number         0  stubs.o ABSOLUTE
    _printf_truncate_signed                  0x00000000   Number         0  stubs.o ABSOLUTE
    _printf_truncate_unsigned                0x00000000   Number         0  stubs.o ABSOLUTE
    _printf_u                                0x00000000   Number         0  stubs.o ABSOLUTE
    _printf_wc                               0x00000000   Number         0  stubs.o ABSOLUTE
    _printf_wctomb                           0x00000000   Number         0  stubs.o ABSOLUTE
    _printf_widthprec                        0x00000000   Number         0  stubs.o ABSOLUTE
    _printf_x                                0x00000000   Number         0  stubs.o ABSOLUTE
    __cpp_initialize__aeabi_                  - Undefined Weak Reference
    __cxa_finalize                            - Undefined Weak Reference
    __decompress                              - Undefined Weak Reference
    _clock_init                               - Undefined Weak Reference
    _microlib_exit                            - Undefined Weak Reference
    __Vectors_End                            0x0000026c   Data           0  startup_tm4c123.o(RESET)
    __Vectors_Size                           0x0000026c   Number         0  startup_tm4c123.o ABSOLUTE
    __main                                   0x0000026d   Thumb Code     0  entry.o(.ARM.Collect$$$$00000000)
    _main_stk                                0x0000026d   Thumb Code     0  entry2.o(.ARM.Collect$$$$00000001)
    _main_scatterload                        0x00000271   Thumb Code     0  entry5.o(.ARM.Collect$$$$00000004)
    __main_after_scatterload                 0x00000275   Thumb Code     0  entry5.o(.ARM.Collect$$$$00000004)
    _main_clock                              0x00000275   Thumb Code     0  entry7b.o(.ARM.Collect$$$$00000008)
    _main_cpp_init                           0x00000275   Thumb Code     0  entry8b.o(.ARM.Collect$$$$0000000A)
    _main_init                               0x00000275   Thumb Code     0  entry9a.o(.ARM.Collect$$$$0000000B)
    __rt_final_cpp                           0x0000027d   Thumb Code     0  entry10a.o(.ARM.Collect$$$$0000000D)
    __rt_final_exit                          0x0000027d   Thumb Code     0  entry11a.o(.ARM.Collect$$$$0000000F)
    up_button_pressed                        0x00000281   Thumb Code    72  main.o(.text)
    left_button_pressed                      0x000002c9   Thumb Code    72  main.o(.text)
    right_button_pressed                     0x00000311   Thumb Code    72  main.o(.text)
    initialize_board                         0x00000359   Thumb Code    28  main.o(.text)
    main                                     0x00000375   Thumb Code   136  main.o(.text)
    TIMER0A_Handler                          0x000004d9   Thumb Code    18  interrupts.o(.text)
    TIMER1A_Handler                          0x000004eb   Thumb Code    18  interrupts.o(.text)
    TIMER0B_Handler                          0x000004fd   Thumb Code     2  interrupts.o(.text)
    TIMER1B_Handler                          0x000004ff   Thumb Code     2  interrupts.o(.text)
    WTIMER0A_Handler                         0x00000501   Thumb Code     2  interrupts.o(.text)
    WTIMER1B_Handler                         0x00000503   Thumb Code     2  interrupts.o(.text)
    gpio_enable_port                         0x00000555   Thumb Code   156  gpio_port.o(.text)
    gpio_config_digital_enable               0x000005f1   Thumb Code    34  gpio_port.o(.text)
    gpio_config_enable_output                0x00000613   Thumb Code    34  gpio_port.o(.text)
    gpio_config_enable_input                 0x00000635   Thumb Code    42  gpio_port.o(.text)
    gpio_config_enable_pullup                0x0000065f   Thumb Code    34  gpio_port.o(.text)
    gpio_config_enable_pulldown              0x00000681   Thumb Code    34  gpio_port.o(.text)
    gpio_config_analog_enable                0x000006a3   Thumb Code    34  gpio_port.o(.text)
    gpio_config_alternate_function           0x000006c5   Thumb Code    34  gpio_port.o(.text)
    gpio_config_port_control                 0x000006e7   Thumb Code    40  gpio_port.o(.text)
    hw3_gpio_init                            0x0000070f   Thumb Code    64  gpio_port.o(.text)
    gp_timer_wait                            0x0000083f   Thumb Code    66  timers.o(.text)
    gp_timer_config_32                       0x00000881   Thumb Code   138  timers.o(.text)
    hw3_timer_enable                         0x0000090b   Thumb Code    42  timers.o(.text)
    hw3_timer0_init                          0x00000935   Thumb Code    42  timers.o(.text)
    hw3_timer1_init                          0x0000095f   Thumb Code    38  timers.o(.text)
    Reset_Handler                            0x000009c1   Thumb Code     8  startup_tm4c123.o(.text)
    NMI_Handler                              0x000009c9   Thumb Code     2  startup_tm4c123.o(.text)
    HardFault_Handler                        0x000009cb   Thumb Code     2  startup_tm4c123.o(.text)
    MemManage_Handler                        0x000009cd   Thumb Code     2  startup_tm4c123.o(.text)
    BusFault_Handler                         0x000009cf   Thumb Code     2  startup_tm4c123.o(.text)
    UsageFault_Handler                       0x000009d1   Thumb Code     2  startup_tm4c123.o(.text)
    SVC_Handler                              0x000009d3   Thumb Code     2  startup_tm4c123.o(.text)
    DebugMon_Handler                         0x000009d5   Thumb Code     2  startup_tm4c123.o(.text)
    PendSV_Handler                           0x000009d7   Thumb Code     2  startup_tm4c123.o(.text)
    SysTick_Handler                          0x000009d9   Thumb Code     2  startup_tm4c123.o(.text)
    GPIOA_Handler                            0x000009db   Thumb Code     2  startup_tm4c123.o(.text)
    GPIOB_Handler                            0x000009dd   Thumb Code     2  startup_tm4c123.o(.text)
    GPIOC_Handler                            0x000009df   Thumb Code     2  startup_tm4c123.o(.text)
    GPIOD_Handler                            0x000009e1   Thumb Code     2  startup_tm4c123.o(.text)
    GPIOE_Handler                            0x000009e3   Thumb Code     2  startup_tm4c123.o(.text)
    UART1_Handler                            0x000009e7   Thumb Code     2  startup_tm4c123.o(.text)
    SSI0_Handler                             0x000009e9   Thumb Code     2  startup_tm4c123.o(.text)
    I2C0_Handler                             0x000009eb   Thumb Code     2  startup_tm4c123.o(.text)
    PMW0_FAULT_Handler                       0x000009ed   Thumb Code     2  startup_tm4c123.o(.text)
    PWM0_0_Handler                           0x000009ef   Thumb Code     2  startup_tm4c123.o(.text)
    PWM0_1_Handler                           0x000009f1   Thumb Code     2  startup_tm4c123.o(.text)
    PWM0_2_Handler                           0x000009f3   Thumb Code     2  startup_tm4c123.o(.text)
    QEI0_Handler                             0x000009f5   Thumb Code     2  startup_tm4c123.o(.text)
    ADC0SS0_Handler                          0x000009f7   Thumb Code     2  startup_tm4c123.o(.text)
    ADC0SS1_Handler                          0x000009f9   Thumb Code     2  startup_tm4c123.o(.text)
    ADC0SS2_Handler                          0x000009fb   Thumb Code     2  startup_tm4c123.o(.text)
    ADC0SS3_Handler                          0x000009fd   Thumb Code     2  startup_tm4c123.o(.text)
    WDT0_Handler                             0x000009ff   Thumb Code     2  startup_tm4c123.o(.text)
    TIMER2A_Handler                          0x00000a09   Thumb Code     2  startup_tm4c123.o(.text)
    TIMER2B_Handler                          0x00000a0b   Thumb Code     2  startup_tm4c123.o(.text)
    COMP0_Handler                            0x00000a0d   Thumb Code     2  startup_tm4c123.o(.text)
    COMP1_Handler                            0x00000a0f   Thumb Code     2  startup_tm4c123.o(.text)
    COMP2_Handler                            0x00000a11   Thumb Code     2  startup_tm4c123.o(.text)
    SYSCTL_Handler                           0x00000a13   Thumb Code     2  startup_tm4c123.o(.text)
    FLASH_Handler                            0x00000a15   Thumb Code     2  startup_tm4c123.o(.text)
    GPIOF_Handler                            0x00000a17   Thumb Code     2  startup_tm4c123.o(.text)
    GPIOG_Handler                            0x00000a19   Thumb Code     2  startup_tm4c123.o(.text)
    GPIOH_Handler                            0x00000a1b   Thumb Code     2  startup_tm4c123.o(.text)
    UART2_Handler                            0x00000a1d   Thumb Code     2  startup_tm4c123.o(.text)
    SSI1_Handler                             0x00000a1f   Thumb Code     2  startup_tm4c123.o(.text)
    TIMER3A_Handler                          0x00000a21   Thumb Code     2  startup_tm4c123.o(.text)
    TIMER3B_Handler                          0x00000a23   Thumb Code     2  startup_tm4c123.o(.text)
    I2C1_Handler                             0x00000a25   Thumb Code     2  startup_tm4c123.o(.text)
    QEI1_Handler                             0x00000a27   Thumb Code     2  startup_tm4c123.o(.text)
    CAN0_Handler                             0x00000a29   Thumb Code     2  startup_tm4c123.o(.text)
    CAN1_Handler                             0x00000a2b   Thumb Code     2  startup_tm4c123.o(.text)
    CAN2_Handler                             0x00000a2d   Thumb Code     2  startup_tm4c123.o(.text)
    HIB_Handler                              0x00000a2f   Thumb Code     2  startup_tm4c123.o(.text)
    USB0_Handler                             0x00000a31   Thumb Code     2  startup_tm4c123.o(.text)
    PWM0_3_Handler                           0x00000a33   Thumb Code     2  startup_tm4c123.o(.text)
    UDMA_Handler                             0x00000a35   Thumb Code     2  startup_tm4c123.o(.text)
    UDMAERR_Handler                          0x00000a37   Thumb Code     2  startup_tm4c123.o(.text)
    ADC1SS0_Handler                          0x00000a39   Thumb Code     2  startup_tm4c123.o(.text)
    ADC1SS1_Handler                          0x00000a3b   Thumb Code     2  startup_tm4c123.o(.text)
    ADC1SS2_Handler                          0x00000a3d   Thumb Code     2  startup_tm4c123.o(.text)
    ADC1SS3_Handler                          0x00000a3f   Thumb Code     2  startup_tm4c123.o(.text)
    GPIOJ_Handler                            0x00000a41   Thumb Code     2  startup_tm4c123.o(.text)
    GPIOK_Handler                            0x00000a43   Thumb Code     2  startup_tm4c123.o(.text)
    GPIOL_Handler                            0x00000a45   Thumb Code     2  startup_tm4c123.o(.text)
    SSI2_Handler                             0x00000a47   Thumb Code     2  startup_tm4c123.o(.text)
    SSI3_Handler                             0x00000a49   Thumb Code     2  startup_tm4c123.o(.text)
    UART3_Handler                            0x00000a4b   Thumb Code     2  startup_tm4c123.o(.text)
    UART4_Handler                            0x00000a4d   Thumb Code     2  startup_tm4c123.o(.text)
    UART5_Handler                            0x00000a4f   Thumb Code     2  startup_tm4c123.o(.text)
    UART6_Handler                            0x00000a51   Thumb Code     2  startup_tm4c123.o(.text)
    UART7_Handler                            0x00000a53   Thumb Code     2  startup_tm4c123.o(.text)
    I2C2_Handler                             0x00000a55   Thumb Code     2  startup_tm4c123.o(.text)
    I2C3_Handler                             0x00000a57   Thumb Code     2  startup_tm4c123.o(.text)
    TIMER4A_Handler                          0x00000a59   Thumb Code     2  startup_tm4c123.o(.text)
    TIMER4B_Handler                          0x00000a5b   Thumb Code     2  startup_tm4c123.o(.text)
    TIMER5A_Handler                          0x00000a5d   Thumb Code     2  startup_tm4c123.o(.text)
    TIMER5B_Handler                          0x00000a5f   Thumb Code     2  startup_tm4c123.o(.text)
    WTIMER0B_Handler                         0x00000a63   Thumb Code     2  startup_tm4c123.o(.text)
    WTIMER1A_Handler                         0x00000a65   Thumb Code     2  startup_tm4c123.o(.text)
    WTIMER2A_Handler                         0x00000a69   Thumb Code     2  startup_tm4c123.o(.text)
    WTIMER2B_Handler                         0x00000a6b   Thumb Code     2  startup_tm4c123.o(.text)
    WTIMER3A_Handler                         0x00000a6d   Thumb Code     2  startup_tm4c123.o(.text)
    WTIMER3B_Handler                         0x00000a6f   Thumb Code     2  startup_tm4c123.o(.text)
    WTIMER4A_Handler                         0x00000a71   Thumb Code     2  startup_tm4c123.o(.text)
    WTIMER4B_Handler                         0x00000a73   Thumb Code     2  startup_tm4c123.o(.text)
    WTIMER5A_Handler                         0x00000a75   Thumb Code     2  startup_tm4c123.o(.text)
    WTIMER5B_Handler                         0x00000a77   Thumb Code     2  startup_tm4c123.o(.text)
    FPU_Handler                              0x00000a79   Thumb Code     2  startup_tm4c123.o(.text)
    I2C4_Handler                             0x00000a7b   Thumb Code     2  startup_tm4c123.o(.text)
    I2C5_Handler                             0x00000a7d   Thumb Code     2  startup_tm4c123.o(.text)
    GPIOM_Handler                            0x00000a7f   Thumb Code     2  startup_tm4c123.o(.text)
    GPION_Handler                            0x00000a81   Thumb Code     2  startup_tm4c123.o(.text)
    QEI2_Handler                             0x00000a83   Thumb Code     2  startup_tm4c123.o(.text)
    GPIOP0_Handler                           0x00000a85   Thumb Code     2  startup_tm4c123.o(.text)
    GPIOP1_Handler                           0x00000a87   Thumb Code     2  startup_tm4c123.o(.text)
    GPIOP2_Handler                           0x00000a89   Thumb Code     2  startup_tm4c123.o(.text)
    GPIOP3_Handler                           0x00000a8b   Thumb Code     2  startup_tm4c123.o(.text)
    GPIOP4_Handler                           0x00000a8d   Thumb Code     2  startup_tm4c123.o(.text)
    GPIOP5_Handler                           0x00000a8f   Thumb Code     2  startup_tm4c123.o(.text)
    GPIOP6_Handler                           0x00000a91   Thumb Code     2  startup_tm4c123.o(.text)
    GPIOP7_Handler                           0x00000a93   Thumb Code     2  startup_tm4c123.o(.text)
    GPIOQ0_Handler                           0x00000a95   Thumb Code     2  startup_tm4c123.o(.text)
    GPIOQ1_Handler                           0x00000a97   Thumb Code     2  startup_tm4c123.o(.text)
    GPIOQ2_Handler                           0x00000a99   Thumb Code     2  startup_tm4c123.o(.text)
    GPIOQ3_Handler                           0x00000a9b   Thumb Code     2  startup_tm4c123.o(.text)
    GPIOQ4_Handler                           0x00000a9d   Thumb Code     2  startup_tm4c123.o(.text)
    GPIOQ5_Handler                           0x00000a9f   Thumb Code     2  startup_tm4c123.o(.text)
    GPIOQ6_Handler                           0x00000aa1   Thumb Code     2  startup_tm4c123.o(.text)
    GPIOQ7_Handler                           0x00000aa3   Thumb Code     2  startup_tm4c123.o(.text)
    GPIOR_Handler                            0x00000aa5   Thumb Code     2  startup_tm4c123.o(.text)
    GPIOS_Handler                            0x00000aa7   Thumb Code     2  startup_tm4c123.o(.text)
    PMW1_0_Handler                           0x00000aa9   Thumb Code     2  startup_tm4c123.o(.text)
    PWM1_1_Handler                           0x00000aab   Thumb Code     2  startup_tm4c123.o(.text)
    PWM1_2_Handler                           0x00000aad   Thumb Code     2  startup_tm4c123.o(.text)
    PWM1_3_Handler                           0x00000aaf   Thumb Code     2  startup_tm4c123.o(.text)
    PWM1_FAULT_Handler                       0x00000ab1   Thumb Code     2  startup_tm4c123.o(.text)
    SystemCoreClockUpdate                    0x00000b73   Thumb Code   184  system_tm4c123.o(.text)
    SystemInit                               0x00000c2b   Thumb Code   112  system_tm4c123.o(.text)
    DisableInterrupts                        0x00000d0d   Thumb Code     4  main.o(.text)
    EnableInterrupts                         0x00000d11   Thumb Code     4  main.o(.text)
    hw3_config                               0x00000d15   Thumb Code   106  main.o(.text)
    pc_buffer_init                           0x00000d99   Thumb Code    24  pc_buffer.o(.text)
    pc_buffer_add                            0x00000db1   Thumb Code    26  pc_buffer.o(.text)
    pc_buffer_remove                         0x00000dcb   Thumb Code    28  pc_buffer.o(.text)
    pc_buffer_empty                          0x00000de7   Thumb Code    18  pc_buffer.o(.text)
    pc_buffer_full                           0x00000df9   Thumb Code    22  pc_buffer.o(.text)
    verifyUartBase                           0x00000e11   Thumb Code    54  uart.o(.text)
    uart_get_rcgc_mask                       0x00000e47   Thumb Code    68  uart.o(.text)
    uart_get_pr_mask                         0x00000e8b   Thumb Code    68  uart.o(.text)
    uart_get_irq_num                         0x00000ecf   Thumb Code    68  uart.o(.text)
    uartTxPollChar                           0x00000f13   Thumb Code    38  uart.o(.text)
    uartTxPoll                               0x00000f39   Thumb Code    50  uart.o(.text)
    uartRxPoll                               0x00000f6b   Thumb Code    70  uart.o(.text)
    uartRx                                   0x00000fb1   Thumb Code    44  uart.o(.text)
    uartTx                                   0x00000fdd   Thumb Code    70  uart.o(.text)
    uart_init_115K                           0x00001023   Thumb Code   172  uart.o(.text)
    fputc                                    0x000010cf   Thumb Code    44  uart.o(.text)
    fgetc                                    0x000010fb   Thumb Code    48  uart.o(.text)
    UART0_Handler                            0x0000112b   Thumb Code   148  uart.o(.text)
    __scatterload                            0x000011e5   Thumb Code    28  init.o(.text)
    __scatterload_rt2                        0x000011e5   Thumb Code     0  init.o(.text)
    __0printf$2                              0x00001209   Thumb Code    22  printf2.o(i.__0printf$2)
    __1printf$2                              0x00001209   Thumb Code     0  printf2.o(i.__0printf$2)
    __2printf                                0x00001209   Thumb Code     0  printf2.o(i.__0printf$2)
    __aeabi_errno_addr                       0x00001229   Thumb Code     4  errno.o(i.__aeabi_errno_addr)
    __rt_errno_addr                          0x00001229   Thumb Code     0  errno.o(i.__aeabi_errno_addr)
    __scatterload_copy                       0x00001231   Thumb Code    14  handlers.o(i.__scatterload_copy)
    __scatterload_null                       0x0000123f   Thumb Code     2  handlers.o(i.__scatterload_null)
    __scatterload_zeroinit                   0x00001241   Thumb Code    14  handlers.o(i.__scatterload_zeroinit)
    malloc                                   0x00001325   Thumb Code    92  malloc.o(i.malloc)
    Region$$Table$$Base                      0x00001390   Number         0  anon$$obj.o(Region$$Table)
    Region$$Table$$Limit                     0x000013b0   Number         0  anon$$obj.o(Region$$Table)
    TEAM                                     0x20000000   Data           8  main.o(.data)
    PERSON1                                  0x20000008   Data          15  main.o(.data)
    PERSON2                                  0x20000017   Data          11  main.o(.data)
    UP                                       0x20000022   Data           5  main.o(.data)
    LEFT                                     0x20000027   Data           5  main.o(.data)
    RIGHT                                    0x2000002c   Data           5  main.o(.data)
    ALERT_DEBOUNCE                           0x20000031   Data           1  interrupts.o(.data)
    ALERT_2_SEC                              0x20000032   Data           1  interrupts.o(.data)
    SystemCoreClock                          0x20000034   Data           4  system_tm4c123.o(.data)
    __stdin                                  0x20000038   Data           4  stdin.o(.data)
    __stdout                                 0x2000003c   Data           4  stdout.o(.data)
    __microlib_freelist                      0x20000044   Data           4  mvars.o(.data)
    __microlib_freelist_initialised          0x20000048   Data           4  mvars.o(.data)
    UART0_Rx_Buffer                          0x2000004c   Data          16  main.o(.bss)
    UART0_Tx_Buffer                          0x2000005c   Data          16  main.o(.bss)
    __heap_base                              0x20000070   Data           0  startup_tm4c123.o(HEAP)
    __heap_limit                             0x20000070   Data           0  startup_tm4c123.o(HEAP)
    __initial_sp                             0x20001070   Data           0  startup_tm4c123.o(STACK)



==============================================================================

Memory Map of the image

  Image Entry point : 0x000009c1

  Load Region LR_1 (Base: 0x00000000, Size: 0x000013fc, Max: 0xffffffff, ABSOLUTE)

    Execution Region ER_RO (Base: 0x00000000, Size: 0x000013b0, Max: 0xffffffff, ABSOLUTE)

    Base Addr    Size         Type   Attr      Idx    E Section Name        Object

    0x00000000   0x0000026c   Data   RO          174    RESET               startup_tm4c123.o
    0x0000026c   0x00000000   Code   RO          336  * .ARM.Collect$$$$00000000  mc_w.l(entry.o)
    0x0000026c   0x00000004   Code   RO          637    .ARM.Collect$$$$00000001  mc_w.l(entry2.o)
    0x00000270   0x00000004   Code   RO          640    .ARM.Collect$$$$00000004  mc_w.l(entry5.o)
    0x00000274   0x00000000   Code   RO          642    .ARM.Collect$$$$00000008  mc_w.l(entry7b.o)
    0x00000274   0x00000000   Code   RO          644    .ARM.Collect$$$$0000000A  mc_w.l(entry8b.o)
    0x00000274   0x00000008   Code   RO          645    .ARM.Collect$$$$0000000B  mc_w.l(entry9a.o)
    0x0000027c   0x00000000   Code   RO          647    .ARM.Collect$$$$0000000D  mc_w.l(entry10a.o)
    0x0000027c   0x00000000   Code   RO          649    .ARM.Collect$$$$0000000F  mc_w.l(entry11a.o)
    0x0000027c   0x00000004   Code   RO          638    .ARM.Collect$$$$00002712  mc_w.l(entry2.o)
    0x00000280   0x00000258   Code   RO            3    .text               main.o
    0x000004d8   0x0000003c   Code   RO           84    .text               interrupts.o
    0x00000514   0x00000260   Code   RO          130    .text               gpio_port.o
    0x00000774   0x0000024c   Code   RO          150    .text               timers.o
    0x000009c0   0x000000fc   Code   RO          175  * .text               startup_tm4c123.o
    0x00000abc   0x00000250   Code   RO          181    .text               system_tm4c123.o
    0x00000d0c   0x0000008c   Code   RO          208    .text               ece353-S16-hw3.lib(main.o)
    0x00000d98   0x00000076   Code   RO          289    .text               ece353-S16-hw3.lib(pc_buffer.o)
    0x00000e0e   0x00000002   PAD
    0x00000e10   0x000003d4   Code   RO          307    .text               ece353-S16-hw3.lib(uart.o)
    0x000011e4   0x00000024   Code   RO          672    .text               mc_w.l(init.o)
    0x00001208   0x00000020   Code   RO          408    i.__0printf$2       mc_w.l(printf2.o)
    0x00001228   0x00000008   Code   RO          630    i.__aeabi_errno_addr  mc_w.l(errno.o)
    0x00001230   0x0000000e   Code   RO          684    i.__scatterload_copy  mc_w.l(handlers.o)
    0x0000123e   0x00000002   Code   RO          685    i.__scatterload_null  mc_w.l(handlers.o)
    0x00001240   0x0000000e   Code   RO          686    i.__scatterload_zeroinit  mc_w.l(handlers.o)
    0x0000124e   0x000000d6   Code   RO          415    i._printf_core      mc_w.l(printf2.o)
    0x00001324   0x0000006c   Code   RO          603    i.malloc            mc_w.l(malloc.o)
    0x00001390   0x00000020   Data   RO          682    Region$$Table       anon$$obj.o


    Execution Region ER_RW (Base: 0x20000000, Size: 0x0000004c, Max: 0xffffffff, ABSOLUTE)

    Base Addr    Size         Type   Attr      Idx    E Section Name        Object

    0x20000000   0x00000031   Data   RW            4    .data               main.o
    0x20000031   0x00000002   Data   RW           85    .data               interrupts.o
    0x20000033   0x00000001   PAD
    0x20000034   0x00000004   Data   RW          182    .data               system_tm4c123.o
    0x20000038   0x00000004   Data   RW          339    .data               mc_w.l(stdin.o)
    0x2000003c   0x00000004   Data   RW          340    .data               mc_w.l(stdout.o)
    0x20000040   0x00000004   Data   RW          633    .data               mc_w.l(errno.o)
    0x20000044   0x00000004   Data   RW          659    .data               mc_w.l(mvars.o)
    0x20000048   0x00000004   Data   RW          660    .data               mc_w.l(mvars.o)


    Execution Region ER_ZI (Base: 0x2000004c, Size: 0x00001024, Max: 0xffffffff, ABSOLUTE)

    Base Addr    Size         Type   Attr      Idx    E Section Name        Object

    0x2000004c   0x00000020   Zero   RW          209    .bss                ece353-S16-hw3.lib(main.o)
    0x2000006c   0x00000004   PAD
    0x20000070   0x00000000   Zero   RW          173    HEAP                startup_tm4c123.o
    0x20000070   0x00001000   Zero   RW          172    STACK               startup_tm4c123.o


==============================================================================

Image component sizes


      Code (inc. data)   RO Data    RW Data    ZI Data      Debug   Object Name

       608         38          0          0          0       4151   gpio_port.o
        60         16          0          2          0       1573   interrupts.o
       600        220          0         49          0      29388   main.o
       252         10        620          0       4096       5428   startup_tm4c123.o
       592        138          0          4          0       1513   system_tm4c123.o
       588         38          0          0          0      29391   timers.o

    ----------------------------------------------------------------------
      2700        460        652         56       4096      71444   Object Totals
         0          0         32          0          0          0   (incl. Generated)
         0          0          0          1          0          0   (incl. Padding)

    ----------------------------------------------------------------------

      Code (inc. data)   RO Data    RW Data    ZI Data      Debug   Library Member Name

       140         26          0          0         32      28170   main.o
       118          0          0          0          0       1751   pc_buffer.o
       980         70          0          0          0      31223   uart.o
         0          0          0          0          0          0   entry.o
         0          0          0          0          0          0   entry10a.o
         0          0          0          0          0          0   entry11a.o
         8          4          0          0          0          0   entry2.o
         4          0          0          0          0          0   entry5.o
         0          0          0          0          0          0   entry7b.o
         0          0          0          0          0          0   entry8b.o
         8          4          0          0          0          0   entry9a.o
         8          4          0          4          0         68   errno.o
        30          0          0          0          0          0   handlers.o
        36          8          0          0          0         68   init.o
       108         16          0          0          0         84   malloc.o
         0          0          0          8          0          0   mvars.o
       246         10          0          0          0        176   printf2.o
         0          0          0          4          0          0   stdin.o
         0          0          0          4          0          0   stdout.o

    ----------------------------------------------------------------------
      1688        142          0         20         36      61540   Library Totals
         2          0          0          0          4          0   (incl. Padding)

    ----------------------------------------------------------------------

      Code (inc. data)   RO Data    RW Data    ZI Data      Debug   Library Name

      1238         96          0          0         32      61144   ece353-S16-hw3.lib
       448         46          0         20          0        396   mc_w.l

    ----------------------------------------------------------------------
      1688        142          0         20         36      61540   Library Totals

    ----------------------------------------------------------------------

==============================================================================


      Code (inc. data)   RO Data    RW Data    ZI Data      Debug   

      4388        602        652         76       4132     132036   Grand Totals
      4388        602        652         76       4132     132036   ELF Image Totals
      4388        602        652         76          0          0   ROM Totals

==============================================================================

    Total RO  Size (Code + RO Data)                 5040 (   4.92kB)
    Total RW  Size (RW Data + ZI Data)              4208 (   4.11kB)
    Total ROM Size (Code + RO Data + RW Data)       5116 (   5.00kB)

==============================================================================

